 hapticsSimBlk_pd_sfun

 Timestamp is 51516f18 (Tue Mar 26 02:49:12 2013)

 Preferred load address is 10000000

 Start         Length     Name                   Class
 0001:00000000 00032ea4H .text                   CODE
 0002:00000000 00000244H .idata$5                DATA
 0002:00000244 00000004H .CRT$XCA                DATA
 0002:00000248 00000004H .CRT$XCZ                DATA
 0002:0000024c 00000004H .CRT$XIA                DATA
 0002:00000250 00000004H .CRT$XIAA               DATA
 0002:00000254 00000004H .CRT$XIC                DATA
 0002:00000258 00000004H .CRT$XIZ                DATA
 0002:00000260 000044f8H .rdata                  DATA
 0002:00004760 00000004H .rdata$sxdata           DATA
 0002:00004764 00000004H .rtc$IAA                DATA
 0002:00004768 00000004H .rtc$IZZ                DATA
 0002:0000476c 00000004H .rtc$TAA                DATA
 0002:00004770 00000004H .rtc$TZZ                DATA
 0002:00004778 00000064H .xdata$x                DATA
 0002:000047dc 000000a0H .idata$2                DATA
 0002:0000487c 00000014H .idata$3                DATA
 0002:00004890 00000244H .idata$4                DATA
 0002:00004ad4 00000a8eH .idata$6                DATA
 0002:00005570 0000005bH .edata                  DATA
 0003:00000000 00003970H .data                   DATA
 0003:00003980 00002388H .bss                    DATA

  Address         Publics by Value              Rva+Base       Lib:Object

 0000:00000000       __except_list              00000000     <absolute>
 0000:00000001       ___safe_se_handler_count   00000001     <absolute>
 0000:00009876       __ldused                   00009876     <absolute>
 0000:00009876       __fltused                  00009876     <absolute>
 0000:00000000       ___ImageBase               10000000     <linker-defined>
 0001:00000000       _sf_c2_hapticsSimBlk_pd_get_eml_resolved_functions_info 10001000 f   c2_hapticsSimBlk_pd.obj
 0001:00001a10       _sf_c2_hapticsSimBlk_pd_get_check_sum 10002a10 f   c2_hapticsSimBlk_pd.obj
 0001:00001a70       _sf_c2_hapticsSimBlk_pd_get_autoinheritance_info 10002a70 f   c2_hapticsSimBlk_pd.obj
 0001:000020b0       _sf_internal_get_sim_state_c2_hapticsSimBlk_pd 100030b0 f   c2_hapticsSimBlk_pd.obj
 0001:000025b0       _sf_internal_set_sim_state_c2_hapticsSimBlk_pd 100035b0 f   c2_hapticsSimBlk_pd.obj
 0001:00002bb0       _c2_hapticsSimBlk_pd_method_dispatcher 10003bb0 f   c2_hapticsSimBlk_pd.obj
 0001:0000b360       _sf_process_check_sum_call 1000c360 f   hapticsSimBlk_pd_sfun_registry.obj
 0001:0000b390       _sf_process_autoinheritance_call 1000c390 f   hapticsSimBlk_pd_sfun_registry.obj
 0001:0000b4d0       _sf_process_get_eml_resolved_functions_info_call 1000c4d0 f   hapticsSimBlk_pd_sfun_registry.obj
 0001:0000b5f0       _sf_mex_unlock_call        1000c5f0 f   hapticsSimBlk_pd_sfun_registry.obj
 0001:0000b680       _sf_machine_global_initializer_called 1000c680 f   hapticsSimBlk_pd_sfun_registry.obj
 0001:0000b6a0       _sf_machine_global_method_dispatcher 1000c6a0 f   hapticsSimBlk_pd_sfun_registry.obj
 0001:0000b6e0       _sf_machine_global_terminator 1000c6e0 f   hapticsSimBlk_pd_sfun_registry.obj
 0001:0000b710       _sf_register_machine_exported_symbols 1000c710 f   hapticsSimBlk_pd_sfun_registry.obj
 0001:0000b730       _callCustomFcn             1000c730 f   hapticsSimBlk_pd_sfun_registry.obj
 0001:0000b740       _sf_machine_global_initializer 1000c740 f   hapticsSimBlk_pd_sfun_registry.obj
 0001:0000b7a0       __ssSetStateAbsTol         1000c7a0 f   hapticsSimBlk_pd_sfun_registry.obj
 0001:0000b840       __ssGetAbsTol              1000c840 f   hapticsSimBlk_pd_sfun_registry.obj
 0001:0000b890       __ssSetInputPortMatrixDimensions 1000c890 f   hapticsSimBlk_pd_sfun_registry.obj
 0001:0000b940       __ssSetOutputPortMatrixDimensions 1000c940 f   hapticsSimBlk_pd_sfun_registry.obj
 0001:0000b9f0       __ssSetInputPortVectorDimension 1000c9f0 f   hapticsSimBlk_pd_sfun_registry.obj
 0001:0000ba70       __ssSetOutputPortVectorDimension 1000ca70 f   hapticsSimBlk_pd_sfun_registry.obj
 0001:0000baf0       _ssIsRunTimeParamTunable   1000caf0 f   hapticsSimBlk_pd_sfun_registry.obj
 0001:0000bb50       _ssGetSFuncBlockHandle     1000cb50 f   hapticsSimBlk_pd_sfun_registry.obj
 0001:0000bba0       __ssGetCurrentInputPortWidth 1000cba0 f   hapticsSimBlk_pd_sfun_registry.obj
 0001:0000bc70       __ssGetCurrentOutputPortWidth 1000cc70 f   hapticsSimBlk_pd_sfun_registry.obj
 0001:0000bd40       __ssGetCallSystemNumFcnCallDestinations 1000cd40 f   hapticsSimBlk_pd_sfun_registry.obj
 0001:0000bda0       _ssWarning                 1000cda0 f   hapticsSimBlk_pd_sfun_registry.obj
 0001:0000be80       _ssGetIsZeroCrossControlDisabled 1000ce80 f   hapticsSimBlk_pd_sfun_registry.obj
 0001:0000bee0       _ssSetIsInputPortUsedForContZcSignal 1000cee0 f   hapticsSimBlk_pd_sfun_registry.obj
 0001:0000bf30       _ssSetZcSignalIsZcElementDisc 1000cf30 f   hapticsSimBlk_pd_sfun_registry.obj
 0001:0000bfb0       _ssSetZcSignalName         1000cfb0 f   hapticsSimBlk_pd_sfun_registry.obj
 0001:0000c000       _ssSetZcSignalWidth        1000d000 f   hapticsSimBlk_pd_sfun_registry.obj
 0001:0000c050       _ssSetZcSignalZcEventType  1000d050 f   hapticsSimBlk_pd_sfun_registry.obj
 0001:0000c0a0       _ssSetZcSignalType         1000d0a0 f   hapticsSimBlk_pd_sfun_registry.obj
 0001:0000c0f0       _ssSetZcSignalZcTol        1000d0f0 f   hapticsSimBlk_pd_sfun_registry.obj
 0001:0000c140       _ssSetZcSignalNeedsEventNotification 1000d140 f   hapticsSimBlk_pd_sfun_registry.obj
 0001:0000c190       _ssCreateAndAddZcSignalInfo 1000d190 f   hapticsSimBlk_pd_sfun_registry.obj
 0001:0000c1f0       _ssCloneAndAddZcSignalInfo 1000d1f0 f   hapticsSimBlk_pd_sfun_registry.obj
 0001:0000c250       _ssGetNumZcSignals         1000d250 f   hapticsSimBlk_pd_sfun_registry.obj
 0001:0000c2b0       _ssGetZcSignalVector       1000d2b0 f   hapticsSimBlk_pd_sfun_registry.obj
 0001:0000c310       _ssGetZcSignalZcEvents     1000d310 f   hapticsSimBlk_pd_sfun_registry.obj
 0001:0000c370       _ssGetZcSignalName         1000d370 f   hapticsSimBlk_pd_sfun_registry.obj
 0001:0000c3d0       _ssGetZcSignalWidth        1000d3d0 f   hapticsSimBlk_pd_sfun_registry.obj
 0001:0000c430       _ssGetZcSignalZcEventType  1000d430 f   hapticsSimBlk_pd_sfun_registry.obj
 0001:0000c490       _ssGetZcSignalType         1000d490 f   hapticsSimBlk_pd_sfun_registry.obj
 0001:0000c4f0       _ssGetZcSignalZcTol        1000d4f0 f   hapticsSimBlk_pd_sfun_registry.obj
 0001:0000c550       _ssGetZcSignalNeedsEventNotification 1000d550 f   hapticsSimBlk_pd_sfun_registry.obj
 0001:0000c5b0       _ssGetZcSignalIsZcElementDisc 1000d5b0 f   hapticsSimBlk_pd_sfun_registry.obj
 0001:0000c630       _ssGetIsInputPortElementContinuous 1000d630 f   hapticsSimBlk_pd_sfun_registry.obj
 0001:0000c6b0       __ssGetInputPortSignalPtrsFcn 1000d6b0 f   hapticsSimBlk_pd_sfun_registry.obj
 0001:0000c8b0       __ssGetInputPortSignalFcn  1000d8b0 f   hapticsSimBlk_pd_sfun_registry.obj
 0001:0000ca40       __ssSetInputPortDirectFeedThroughFcn 1000da40 f   hapticsSimBlk_pd_sfun_registry.obj
 0001:0000cb70       __ssSetInputPortReusableFcn 1000db70 f   hapticsSimBlk_pd_sfun_registry.obj
 0001:0000cc00       __ssSetOutputPortReusableFcn 1000dc00 f   hapticsSimBlk_pd_sfun_registry.obj
 0001:0000cc90       _ssGetDTypeIdFromMxArray   1000dc90 f   hapticsSimBlk_pd_sfun_registry.obj
 0001:0000cd80       _ssWriteRTWStr             1000dd80 f   hapticsSimBlk_pd_sfun_registry.obj
 0001:0000cdc0       _ssWriteRTWMxVectParam     1000ddc0 f   hapticsSimBlk_pd_sfun_registry.obj
 0001:0000ce00       _ssWriteRTWMx2dMatParam    1000de00 f   hapticsSimBlk_pd_sfun_registry.obj
 0001:0000ce40       _ssWriteRTWNameValuePair   1000de40 f   hapticsSimBlk_pd_sfun_registry.obj
 0001:0000d1b0       _ssWriteRTWParameters      1000e1b0 f   hapticsSimBlk_pd_sfun_registry.obj
 0001:0000d550       _ssWriteRTWParamSettings   1000e550 f   hapticsSimBlk_pd_sfun_registry.obj
 0001:0000da00       _ssWriteRTWWorkVect        1000ea00 f   hapticsSimBlk_pd_sfun_registry.obj
 0001:0000dd90       _mexFunction               1000ed90 f   hapticsSimBlk_pd_sfun_registry.obj
 0001:0000f460       _ProcessMexSfunctionEveryCall 10010460 f   hapticsSimBlk_pd_sfun_registry.obj
 0001:0000f570       _hapticsSimBlk_pd_initializer 10010570 f   hapticsSimBlk_pd_sfun.obj
 0001:0000f580       _hapticsSimBlk_pd_terminator 10010580 f   hapticsSimBlk_pd_sfun.obj
 0001:0000f590       _sf_hapticsSimBlk_pd_method_dispatcher 10010590 f   hapticsSimBlk_pd_sfun.obj
 0001:0000f5c0       _sf_hapticsSimBlk_pd_process_check_sum_call 100105c0 f   hapticsSimBlk_pd_sfun.obj
 0001:0000f970       _sf_hapticsSimBlk_pd_autoinheritance_info 10010970 f   hapticsSimBlk_pd_sfun.obj
 0001:0000fa90       _sf_hapticsSimBlk_pd_get_eml_resolved_functions_info 10010a90 f   hapticsSimBlk_pd_sfun.obj
 0001:0000fb80       _hapticsSimBlk_pd_debug_initialize 10010b80 f   hapticsSimBlk_pd_sfun.obj
 0001:0000fbd0       _hapticsSimBlk_pd_register_exported_symbols 10010bd0 f   hapticsSimBlk_pd_sfun.obj
 0001:0000fbe0       _load_hapticsSimBlk_pd_optimization_info 10010be0 f   hapticsSimBlk_pd_sfun.obj
 0001:0000fc20       _unload_hapticsSimBlk_pd_optimization_info 10010c20 f   hapticsSimBlk_pd_sfun.obj
 0001:0000fcb0       _sf_mex_mx_is_numeric      10010cb0 f   sfc_mexmsvc80:sfc_mex.obj
 0001:0000fcf0       _strcmp_ignore_ws          10010cf0 f   sfc_mexmsvc80:sfc_mex.obj
 0001:0000fe10       _sf_mex_duplicatearraysafe 10010e10 f   sfc_mexmsvc80:sfc_mex.obj
 0001:0000fff0       _sf_set_error_debugger_context_message_fcn 10010ff0 f   sfc_mexmsvc80:sfc_mex.obj
 0001:00010000       _sf_set_debugger_matlab_error_fcn 10011000 f   sfc_mexmsvc80:sfc_mex.obj
 0001:00010020       _sf_set_error_prefix_string 10011020 f   sfc_mexmsvc80:sfc_mex.obj
 0001:00010050       _sf_get_error_prefix_string 10011050 f   sfc_mexmsvc80:sfc_mex.obj
 0001:00010060       _sf_mex_enter_parallel_region 10011060 f   sfc_mexmsvc80:sfc_mex.obj
 0001:00010070       _sf_mex_exit_parallel_region 10011070 f   sfc_mexmsvc80:sfc_mex.obj
 0001:00010080       _sf_get_current_jmp_buf_ptr 10011080 f   sfc_mexmsvc80:sfc_mex.obj
 0001:00010090       _sf_set_current_jmp_buf_ptr 10011090 f   sfc_mexmsvc80:sfc_mex.obj
 0001:000100a0       _sf_mex_set_halt_simulation 100110a0 f   sfc_mexmsvc80:sfc_mex.obj
 0001:000100b0       _sf_mex_get_halt_simulation 100110b0 f   sfc_mexmsvc80:sfc_mex.obj
 0001:000100c0       _sf_mex_clear_error_message 100110c0 f   sfc_mexmsvc80:sfc_mex.obj
 0001:000100e0       _sf_mex_get_error_message_for_read 100110e0 f   sfc_mexmsvc80:sfc_mex.obj
 0001:000100f0       _sf_mex_get_error_message_buffer_length 100110f0 f   sfc_mexmsvc80:sfc_mex.obj
 0001:000101c0       _sf_mex_warning_message    100111c0 f   sfc_mexmsvc80:sfc_mex.obj
 0001:00010210       _sf_mex_v_errbuf_createf   10011210 f   sfc_mexmsvc80:sfc_mex.obj
 0001:00010230       _sf_mex_errbuf_createf     10011230 f   sfc_mexmsvc80:sfc_mex.obj
 0001:00010250       _sf_mex_v_errbuf_catf      10011250 f   sfc_mexmsvc80:sfc_mex.obj
 0001:00010290       _sf_mex_errbuf_catf        10011290 f   sfc_mexmsvc80:sfc_mex.obj
 0001:000102d0       _sf_mex_errbuf_copy        100112d0 f   sfc_mexmsvc80:sfc_mex.obj
 0001:000102f0       _sf_mex_errbuf_clear       100112f0 f   sfc_mexmsvc80:sfc_mex.obj
 0001:00010300       _sf_mex_errbuf_isempty     10011300 f   sfc_mexmsvc80:sfc_mex.obj
 0001:00010390       _sf_mex_set_error_status   10011390 f   sfc_mexmsvc80:sfc_mex.obj
 0001:000103c0       _sf_mex_error_direct_call  100113c0 f   sfc_mexmsvc80:sfc_mex.obj
 0001:000103e0       _sf_mex_error_message_no_long_jump 100113e0 f   sfc_mexmsvc80:sfc_mex.obj
 0001:00010410       _sf_mex_long_jump_on_error 10011410 f   sfc_mexmsvc80:sfc_mex.obj
 0001:00010440       _sf_mex_call_matlab        10011440 f   sfc_mexmsvc80:sfc_mex.obj
 0001:00010510       _sf_mex_check_builtin      10011510 f   sfc_mexmsvc80:sfc_mex.obj
 0001:00010540       _sf_mex_check_builtin_vs   10011540 f   sfc_mexmsvc80:sfc_mex.obj
 0001:00010580       _sf_mex_check_enum         10011580 f   sfc_mexmsvc80:sfc_mex.obj
 0001:000105b0       _sf_mex_create_enum        100115b0 f   sfc_mexmsvc80:sfc_mex.obj
 0001:000105d0       _sf_mex_get_enum_element   100115d0 f   sfc_mexmsvc80:sfc_mex.obj
 0001:000105e0       _sf_mex_createcellarray    100115e0 f   sfc_mexmsvc80:sfc_mex.obj
 0001:00010600       _sf_mex_setcell            10011600 f   sfc_mexmsvc80:sfc_mex.obj
 0001:00010610       _sf_mex_getcell            10011610 f   sfc_mexmsvc80:sfc_mex.obj
 0001:00010620       _sf_mex_dup                10011620 f   sfc_mexmsvc80:sfc_mex.obj
 0001:00010650       _sf_mex_assign             10011650 f   sfc_mexmsvc80:sfc_mex.obj
 0001:000106a0       _sf_mex_destroy            100116a0 f   sfc_mexmsvc80:sfc_mex.obj
 0001:000106c0       _mx_array_has_fi_type      100116c0 f   sfc_mexmsvc80:sfc_mex.obj
 0001:000106f0       _sf_mex_convert_from_fi    100116f0 f   sfc_mexmsvc80:sfc_mex.obj
 0001:00010770       _sf_mex_convert_to_double  10011770 f   sfc_mexmsvc80:sfc_mex.obj
 0001:000107b0       _sf_mex_import_fi_vs       100117b0 f   sfc_mexmsvc80:sfc_mex.obj
 0001:00010910       _sf_matrix_matrix_index_ok 10011910 f   sfc_mexmsvc80:sfc_mex.obj
 0001:00010980       _sf_vector_vector_index_ok 10011980 f   sfc_mexmsvc80:sfc_mex.obj
 0001:000109b0       _ssGetCurrentInputPortDimensions_wrapper 100119b0 f   sfc_mexmsvc80:sfc_mex.obj
 0001:000109d0       _ssGetCurrentOutputPortDimensions_wrapper 100119d0 f   sfc_mexmsvc80:sfc_mex.obj
 0001:000109f0       _sf_mex_emlrt_context_is_debug_mode 100119f0 f   sfc_mexmsvc80:sfc_mex.obj
 0001:00010a00       _sf_mex_emlrt_context_set_debug_mode 10011a00 f   sfc_mexmsvc80:sfc_mex.obj
 0001:00010a50       _sf_clear_error_manager_info 10011a50 f   sfc_mexmsvc80:sfc_mex.obj
 0001:00010aa0       _sf_mex_stop_simulation_abruptly_wo_error 10011aa0 f   sfc_mexmsvc80:sfc_mex.obj
 0001:00010ad0       _sf_mex_error_message      10011ad0 f   sfc_mexmsvc80:sfc_mex.obj
 0001:00010b20       _sf_react_to_error_in_matlab_call 10011b20 f   sfc_mexmsvc80:sfc_mex.obj
 0001:00010b40       _sf_mex_addfield           10011b40 f   sfc_mexmsvc80:sfc_mex.obj
 0001:00010bb0       _sf_mex_getfield           10011bb0 f   sfc_mexmsvc80:sfc_mex.obj
 0001:00010e30       _sf_mex_check_class        10011e30 f   sfc_mexmsvc80:sfc_mex.obj
 0001:00010ea0       _sf_mex_is_real            10011ea0 f   sfc_mexmsvc80:sfc_mex.obj
 0001:000110b0       _sf_mex_decode_encoded_mx_struct_array 100120b0 f   sfc_mexmsvc80:sfc_mex.obj
 0001:00011250       _sf_mex_lw_bounds_check    10012250 f   sfc_mexmsvc80:sfc_mex.obj
 0001:00011280       _sf_mex_lw_size_eq_check_1d 10012280 f   sfc_mexmsvc80:sfc_mex.obj
 0001:000112a0       _sf_mex_lw_size_eq_check_nd 100122a0 f   sfc_mexmsvc80:sfc_mex.obj
 0001:00011380       _sf_mex_lw_dim_size_eq_check 10012380 f   sfc_mexmsvc80:sfc_mex.obj
 0001:000113b0       _sf_mex_lw_dim_size_geq_check 100123b0 f   sfc_mexmsvc80:sfc_mex.obj
 0001:000113e0       _sf_mex_lw_sub_assign_size_check_nd 100123e0 f   sfc_mexmsvc80:sfc_mex.obj
 0001:00011510       _sf_mex_lw_runtime_error_msgid 10012510 f   sfc_mexmsvc80:sfc_mex.obj
 0001:000115c0       _sf_mex_lw_matrix_matrix_index_check 100125c0 f   sfc_mexmsvc80:sfc_mex.obj
 0001:000115f0       _sf_mex_lw_vector_vector_index_check 100125f0 f   sfc_mexmsvc80:sfc_mex.obj
 0001:00011630       _sf_mex_lw_for_loop_vector_check 10012630 f   sfc_mexmsvc80:sfc_mex.obj
 0001:00011690       _sf_mex_lw_non_negative_check 10012690 f   sfc_mexmsvc80:sfc_mex.obj
 0001:000116c0       _sf_mex_overflow_error     100126c0 f   sfc_mexmsvc80:sfc_mex.obj
 0001:000116d0       _sf_mex_dividebyzero_error 100126d0 f   sfc_mexmsvc80:sfc_mex.obj
 0001:000116e0       _sf_mex_unsafe_enum_error  100126e0 f   sfc_mexmsvc80:sfc_mex.obj
 0001:000116f0       _sf_emlrtErrHandler        100126f0 f   sfc_mexmsvc80:sfc_mex.obj
 0001:000117b0       _sf_mex_printf             100127b0 f   sfc_mexmsvc80:sfc_mex.obj
 0001:00011890       _sf_mex_check_size         10012890 f   sfc_mexmsvc80:sfc_mex.obj
 0001:00011b10       _sf_mex_check_struct       10012b10 f   sfc_mexmsvc80:sfc_mex.obj
 0001:00011d60       _sf_mex_check_struct_vs    10012d60 f   sfc_mexmsvc80:sfc_mex.obj
 0001:00011da0       _sf_mex_check_fi           10012da0 f   sfc_mexmsvc80:sfc_mex.obj
 0001:00011e70       _sf_mex_check_fi_vs        10012e70 f   sfc_mexmsvc80:sfc_mex.obj
 0001:00011ec0       _sf_echo_expression        10012ec0 f   sfc_mexmsvc80:sfc_mex.obj
 0001:00011f10       _sf_assertion_failed       10012f10 f   sfc_mexmsvc80:sfc_mex.obj
 0001:000121a0       _sf_mex_evalin             100131a0 f   sfc_mexmsvc80:sfc_mex.obj
 0001:00012400       _sf_mex_export             10013400 f   sfc_mexmsvc80:sfc_mex.obj
 0001:000124b0       _sf_mex_get_ml_var_no_error 100134b0 f   sfc_mexmsvc80:sfc_mex.obj
 0001:00012610       _sf_mex_get_ml_var         10013610 f   sfc_mexmsvc80:sfc_mex.obj
 0001:00012ae0       _ml_set_element_value_in_array 10013ae0 f   sfc_mexmsvc80:sfc_mex.obj
 0001:00013c10       _sf_mex_call_impl          10014c10 f   sfc_mexmsvc80:sfc_mex.obj
 0001:00013fa0       _sf_mex_call_debug         10014fa0 f   sfc_mexmsvc80:sfc_mex.obj
 0001:00013fc0       _sf_mex_call               10014fc0 f   sfc_mexmsvc80:sfc_mex.obj
 0001:000146d0       _sf_mex_createstruct       100156d0 f   sfc_mexmsvc80:sfc_mex.obj
 0001:00014770       _sf_mex_createstructarray  10015770 f   sfc_mexmsvc80:sfc_mex.obj
 0001:000147d0       _sf_mex_get_mx_datatype_from_sf_datatype 100157d0 f   sfc_mexmsvc80:sfc_mex.obj
 0001:00014a50       _sf_mex_ml_var_sub         10015a50 f   sfc_mexmsvc80:sfc_mex.obj
 0001:00014bc0       _sf_mex_ml_var_subsasgn    10015bc0 f   sfc_mexmsvc80:sfc_mex.obj
 0001:00014ed0       _sf_mex_sub                10015ed0 f   sfc_mexmsvc80:sfc_mex.obj
 0001:00015070       _sf_mex_subsasgn           10016070 f   sfc_mexmsvc80:sfc_mex.obj
 0001:00015450       _sf_mex_create             10016450 f   sfc_mexmsvc80:sfc_mex.obj
 0001:00015d40       _sf_mex_import_named       10016d40 f   sfc_mexmsvc80:sfc_mex.obj
 0001:00015d90       _sf_mex_import             10016d90 f   sfc_mexmsvc80:sfc_mex.obj
 0001:00015dd0       _sf_mex_import_vs          10016dd0 f   sfc_mexmsvc80:sfc_mex.obj
 0001:00015e60       _sf_mex_lower_fixpt_mx_array 10016e60 f   sfc_mexmsvc80:sfc_mex.obj
 0001:00016020       _sf_send_message_wrapper   10017020 f   sfc_mexmsvc80:sfc_sf.obj
 0001:00016050       _sf_receive_message_wrapper 10017050 f   sfc_mexmsvc80:sfc_sf.obj
 0001:00016090       _sf_check_out_message_wrapper 10017090 f   sfc_mexmsvc80:sfc_sf.obj
 0001:000160d0       _sf_check_in_message_wrapper 100170d0 f   sfc_mexmsvc80:sfc_sf.obj
 0001:00016110       _sf_no_message_wrapper     10017110 f   sfc_mexmsvc80:sfc_sf.obj
 0001:00016350       _sim_mode_is_rtw_gen       10017350 f   sfc_mexmsvc80:sfc_sf.obj
 0001:00016390       _sim_mode_is_external      10017390 f   sfc_mexmsvc80:sfc_sf.obj
 0001:000163b0       _sim_mode_is_modelref_sim  100173b0 f   sfc_mexmsvc80:sfc_sf.obj
 0001:000163e0       _mdlInitializeSizes        100173e0 f   sfc_mexmsvc80:sfc_sf.obj
 0001:00016400       _mdlInitializeSampleTimes  10017400 f   sfc_mexmsvc80:sfc_sf.obj
 0001:00016440       _mdlZeroCrossings          10017440 f   sfc_mexmsvc80:sfc_sf.obj
 0001:000164f0       _mdlDerivatives            100174f0 f   sfc_mexmsvc80:sfc_sf.obj
 0001:00016590       _mdl_initialize_conditions_processing 10017590 f   sfc_mexmsvc80:sfc_sf.obj
 0001:000165c0       _mdlInitializeConditions   100175c0 f   sfc_mexmsvc80:sfc_sf.obj
 0001:00016660       _mdlGetSimState            10017660 f   sfc_mexmsvc80:sfc_sf.obj
 0001:00016680       _mdlSetSimState            10017680 f   sfc_mexmsvc80:sfc_sf.obj
 0001:000166a0       _mdl_ext_mode_exec_processing 100176a0 f   sfc_mexmsvc80:sfc_sf.obj
 0001:000166c0       _mdlExtModeExec            100176c0 f   sfc_mexmsvc80:sfc_sf.obj
 0001:00016850       _mdlTerminate              10017850 f   sfc_mexmsvc80:sfc_sf.obj
 0001:000168b0       _mdlRTW                    100178b0 f   sfc_mexmsvc80:sfc_sf.obj
 0001:000168e0       _mdlSetWorkWidths          100178e0 f   sfc_mexmsvc80:sfc_sf.obj
 0001:00016900       _mdlProcessParameters      10017900 f   sfc_mexmsvc80:sfc_sf.obj
 0001:00016920       _mdl_start_processing      10017920 f   sfc_mexmsvc80:sfc_sf.obj
 0001:00016960       _mdlStart                  10017960 f   sfc_mexmsvc80:sfc_sf.obj
 0001:00016a30       _mdlEnable                 10017a30 f   sfc_mexmsvc80:sfc_sf.obj
 0001:00016ae0       _mdlDisable                10017ae0 f   sfc_mexmsvc80:sfc_sf.obj
 0001:00016b70       _sf_get_chart_instance_ptr 10017b70 f   sfc_mexmsvc80:sfc_sf.obj
 0001:00016b90       _sf_load_rtw_optimization_info 10017b90 f   sfc_mexmsvc80:sfc_sf.obj
 0001:00016c30       _sf_rtw_info_uint_prop     10017c30 f   sfc_mexmsvc80:sfc_sf.obj
 0001:00016d50       _sf_is_chart_inlinable     10017d50 f   sfc_mexmsvc80:sfc_sf.obj
 0001:00016d70       _sf_mark_output_events_with_multiple_callers 10017d70 f   sfc_mexmsvc80:sfc_sf.obj
 0001:00016ed0       _sf_mark_chart_reusable_outputs 10017ed0 f   sfc_mexmsvc80:sfc_sf.obj
 0001:00017030       _sf_mark_chart_expressionable_inputs 10018030 f   sfc_mexmsvc80:sfc_sf.obj
 0001:00017180       _sf_get_subchart_simstruct 10018180 f   sfc_mexmsvc80:sfc_sf.obj
 0001:000171c0       _sf_get_fixpt_data_type_id 100181c0 f   sfc_mexmsvc80:sfc_sf.obj
 0001:00017200       _sf_get_enum_data_type_id  10018200 f   sfc_mexmsvc80:sfc_sf.obj
 0001:00017240       _sf_get_param_data_type_id 10018240 f   sfc_mexmsvc80:sfc_sf.obj
 0001:00017270       _sf_mex_listen_for_ctrl_c_force 10018270 f   sfc_mexmsvc80:sfc_sf.obj
 0001:00017370       _sf_mex_draw_now           10018370 f   sfc_mexmsvc80:sfc_sf.obj
 0001:000173b0       _sf_mex_set_debugger_sim_status_listener_fcn 100183b0 f   sfc_mexmsvc80:sfc_sf.obj
 0001:000173c0       _sf_mex_listen_for_ctrl_c  100183c0 f   sfc_mexmsvc80:sfc_sf.obj
 0001:00017450       _sf_mex_get_sfun_param     10018450 f   sfc_mexmsvc80:sfc_sf.obj
 0001:000174a0       _sf_get_runtime_param_data 100184a0 f   sfc_mexmsvc80:sfc_sf.obj
 0001:000174e0       _sf_call_output_fcn_call   100184e0 f   sfc_mexmsvc80:sfc_sf.obj
 0001:00017600       _sf_call_output_fcn_enable 10018600 f   sfc_mexmsvc80:sfc_sf.obj
 0001:00017680       _sf_call_output_fcn_disable 10018680 f   sfc_mexmsvc80:sfc_sf.obj
 0001:00017700       _sf_clear_rtw_identifier   10018700 f   sfc_mexmsvc80:sfc_sf.obj
 0001:00017f30       _sf_set_encoded_dwork_info 10018f30 f   sfc_mexmsvc80:sfc_sf.obj
 0001:00017f70       _sf_get_dwork_info_from_mat_file 10018f70 f   sfc_mexmsvc80:sfc_sf.obj
 0001:000180c0       _sf_set_rtw_dwork_info     100190c0 f   sfc_mexmsvc80:sfc_sf.obj
 0001:000181e0       _mdlOutputs                100191e0 f   sfc_mexmsvc80:sfc_sf.obj
 0001:000182f0       _sf_debug_disp             100192f0 f   sfc_debugmsvc80:sfcdebug.obj
 0001:000184f0       _sf_debug_data_runtime_size_mismatch_error_check 100194f0 f   sfc_debugmsvc80:sfcdebug.obj
 0001:00018530       _sf_debug_try_loading_machine 10019530 f   sfc_debugmsvc80:sfcdebug.obj
 0001:00018600       _sf_debug_reset_current_state_configuration 10019600 f   sfc_debugmsvc80:sfcdebug.obj
 0001:00018640       _sf_debug_store_current_state_configuration 10019640 f   sfc_debugmsvc80:sfcdebug.obj
 0001:00018680       _sf_debug_restore_previous_state_configuration 10019680 f   sfc_debugmsvc80:sfcdebug.obj
 0001:000186c0       _sf_debug_restore_previous_state_configuration2 100196c0 f   sfc_debugmsvc80:sfcdebug.obj
 0001:00018700       _sf_debug_get_event_scope  10019700 f   sfc_debugmsvc80:sfcdebug.obj
 0001:00018820       _use_debugger_step_animation 10019820 f   sfc_debugmsvc80:sfcdebug.obj
 0001:00018840       _sf_debug_get_script_id    10019840 f   sfc_debugmsvc80:sfcdebug.obj
 0001:000188d0       _sf_debug_set_script_translation 100198d0 f   sfc_debugmsvc80:sfcdebug.obj
 0001:00018960       _sf_debug_get_current_machine_id 10019960 f   sfc_debugmsvc80:sfcdebug.obj
 0001:00018980       _sf_debug_get_current_optional_integer 10019980 f   sfc_debugmsvc80:sfcdebug.obj
 0001:00018990       _sf_debug_get_current_machine_number 10019990 f   sfc_debugmsvc80:sfcdebug.obj
 0001:000189b0       _sf_debug_get_current_machine_name 100199b0 f   sfc_debugmsvc80:sfcdebug.obj
 0001:000189d0       _sf_debug_get_current_chart_id 100199d0 f   sfc_debugmsvc80:sfcdebug.obj
 0001:00018a00       _sf_debug_get_current_chart_number 10019a00 f   sfc_debugmsvc80:sfcdebug.obj
 0001:00018a10       _sf_debug_get_current_instance_number 10019a10 f   sfc_debugmsvc80:sfcdebug.obj
 0001:00018a20       _sf_debug_get_current_is_minor_time_step 10019a20 f   sfc_debugmsvc80:sfcdebug.obj
 0001:00018a90       _sf_debug_get_current_object_type 10019a90 f   sfc_debugmsvc80:sfcdebug.obj
 0001:00018aa0       _sf_debug_get_current_instance_handle 10019aa0 f   sfc_debugmsvc80:sfcdebug.obj
 0001:00018af0       _sf_debug_get_current_event_type 10019af0 f   sfc_debugmsvc80:sfcdebug.obj
 0001:00018b00       _sf_debug_get_current_object_id 10019b00 f   sfc_debugmsvc80:sfcdebug.obj
 0001:00018b30       _sf_debug_get_current_active_event_type 10019b30 f   sfc_debugmsvc80:sfcdebug.obj
 0001:00018b40       _sf_debug_get_current_active_event_id 10019b40 f   sfc_debugmsvc80:sfcdebug.obj
 0001:00018b70       _sf_debug_get_current_tag_type 10019b70 f   sfc_debugmsvc80:sfcdebug.obj
 0001:00018b80       _sf_debug_get_current_simulation_time 10019b80 f   sfc_debugmsvc80:sfcdebug.obj
 0001:00018b90       _sf_debug_get_current_coverage_percentage 10019b90 f   sfc_debugmsvc80:sfcdebug.obj
 0001:00018ba0       _sf_debug_current_statement_context 10019ba0 f   sfc_debugmsvc80:sfcdebug.obj
 0001:00018c20       _sf_debug_get_current_statement_info 10019c20 f   sfc_debugmsvc80:sfcdebug.obj
 0001:00018d60       _sf_debug_terminate_instance 10019d60 f   sfc_debugmsvc80:sfcdebug.obj
 0001:00018fe0       _sf_debug_assertion_failed 10019fe0 f   sfc_debugmsvc80:sfcdebug.obj
 0001:000191b0       _sf_debug_set_number_of_data_with_change_event_for_machine 1001a1b0 f   sfc_debugmsvc80:sfcdebug.obj
 0001:000191f0       _sf_debug_set_machine_event_thresholds 1001a1f0 f   sfc_debugmsvc80:sfcdebug.obj
 0001:00019220       _sf_debug_set_machine_event_scope 1001a220 f   sfc_debugmsvc80:sfcdebug.obj
 0001:00019260       _sf_debug_set_machine_data_thresholds 1001a260 f   sfc_debugmsvc80:sfcdebug.obj
 0001:000192a0       _sf_debug_set_machine_data_scope 1001a2a0 f   sfc_debugmsvc80:sfcdebug.obj
 0001:00019320       _sf_debug_set_machine_data_name 1001a320 f   sfc_debugmsvc80:sfcdebug.obj
 0001:00019370       _sf_debug_set_machine_data_size 1001a370 f   sfc_debugmsvc80:sfcdebug.obj
 0001:00019460       _sf_debug_set_machine_data_type 1001a460 f   sfc_debugmsvc80:sfcdebug.obj
 0001:00019580       _sf_debug_get_chart_data_number 1001a580 f   sfc_debugmsvc80:sfcdebug.obj
 0001:000195b0       _sf_debug_get_chart_event_number 1001a5b0 f   sfc_debugmsvc80:sfcdebug.obj
 0001:000195e0       _sf_debug_set_chart_state_info 1001a5e0 f   sfc_debugmsvc80:sfcdebug.obj
 0001:00019660       _sf_debug_set_chart_decomposition 1001a660 f   sfc_debugmsvc80:sfcdebug.obj
 0001:000196d0       _sf_debug_set_chart_substate_count 1001a6d0 f   sfc_debugmsvc80:sfcdebug.obj
 0001:00019790       _sf_debug_set_chart_substate_index 1001a790 f   sfc_debugmsvc80:sfcdebug.obj
 0001:00019800       _sf_debug_set_chart_state_substate_count 1001a800 f   sfc_debugmsvc80:sfcdebug.obj
 0001:000198e0       _sf_debug_set_chart_state_substate_index 1001a8e0 f   sfc_debugmsvc80:sfcdebug.obj
 0001:00019960       _sf_debug_set_number_of_data_with_change_event_for_chart 1001a960 f   sfc_debugmsvc80:sfcdebug.obj
 0001:000199e0       _sf_debug_set_number_of_states_with_entry_event_for_chart 1001a9e0 f   sfc_debugmsvc80:sfcdebug.obj
 0001:00019a50       _sf_debug_set_number_of_states_with_exit_event_for_chart 1001aa50 f   sfc_debugmsvc80:sfcdebug.obj
 0001:00019ac0       _sf_debug_set_chart_disable_implicit_casting 1001aac0 f   sfc_debugmsvc80:sfcdebug.obj
 0001:00019b30       _sf_debug_set_chart_event_thresholds 1001ab30 f   sfc_debugmsvc80:sfcdebug.obj
 0001:00019ba0       _sf_debug_set_chart_data_compiled_props 1001aba0 f   sfc_debugmsvc80:sfcdebug.obj
 0001:00019e10       _sf_debug_set_chart_data_props 1001ae10 f   sfc_debugmsvc80:sfcdebug.obj
 0001:0001a080       _sf_debug_check_fi_license 1001b080 f   sfc_debugmsvc80:sfcdebug.obj
 0001:0001a210       _sf_debug_symbol_scope_push 1001b210 f   sfc_debugmsvc80:sfcdebug.obj
 0001:0001a250       _sf_debug_symbol_scope_push_eml 1001b250 f   sfc_debugmsvc80:sfcdebug.obj
 0001:0001a290       _sf_debug_symbol_scope_pop 1001b290 f   sfc_debugmsvc80:sfcdebug.obj
 0001:0001a2c0       _sf_debug_symbol_scope_add_importable 1001b2c0 f   sfc_debugmsvc80:sfcdebug.obj
 0001:0001a320       _sf_debug_symbol_scope_add 1001b320 f   sfc_debugmsvc80:sfcdebug.obj
 0001:0001a380       _sf_debug_symbol_scope_add_dyn_importable 1001b380 f   sfc_debugmsvc80:sfcdebug.obj
 0001:0001a3f0       _sf_debug_symbol_scope_add_dyn 1001b3f0 f   sfc_debugmsvc80:sfcdebug.obj
 0001:0001a420       _sf_debug_symbol_scope_add_eml_importable 1001b420 f   sfc_debugmsvc80:sfcdebug.obj
 0001:0001a450       _sf_debug_symbol_scope_add_eml 1001b450 f   sfc_debugmsvc80:sfcdebug.obj
 0001:0001a480       _sf_debug_symbol_scope_add_eml_dyn_importable 1001b480 f   sfc_debugmsvc80:sfcdebug.obj
 0001:0001a4d0       _sf_debug_symbol_scope_add_eml_dyn 1001b4d0 f   sfc_debugmsvc80:sfcdebug.obj
 0001:0001a520       _sf_debug_symbol_switch    1001b520 f   sfc_debugmsvc80:sfcdebug.obj
 0001:0001a540       _sf_debug_symbol_scope_add_verbose 1001b540 f   sfc_debugmsvc80:sfcdebug.obj
 0001:0001a5b0       _sf_debug_set_machine_data_value_ptr 1001b5b0 f   sfc_debugmsvc80:sfcdebug.obj
 0001:0001a5f0       _sf_debug_set_instance_data_value_ptr 1001b5f0 f   sfc_debugmsvc80:sfcdebug.obj
 0001:0001a650       _sf_debug_unset_instance_data_value_ptr 1001b650 f   sfc_debugmsvc80:sfcdebug.obj
 0001:0001a6a0       _sf_debug_set_chart_event_scope 1001b6a0 f   sfc_debugmsvc80:sfcdebug.obj
 0001:0001a720       _sf_debug_set_chart_transition_coverage_maps 1001b720 f   sfc_debugmsvc80:sfcdebug.obj
 0001:0001a7b0       _sf_debug_set_chart_state_coverage_maps 1001b7b0 f   sfc_debugmsvc80:sfcdebug.obj
 0001:0001a830       _sf_debug_set_instance_transition_coverage_weights 1001b830 f   sfc_debugmsvc80:sfcdebug.obj
 0001:0001a8a0       _sf_debug_set_instance_state_coverage_weights 1001b8a0 f   sfc_debugmsvc80:sfcdebug.obj
 0001:0001aaa0       _sf_debug_unload_machine   1001baa0 f   sfc_debugmsvc80:sfcdebug.obj
 0001:0001aaf0       _sf_debug_load_machine     1001baf0 f   sfc_debugmsvc80:sfcdebug.obj
 0001:0001aba0       _sf_debug_set_active_instance_in_data_dictionary 1001bba0 f   sfc_debugmsvc80:sfcdebug.obj
 0001:0001ad20       _sf_debug_set_active_instance 1001bd20 f   sfc_debugmsvc80:sfcdebug.obj
 0001:0001ae10       _sf_debug_chart_visiblity_change 1001be10 f   sfc_debugmsvc80:sfcdebug.obj
 0001:0001aeb0       _sf_debug_select_chart     1001beb0 f   sfc_debugmsvc80:sfcdebug.obj
 0001:0001af50       _sf_debug_set_instance_cv_ids 1001bf50 f   sfc_debugmsvc80:sfcdebug.obj
 0001:0001b110       _sf_debug_select_charts    1001c110 f   sfc_debugmsvc80:sfcdebug.obj
 0001:0001b1f0       _sf_debug_initialized      1001c1f0 f   sfc_debugmsvc80:sfcdebug.obj
 0001:0001b200       _sf_debug_is_uninterruptible 1001c200 f   sfc_debugmsvc80:sfcdebug.obj
 0001:0001b230       _sf_debug_initialize_debugger_gui 1001c230 f   sfc_debugmsvc80:sfcdebug.obj
 0001:0001b5b0       _sf_debug_resume           1001c5b0 f   sfc_debugmsvc80:sfcdebug.obj
 0001:0001b5d0       _sf_debug_go               1001c5d0 f   sfc_debugmsvc80:sfcdebug.obj
 0001:0001b5e0       _sf_debug_break            1001c5e0 f   sfc_debugmsvc80:sfcdebug.obj
 0001:0001b5f0       _sf_debug_step_over        1001c5f0 f   sfc_debugmsvc80:sfcdebug.obj
 0001:0001b600       _sf_debug_step_out         1001c600 f   sfc_debugmsvc80:sfcdebug.obj
 0001:0001b610       _sf_debug_set_disable_all_breakpoints 1001c610 f   sfc_debugmsvc80:sfcdebug.obj
 0001:0001b620       _sf_debug_disable_all_breakpoints_and_go 1001c620 f   sfc_debugmsvc80:sfcdebug.obj
 0001:0001b630       _sf_debug_break_on_chart_entry 1001c630 f   sfc_debugmsvc80:sfcdebug.obj
 0001:0001b640       _sf_debug_break_on_event_broadcast 1001c640 f   sfc_debugmsvc80:sfcdebug.obj
 0001:0001b650       _sf_debug_break_on_state_entry 1001c650 f   sfc_debugmsvc80:sfcdebug.obj
 0001:0001b660       _sf_debug_break_between_times 1001c660 f   sfc_debugmsvc80:sfcdebug.obj
 0001:0001b690       _sf_debug_browse_data      1001c690 f   sfc_debugmsvc80:sfcdebug.obj
 0001:0001b6b0       _sf_debug_watch_data       1001c6b0 f   sfc_debugmsvc80:sfcdebug.obj
 0001:0001b6d0       _sf_debug_assign_data      1001c6d0 f   sfc_debugmsvc80:sfcdebug.obj
 0001:0001b6f0       _sf_debug_whos             1001c6f0 f   sfc_debugmsvc80:sfcdebug.obj
 0001:0001b710       _sf_debug_get_consistency_info 1001c710 f   sfc_debugmsvc80:sfcdebug.obj
 0001:0001b730       _sf_debug_browse_trace     1001c730 f   sfc_debugmsvc80:sfcdebug.obj
 0001:0001b750       _sf_debug_set_breakpoints  1001c750 f   sfc_debugmsvc80:sfcdebug.obj
 0001:0001b810       _sf_debug_set_eml_breakpoints 1001c810 f   sfc_debugmsvc80:sfcdebug.obj
 0001:0001b920       _sf_debug_set_script_breakpoints 1001c920 f   sfc_debugmsvc80:sfcdebug.obj
 0001:0001b9a0       _sf_debug_add_script_breakpoints 1001c9a0 f   sfc_debugmsvc80:sfcdebug.obj
 0001:0001ba10       _sf_debug_clear_script_breakpoints 1001ca10 f   sfc_debugmsvc80:sfcdebug.obj
 0001:0001ba80       _sf_debug_query_script_breakpoints 1001ca80 f   sfc_debugmsvc80:sfcdebug.obj
 0001:0001bb20       _sf_debug_get_eml_script_id 1001cb20 f   sfc_debugmsvc80:sfcdebug.obj
 0001:0001bb70       _sf_debug_set_watch        1001cb70 f   sfc_debugmsvc80:sfcdebug.obj
 0001:0001bd00       _sf_debug_get_instance_handle 1001cd00 f   sfc_debugmsvc80:sfcdebug.obj
 0001:0001bd80       _sf_debug_get_active_states 1001cd80 f   sfc_debugmsvc80:sfcdebug.obj
 0001:0001bda0       _sf_debug_get_animation    1001cda0 f   sfc_debugmsvc80:sfcdebug.obj
 0001:0001bdb0       _sf_debug_set_animation    1001cdb0 f   sfc_debugmsvc80:sfcdebug.obj
 0001:0001bdc0       _sf_debug_animate          1001cdc0 f   sfc_debugmsvc80:sfcdebug.obj
 0001:0001bdf0       _sf_debug_cycle_detection_check 1001cdf0 f   sfc_debugmsvc80:sfcdebug.obj
 0001:0001be00       _sf_debug_data_range_check 1001ce00 f   sfc_debugmsvc80:sfcdebug.obj
 0001:0001be10       _sf_debug_transition_conflict_check 1001ce10 f   sfc_debugmsvc80:sfcdebug.obj
 0001:0001be20       _sf_debug_state_consistency_check 1001ce20 f   sfc_debugmsvc80:sfcdebug.obj
 0001:0001be30       _sf_debug_data_range_check_enabled 1001ce30 f   sfc_debugmsvc80:sfcdebug.obj
 0001:0001be40       _sf_debug_transition_conflict_check_enabled 1001ce40 f   sfc_debugmsvc80:sfcdebug.obj
 0001:0001be50       _sf_debug_transition_conflict_check_begin 1001ce50 f   sfc_debugmsvc80:sfcdebug.obj
 0001:0001be70       _sf_debug_transition_conflict_check_end 1001ce70 f   sfc_debugmsvc80:sfcdebug.obj
 0001:0001be90       _sf_debug_stop_debugging   1001ce90 f   sfc_debugmsvc80:sfcdebug.obj
 0001:0001bec0       _sf_debug_is_cycle_detected 1001cec0 f   sfc_debugmsvc80:sfcdebug.obj
 0001:0001bed0       _sf_debug_is_array_bounds_detected 1001ced0 f   sfc_debugmsvc80:sfcdebug.obj
 0001:0001bee0       _sf_debug_get_state_vectors_data_size 1001cee0 f   sfc_debugmsvc80:sfcdebug.obj
 0001:0001bf20       _sf_debug_get_state_vectors_data 1001cf20 f   sfc_debugmsvc80:sfcdebug.obj
 0001:0001bff0       _sf_debug_set_state_vectors_data 1001cff0 f   sfc_debugmsvc80:sfcdebug.obj
 0001:0001c220       _sf_debug_get_script_index 1001d220 f   sfc_debugmsvc80:sfcdebug.obj
 0001:0001c350       _sf_debug_add_script       1001d350 f   sfc_debugmsvc80:sfcdebug.obj
 0001:0001c4a0       _cv_eval_point             1001d4a0 f   sfc_debugmsvc80:sfcdebug.obj
 0001:0001c570       _sf_debug_cv_init_state    1001d570 f   sfc_debugmsvc80:sfcdebug.obj
 0001:0001c600       _sf_debug_cv_init_chart    1001d600 f   sfc_debugmsvc80:sfcdebug.obj
 0001:0001c680       _sf_debug_cv_init_trans    1001d680 f   sfc_debugmsvc80:sfcdebug.obj
 0001:0001c7b0       _cv_eml_init_script        1001d7b0 f   sfc_debugmsvc80:sfcdebug.obj
 0001:0001c830       _cv_eml_init_fcn           1001d830 f   sfc_debugmsvc80:sfcdebug.obj
 0001:0001c890       _cv_eml_init_testobjective 1001d890 f   sfc_debugmsvc80:sfcdebug.obj
 0001:0001c900       _cv_eml_init_if            1001d900 f   sfc_debugmsvc80:sfcdebug.obj
 0001:0001c970       _cv_eml_init_for           1001d970 f   sfc_debugmsvc80:sfcdebug.obj
 0001:0001c9e0       _cv_eml_init_while         1001d9e0 f   sfc_debugmsvc80:sfcdebug.obj
 0001:0001ca50       _cv_eml_init_mcdc          1001da50 f   sfc_debugmsvc80:sfcdebug.obj
 0001:0001cad0       _cv_eml_init_switch        1001dad0 f   sfc_debugmsvc80:sfcdebug.obj
 0001:0001cb50       _cv_eml_eval               1001db50 f   sfc_debugmsvc80:sfcdebug.obj
 0001:0001cbd0       _sf_debug_bm_is_a_eml_breakpoint 1001dbd0 f   sfc_debugmsvc80:sfcdebug.obj
 0001:0001cd00       _sf_debug_temporal_threshold 1001dd00 f   sfc_debugmsvc80:sfcdebug.obj
 0001:0001cff0       _sf_debug_transition_conflict_error 1001dff0 f   sfc_debugmsvc80:sfcdebug.obj
 0001:0001d290       _sf_debug_state_inconsistency_error 1001e290 f   sfc_debugmsvc80:sfcdebug.obj
 0001:0001d380       _sf_debug_check_for_state_inconsistency 1001e380 f   sfc_debugmsvc80:sfcdebug.obj
 0001:0001d3c0       _sf_debug_cycle_detecton_error 1001e3c0 f   sfc_debugmsvc80:sfcdebug.obj
 0001:0001d9f0       _sf_debug_size_eq_check_1d 1001e9f0 f   sfc_debugmsvc80:sfcdebug.obj
 0001:0001da10       _sf_debug_size_eq_check_nd 1001ea10 f   sfc_debugmsvc80:sfcdebug.obj
 0001:0001daf0       _sf_debug_dim_size_eq_check 1001eaf0 f   sfc_debugmsvc80:sfcdebug.obj
 0001:0001db20       _sf_debug_dim_size_geq_check 1001eb20 f   sfc_debugmsvc80:sfcdebug.obj
 0001:0001db50       _sf_debug_sub_assign_size_check_nd 1001eb50 f   sfc_debugmsvc80:sfcdebug.obj
 0001:0001dc70       _sf_debug_matrix_matrix_index_check 1001ec70 f   sfc_debugmsvc80:sfcdebug.obj
 0001:0001dcb0       _sf_debug_vector_vector_index_check 1001ecb0 f   sfc_debugmsvc80:sfcdebug.obj
 0001:0001dcf0       _sf_debug_for_loop_vector_check 1001ecf0 f   sfc_debugmsvc80:sfcdebug.obj
 0001:0001dd50       _sf_debug_runtime_error_msgid 1001ed50 f   sfc_debugmsvc80:sfcdebug.obj
 0001:0001dde0       _sf_debug_data_array_bounds_error_check 1001ede0 f   sfc_debugmsvc80:sfcdebug.obj
 0001:0001de40       _sf_debug_eml_data_array_bounds_error_check 1001ee40 f   sfc_debugmsvc80:sfcdebug.obj
 0001:0001e130       _sf_debug_integer_check    1001f130 f   sfc_debugmsvc80:sfcdebug.obj
 0001:0001e1b0       _sf_debug_not_nan_check    1001f1b0 f   sfc_debugmsvc80:sfcdebug.obj
 0001:0001e200       _sf_debug_non_negative_check 1001f200 f   sfc_debugmsvc80:sfcdebug.obj
 0001:0001e260       _sf_debug_overflow_detection 1001f260 f   sfc_debugmsvc80:sfcdebug.obj
 0001:0001e780       _sf_debug_cast_to_real32_T 1001f780 f   sfc_debugmsvc80:sfcdebug.obj
 0001:0001e7e0       _sf_debug_cast_to_int8_T   1001f7e0 f   sfc_debugmsvc80:sfcdebug.obj
 0001:0001e860       _sf_debug_cast_to_uint8_T  1001f860 f   sfc_debugmsvc80:sfcdebug.obj
 0001:0001e8f0       _sf_debug_cast_to_int16_T  1001f8f0 f   sfc_debugmsvc80:sfcdebug.obj
 0001:0001e970       _sf_debug_cast_to_uint16_T 1001f970 f   sfc_debugmsvc80:sfcdebug.obj
 0001:0001ea00       _sf_debug_cast_to_int32_T  1001fa00 f   sfc_debugmsvc80:sfcdebug.obj
 0001:0001ea70       _sf_debug_cast_to_uint32_T 1001fa70 f   sfc_debugmsvc80:sfcdebug.obj
 0001:0001eb00       _sf_debug_data_range_error 1001fb00 f   sfc_debugmsvc80:sfcdebug.obj
 0001:0001ed80       _sf_debug_read_before_write_check 1001fd80 f   sfc_debugmsvc80:sfcdebug.obj
 0001:0001f0d0       _sf_debug_data_range_error_wrapper_min_max 100200d0 f   sfc_debugmsvc80:sfcdebug.obj
 0001:0001f140       _sf_debug_data_range_error_wrapper_min 10020140 f   sfc_debugmsvc80:sfcdebug.obj
 0001:0001f1a0       _sf_debug_data_range_error_wrapper_max 100201a0 f   sfc_debugmsvc80:sfcdebug.obj
 0001:0001f200       _sf_debug_data_range_wrapper 10020200 f   sfc_debugmsvc80:sfcdebug.obj
 0001:0001f250       _sf_debug_set_current_status_info 10020250 f   sfc_debugmsvc80:sfcdebug.obj
 0001:0001f5b0       _sf_debug_call             100205b0 f   sfc_debugmsvc80:sfcdebug.obj
 0001:0001ffa0       _sf_debug_initialize_machine 10020fa0 f   sfc_debugmsvc80:sfcdebug.obj
 0001:00020240       _sf_debug_initialize_chart 10021240 f   sfc_debugmsvc80:sfcdebug.obj
 0001:000205a0       _sf_debug_ensure_script    100215a0 f   sfc_debugmsvc80:sfcdebug.obj
 0001:00020650       _cv_script_init_script     10021650 f   sfc_debugmsvc80:sfcdebug.obj
 0001:000206b0       _cv_script_init_fcn        100216b0 f   sfc_debugmsvc80:sfcdebug.obj
 0001:00020700       _cv_script_init_testobjective 10021700 f   sfc_debugmsvc80:sfcdebug.obj
 0001:00020750       _cv_script_init_if         10021750 f   sfc_debugmsvc80:sfcdebug.obj
 0001:000207a0       _cv_script_init_for        100217a0 f   sfc_debugmsvc80:sfcdebug.obj
 0001:000207f0       _cv_script_init_while      100217f0 f   sfc_debugmsvc80:sfcdebug.obj
 0001:00020840       _cv_script_init_mcdc       10021840 f   sfc_debugmsvc80:sfcdebug.obj
 0001:000208a0       _cv_script_init_switch     100218a0 f   sfc_debugmsvc80:sfcdebug.obj
 0001:00020900       _cv_script_eval            10021900 f   sfc_debugmsvc80:sfcdebug.obj
 0001:00020960       _eml_debug_line_call       10021960 f   sfc_debugmsvc80:sfcdebug.obj
 0001:00020a60       _sf_debug_terminate        10021a60 f   sfc_debugmsvc80:sfcdebug.obj
 0001:00020b90       _sf_debug_set_script_cv_ids 10021b90 f   sfc_debugmsvc80:sfcdebug.obj
 0001:00020ca0       _sf_debug_api              10021ca0 f   sfc_debugmsvc80:sfc_api.obj
 0001:000225e0       _sf_debug_sm_terminate     100235e0 f   sfc_debugmsvc80:sfdb_animation.obj
 0001:00022750       _sf_debug_reset_path_objects 10023750 f   sfc_debugmsvc80:sfdb_animation.obj
 0001:000227c0       _sf_debug_sm_reset_object_selection_status 100237c0 f   sfc_debugmsvc80:sfdb_animation.obj
 0001:00022860       _sf_debug_sm_reset_state_buffer 10023860 f   sfc_debugmsvc80:sfdb_animation.obj
 0001:00022920       _sf_debug_sm_store_state_buffer 10023920 f   sfc_debugmsvc80:sfdb_animation.obj
 0001:000229a0       _sf_debug_sm_restore_state_buffer1 100239a0 f   sfc_debugmsvc80:sfdb_animation.obj
 0001:00022a00       _sf_debug_sm_restore_state_buffer2 10023a00 f   sfc_debugmsvc80:sfdb_animation.obj
 0001:00022a60       _sf_debug_sm_chart_active  10023a60 f   sfc_debugmsvc80:sfdb_animation.obj
 0001:00022ab0       _sf_debug_sm_select_active_objects 10023ab0 f   sfc_debugmsvc80:sfdb_animation.obj
 0001:00022e30       _sf_debug_sm_is_chart_active 10023e30 f   sfc_debugmsvc80:sfdb_animation.obj
 0001:00022e70       _sf_debug_sm_is_state_active 10023e70 f   sfc_debugmsvc80:sfdb_animation.obj
 0001:00023020       _sf_debug_sm_get_active_states 10024020 f   sfc_debugmsvc80:sfdb_animation.obj
 0001:00023450       _sf_debug_sm_initialize_instance 10024450 f   sfc_debugmsvc80:sfdb_animation.obj
 0001:00023670       _sf_debug_sm_change_object_selection_status 10024670 f   sfc_debugmsvc80:sfdb_animation.obj
 0001:00023860       _cv_create_interface       10024860 f   sfc_debugmsvc80:cv_sfinterface.obj
 0001:00023b70       _cv_init_trans             10024b70 f   sfc_debugmsvc80:cv_sfinterface.obj
 0001:00023bc0       _cv_init_state             10024bc0 f   sfc_debugmsvc80:cv_sfinterface.obj
 0001:00023c20       _cv_init_chart             10024c20 f   sfc_debugmsvc80:cv_sfinterface.obj
 0001:00023c70       _cv_dec_update_call        10024c70 f   sfc_debugmsvc80:cv_sfinterface.obj
 0001:00023cb0       _cv_cond_update_call       10024cb0 f   sfc_debugmsvc80:cv_sfinterface.obj
 0001:00023cf0       _cv_sigrange_update        10024cf0 f   sfc_debugmsvc80:cv_sfinterface.obj
 0001:00023d40       _cvsf_eml_eval             10024d40 f   sfc_debugmsvc80:cv_sfinterface.obj
 0001:00023e20       _cvsf_eml_init_script      10024e20 f   sfc_debugmsvc80:cv_sfinterface.obj
 0001:00023e80       _cvsf_eml_init_fcn         10024e80 f   sfc_debugmsvc80:cv_sfinterface.obj
 0001:00023ee0       _cvsf_eml_init_testobjective 10024ee0 f   sfc_debugmsvc80:cv_sfinterface.obj
 0001:00023f40       _cvsf_eml_init_if          10024f40 f   sfc_debugmsvc80:cv_sfinterface.obj
 0001:00023fa0       _cvsf_eml_init_for         10024fa0 f   sfc_debugmsvc80:cv_sfinterface.obj
 0001:00024000       _cvsf_eml_init_while       10025000 f   sfc_debugmsvc80:cv_sfinterface.obj
 0001:00024060       _cvsf_eml_init_mcdc        10025060 f   sfc_debugmsvc80:cv_sfinterface.obj
 0001:000240d0       _cvsf_eml_init_switch      100250d0 f   sfc_debugmsvc80:cv_sfinterface.obj
 0001:00024130       _cvsf_script_eval          10025130 f   sfc_debugmsvc80:cv_sfinterface.obj
 0001:00024210       _cvsf_script_init_script   10025210 f   sfc_debugmsvc80:cv_sfinterface.obj
 0001:00024270       _cvsf_script_init_fcn      10025270 f   sfc_debugmsvc80:cv_sfinterface.obj
 0001:000242d0       _cvsf_script_init_testobjective 100252d0 f   sfc_debugmsvc80:cv_sfinterface.obj
 0001:00024330       _cvsf_script_init_if       10025330 f   sfc_debugmsvc80:cv_sfinterface.obj
 0001:00024390       _cvsf_script_init_for      10025390 f   sfc_debugmsvc80:cv_sfinterface.obj
 0001:000243e0       _cvsf_script_init_while    100253e0 f   sfc_debugmsvc80:cv_sfinterface.obj
 0001:00024430       _cvsf_script_init_mcdc     10025430 f   sfc_debugmsvc80:cv_sfinterface.obj
 0001:000244a0       _cvsf_script_init_switch   100254a0 f   sfc_debugmsvc80:cv_sfinterface.obj
 0001:00024500       _cv_destroy_interface      10025500 f   sfc_debugmsvc80:cv_sfinterface.obj
 0001:00024520       _cv_create_instance_objects 10025520 f   sfc_debugmsvc80:cv_sfinterface.obj
 0001:00024860       _cv_is_enabled             10025860 f   sfc_debugmsvc80:cv_sfinterface.obj
 0001:00024870       _sf_debug_cv_initialize_script 10025870 f   sfc_debugmsvc80:cv_sfinterface.obj
 0001:00024a00       _sf_debug_cv_initialize_instance 10025a00 f   sfc_debugmsvc80:cv_sfinterface.obj
 0001:00024d00       _sf_debug_cv_terminate_chart 10025d00 f   sfc_debugmsvc80:cv_sfinterface.obj
 0001:00024df0       _cv_call_trans_test        10025df0 f   sfc_debugmsvc80:cv_sfinterface.obj
 0001:00024e00       _cv_call_sub_cond_test     10025e00 f   sfc_debugmsvc80:cv_sfinterface.obj
 0001:00024f10       _sf_debug_hm_initialize_instance 10025f10 f   sfc_debugmsvc80:sfdb_handle_management.obj
 0001:000253f0       _sf_debug_hm_get_object_id 100263f0 f   sfc_debugmsvc80:sfdb_handle_management.obj
 0001:00026ea0       _sf_debug_object_is_eml_function 10027ea0 f   sfc_debugmsvc80:sfdb_handle_management.obj
 0001:00026f10       _sf_debug_hm_initialize_ids_in_machine 10027f10 f   sfc_debugmsvc80:sfdb_handle_management.obj
 0001:00027060       _sf_debug_hm_initialize_ids_in_chart 10028060 f   sfc_debugmsvc80:sfdb_handle_management.obj
 0001:00027180       _sf_debug_hm_initialize_chart 10028180 f   sfc_debugmsvc80:sfdb_handle_management.obj
 0001:00027830       _sf_debug_hm_terminate     10028830 f   sfc_debugmsvc80:sfdb_handle_management.obj
 0001:00027890       _sf_debug_hm_initialize_machine 10028890 f   sfc_debugmsvc80:sfdb_handle_management.obj
 0001:00027f50       _sf_debug_st_initialize_machine 10028f50 f   sfc_debugmsvc80:sfdb_data_browse.obj
 0001:00028000       _sf_debug_st_initialize_instance 10029000 f   sfc_debugmsvc80:sfdb_data_browse.obj
 0001:000281c0       _sf_debug_st_terminate     100291c0 f   sfc_debugmsvc80:sfdb_data_browse.obj
 0001:00028320       _sf_debug_st_set_data_value_ptr_in_machine 10029320 f   sfc_debugmsvc80:sfdb_data_browse.obj
 0001:00028390       _sf_debug_st_set_data_value_ptr_in_instance 10029390 f   sfc_debugmsvc80:sfdb_data_browse.obj
 0001:00028440       _sf_debug_st_unset_data_value_ptr_in_machine 10029440 f   sfc_debugmsvc80:sfdb_data_browse.obj
 0001:000284a0       _sf_debug_st_unset_data_value_ptr_in_instance 100294a0 f   sfc_debugmsvc80:sfdb_data_browse.obj
 0001:000287b0       _sf_debug_mx_value         100297b0 f   sfc_debugmsvc80:sfdb_data_browse.obj
 0001:00028800       _sf_debug_mx_packed_vector 10029800 f   sfc_debugmsvc80:sfdb_data_browse.obj
 0001:000288a0       _sf_debug_mx_uint_vector   100298a0 f   sfc_debugmsvc80:sfdb_data_browse.obj
 0001:00028920       _sf_debug_st_get_double_value_from_void_ptr_vector 10029920 f   sfc_debugmsvc80:sfdb_data_browse.obj
 0001:00029120       _sf_debug_st_browse_data   1002a120 f   sfc_debugmsvc80:sfdb_data_browse.obj
 0001:00029720       _sf_debug_ss_initialize    1002a720 f   sfc_debugmsvc80:sfdb_symbol_scope.obj
 0001:00029740       _sf_debug_ss_terminate     1002a740 f   sfc_debugmsvc80:sfdb_symbol_scope.obj
 0001:000297c0       _sf_debug_ss_push_symbol_scope 1002a7c0 f   sfc_debugmsvc80:sfdb_symbol_scope.obj
 0001:00029880       _sf_debug_ss_push_symbol_scope_eml 1002a880 f   sfc_debugmsvc80:sfdb_symbol_scope.obj
 0001:000298d0       _sf_debug_ss_pop_symbol_scope 1002a8d0 f   sfc_debugmsvc80:sfdb_symbol_scope.obj
 0001:00029970       _sf_debug_ss_add_symbol    1002a970 f   sfc_debugmsvc80:sfdb_symbol_scope.obj
 0001:00029a60       _sf_debug_ss_add_symbol_eml 1002aa60 f   sfc_debugmsvc80:sfdb_symbol_scope.obj
 0001:0002a380       _sf_debug_ss_set_data_value 1002b380 f   sfc_debugmsvc80:sfdb_symbol_scope.obj
 0001:0002a6c0       _sf_debug_ss_watch_data    1002b6c0 f   sfc_debugmsvc80:sfdb_symbol_scope.obj
 0001:0002a740       _sf_debug_ss_assign_data   1002b740 f   sfc_debugmsvc80:sfdb_symbol_scope.obj
 0001:0002afe0       _get_data_entry_name       1002bfe0 f   sfc_debugmsvc80:sfdb_symbol_scope.obj
 0001:0002b030       _sf_debug_ss_whos          1002c030 f   sfc_debugmsvc80:sfdb_symbol_scope.obj
 0001:0002b4d0       _sf_debug_cc_initialize_chart 1002c4d0 f   sfc_debugmsvc80:sfdb_coverage.obj
 0001:0002bea0       _sf_debug_cc_initialize_instance 1002cea0 f   sfc_debugmsvc80:sfdb_coverage.obj
 0001:0002cab0       _sf_debug_cc_terminate     1002dab0 f   sfc_debugmsvc80:sfdb_coverage.obj
 0001:0002cb80       _sf_debug_cc_set_transition_maps 1002db80 f   sfc_debugmsvc80:sfdb_coverage.obj
 0001:0002cc80       _sf_debug_cc_set_state_maps 1002dc80 f   sfc_debugmsvc80:sfdb_coverage.obj
 0001:0002cd50       _sf_debug_cc_set_transition_weights 1002dd50 f   sfc_debugmsvc80:sfdb_coverage.obj
 0001:0002cf70       _sf_debug_cc_set_state_weights 1002df70 f   sfc_debugmsvc80:sfdb_coverage.obj
 0001:0002d1b0       _sf_debug_cc_mark_transition_guard 1002e1b0 f   sfc_debugmsvc80:sfdb_coverage.obj
 0001:0002d230       _sf_debug_cc_mark_transition_trigger 1002e230 f   sfc_debugmsvc80:sfdb_coverage.obj
 0001:0002d2b0       _sf_debug_cc_mark_transition_decision 1002e2b0 f   sfc_debugmsvc80:sfdb_coverage.obj
 0001:0002d310       _sf_debug_cc_mark_transition_condition_action 1002e310 f   sfc_debugmsvc80:sfdb_coverage.obj
 0001:0002d360       _sf_debug_cc_mark_transition_transition_action 1002e360 f   sfc_debugmsvc80:sfdb_coverage.obj
 0001:0002d3b0       _sf_debug_cc_mark_state_entry 1002e3b0 f   sfc_debugmsvc80:sfdb_coverage.obj
 0001:0002d400       _sf_debug_cc_mark_state_during 1002e400 f   sfc_debugmsvc80:sfdb_coverage.obj
 0001:0002d450       _sf_debug_cc_mark_state_exit 1002e450 f   sfc_debugmsvc80:sfdb_coverage.obj
 0001:0002d4a0       _sf_debug_bm_clear_script_breakpoints 1002e4a0 f   sfc_debugmsvc80:sfdb_breakpoints.obj
 0001:0002d4e0       _sf_debug_bm_set_script_breakpoint 1002e4e0 f   sfc_debugmsvc80:sfdb_breakpoints.obj
 0001:0002d550       _sf_debug_bm_clear_single_script_breakpoint 1002e550 f   sfc_debugmsvc80:sfdb_breakpoints.obj
 0001:0002d5c0       _sf_debug_bm_query_script_breakpoint 1002e5c0 f   sfc_debugmsvc80:sfdb_breakpoints.obj
 0001:0002d610       _sf_debug_bm_initialize_scripts 1002e610 f   sfc_debugmsvc80:sfdb_breakpoints.obj
 0001:0002dbb0       _sf_debug_bm_terminate     1002ebb0 f   sfc_debugmsvc80:sfdb_breakpoints.obj
 0001:0002de70       _sf_debug_bm_remove_all_breakpoints_in_machine 1002ee70 f   sfc_debugmsvc80:sfdb_breakpoints.obj
 0001:0002dec0       _sf_debug_bm_remove_all_breakpoints_in_chart 1002eec0 f   sfc_debugmsvc80:sfdb_breakpoints.obj
 0001:0002dff0       _sf_debug_bm_initialize_global_breakpoints 1002eff0 f   sfc_debugmsvc80:sfdb_breakpoints.obj
 0001:0002e1a0       _sf_debug_bm_set_breakpoint 1002f1a0 f   sfc_debugmsvc80:sfdb_breakpoints.obj
 0001:0002e700       _sf_debug_bm_set_eml_breakpoint 1002f700 f   sfc_debugmsvc80:sfdb_breakpoints.obj
 0001:0002e780       _sf_debug_bm_initialize_machine_breakpoint_map 1002f780 f   sfc_debugmsvc80:sfdb_breakpoints.obj
 0001:0002eb20       _sf_debug_bm_is_a_breakpoint 1002fb20 f   sfc_debugmsvc80:sfdb_breakpoints.obj
 0001:0002ef40       _sf_debug_bm_get_all_breakpoints_in_machine 1002ff40 f   sfc_debugmsvc80:sfdb_breakpoints.obj
 0001:0002f1e0       _sf_debug_bm_get_all_breakpoints_in_chart 100301e0 f   sfc_debugmsvc80:sfdb_breakpoints.obj
 0001:0002fc10       _sf_debug_bm_initialize_machine 10030c10 f   sfc_debugmsvc80:sfdb_breakpoints.obj
 0001:0002fcb0       _sf_debug_bm_initialize_chart 10030cb0 f   sfc_debugmsvc80:sfdb_breakpoints.obj
 0001:00030040       _sf_debug_sc_terminate     10031040 f   sfc_debugmsvc80:sfdb_state_consistency.obj
 0001:000302c0       _sf_debug_sc_is_chart_consistent 100312c0 f   sfc_debugmsvc80:sfdb_state_consistency.obj
 0001:000304a0       _sf_debug_sc_get_consistency_error_info 100314a0 f   sfc_debugmsvc80:sfdb_state_consistency.obj
 0001:00030800       _sf_debug_tm_terminate     10031800 f   sfc_debugmsvc80:sfdb_call_stack.obj
 0001:000308a0       _sf_debug_tm_push_chart_instance 100318a0 f   sfc_debugmsvc80:sfdb_call_stack.obj
 0001:000309d0       _sf_debug_tm_pop_chart_instance 100319d0 f   sfc_debugmsvc80:sfdb_call_stack.obj
 0001:00030a30       _sf_debug_tm_push_trace_node 10031a30 f   sfc_debugmsvc80:sfdb_call_stack.obj
 0001:00030b40       _sf_debug_tm_pop_trace_node 10031b40 f   sfc_debugmsvc80:sfdb_call_stack.obj
 0001:00030bc0       _sf_debug_tm_get_current_global_trace_index 10031bc0 f   sfc_debugmsvc80:sfdb_call_stack.obj
 0001:00030be0       _sf_debug_tm_get_current_local_trace_index 10031be0 f   sfc_debugmsvc80:sfdb_call_stack.obj
 0001:00030c10       _sf_debug_tm_set_cycle_detected_flag 10031c10 f   sfc_debugmsvc80:sfdb_call_stack.obj
 0001:00030c60       _sf_debug_tm_set_cycle_started_flag 10031c60 f   sfc_debugmsvc80:sfdb_call_stack.obj
 0001:00030cb0       _sf_debug_tm_get_chart_number_from_stack 10031cb0 f   sfc_debugmsvc80:sfdb_call_stack.obj
 0001:00030e50       _sf_debug_tm_browse_trace  10031e50 f   sfc_debugmsvc80:sfdb_call_stack.obj
 0001:000310c0       _sf_debug_cd_initialize_instance 100320c0 f   sfc_debugmsvc80:sfdb_cycle_detection.obj
 0001:000312f0       _sf_debug_cd_mark_processed_transition_in_instance 100322f0 f   sfc_debugmsvc80:sfdb_cycle_detection.obj
 0001:00031370       _sf_debug_cd_checksum_push 10032370 f   sfc_debugmsvc80:sfdb_cycle_detection.obj
 0001:00031670       _sf_debug_cd_checksum_pop  10032670 f   sfc_debugmsvc80:sfdb_cycle_detection.obj
 0001:000316d0       _sf_debug_cd_turn_off_cycle_detection 100326d0 f   sfc_debugmsvc80:sfdb_cycle_detection.obj
 0001:00031720       _sf_debug_cd_terminate     10032720 f   sfc_debugmsvc80:sfdb_cycle_detection.obj
 0001:000318f0       _md5_initialize_state      100328f0 f   sfc_debugmsvc80:ckmd5.obj
 0001:00032180       _md5_update_state          10033180 f   sfc_debugmsvc80:ckmd5.obj
 0001:000321a0       _md5_get_hash              100331a0 f   sfc_debugmsvc80:ckmd5.obj
 0001:000321c0       _md5_get_hash_for_a_single_string 100331c0 f   sfc_debugmsvc80:ckmd5.obj
 0001:0003222a       _mxGetPr                   1003322a f   libmx:libmx.dll
 0001:00032230       _mxCreateDoubleScalar      10033230 f   libmx:libmx.dll
 0001:00032236       _mxCreateDoubleMatrix_730  10033236 f   libmx:libmx.dll
 0001:0003223c       _mxSetField_730            1003323c f   libmx:libmx.dll
 0001:00032242       _mxCreateString            10033242 f   libmx:libmx.dll
 0001:00032248       _mxCreateStructMatrix_730  10033248 f   libmx:libmx.dll
 0001:0003224e       _mxDestroyArray            1003324e f   libmx:libmx.dll
 0001:00032254       _mxDuplicateArray          10033254 f   libmx:libmx.dll
 0001:0003225a       _mxGetNaN                  1003325a f   libmx:libmx.dll
 0001:00032260       _mxGetString_730           10033260 f   libmx:libmx.dll
 0001:00032266       _mxIsChar                  10033266 f   libmx:libmx.dll
 0001:0003226c       _mxGetClassID              1003326c f   libmx:libmx.dll
 0001:00032272       _mxIsNumeric               10033272 f   libmx:libmx.dll
 0001:00032278       _mxIsComplex               10033278 f   libmx:libmx.dll
 0001:0003227e       _mxGetN                    1003327e f   libmx:libmx.dll
 0001:00032284       _mxGetM                    10033284 f   libmx:libmx.dll
 0001:0003228a       _mxCalloc                  1003328a f   libmx:libmx.dll
 0001:00032290       _mxGetScalar               10033290 f   libmx:libmx.dll
 0001:00032296       _mxIsLogical               10033296 f   libmx:libmx.dll
 0001:0003229c       _mxCreateDoubleMatrix_700  1003329c f   libmx:libmx.dll
 0001:000322a2       _mxFree                    100332a2 f   libmx:libmx.dll
 0001:000322a8       _mxArrayToString           100332a8 f   libmx:libmx.dll
 0001:000322ae       _mxCreateCellMatrix_700    100332ae f   libmx:libmx.dll
 0001:000322b4       _mxSetCell_700             100332b4 f   libmx:libmx.dll
 0001:000322ba       _mxGetCell_700             100332ba f   libmx:libmx.dll
 0001:000322c0       _mxGetClassName            100332c0 f   libmx:libmx.dll
 0001:000322c6       _mxSetField_700            100332c6 f   libmx:libmx.dll
 0001:000322cc       _mxAddField                100332cc f   libmx:libmx.dll
 0001:000322d2       _mxGetField_700            100332d2 f   libmx:libmx.dll
 0001:000322d8       _mxGetNumberOfElements     100332d8 f   libmx:libmx.dll
 0001:000322de       _mxIsStruct                100332de f   libmx:libmx.dll
 0001:000322e4       _mxIsClass                 100332e4 f   libmx:libmx.dll
 0001:000322ea       _mxGetLogicals             100332ea f   libmx:libmx.dll
 0001:000322f0       _mxIsSparse                100332f0 f   libmx:libmx.dll
 0001:000322f6       _mxSetFieldByNumber_700    100332f6 f   libmx:libmx.dll
 0001:000322fc       _mxGetFieldByNumber_700    100332fc f   libmx:libmx.dll
 0001:00032302       _mxGetFieldNameByNumber    10033302 f   libmx:libmx.dll
 0001:00032308       _mxGetNumberOfFields       10033308 f   libmx:libmx.dll
 0001:0003230e       _mxCreateStructMatrix_700  1003330e f   libmx:libmx.dll
 0001:00032314       _mxGetFieldNumber          10033314 f   libmx:libmx.dll
 0001:0003231a       _mxIsNaN                   1003331a f   libmx:libmx.dll
 0001:00032320       _mxIsEmpty                 10033320 f   libmx:libmx.dll
 0001:00032326       _mxGetData                 10033326 f   libmx:libmx.dll
 0001:0003232c       _mxGetImagData             1003332c f   libmx:libmx.dll
 0001:00032332       _mxArrayClassIDName        10033332 f   libmx:libmx.dll
 0001:00032338       _mxCreateNumericMatrix_700 10033338 f   libmx:libmx.dll
 0001:0003233e       _mxCreateStructArray_700   1003333e f   libmx:libmx.dll
 0001:00032344       _mxCalcSingleSubscript_700 10033344 f   libmx:libmx.dll
 0001:0003234a       _mxGetDimensions_700       1003334a f   libmx:libmx.dll
 0001:00032350       _mxGetNumberOfDimensions_700 10033350 f   libmx:libmx.dll
 0001:00032356       _mxCreateNumericArray_700  10033356 f   libmx:libmx.dll
 0001:0003235c       _mxGetElementSize          1003335c f   libmx:libmx.dll
 0001:00032362       _mxCreateStringFromNChars_700 10033362 f   libmx:libmx.dll
 0001:00032368       _mxGetString_700           10033368 f   libmx:libmx.dll
 0001:0003236e       _mxIsLogicalScalarTrue     1003336e f   libmx:libmx.dll
 0001:00032374       _mxCreateLogicalScalar     10033374 f   libmx:libmx.dll
 0001:0003237a       _mexUnlock                 1003337a f   libmex:libmex.dll
 0001:00032380       _mexIsLocked               10033380 f   libmex:libmex.dll
 0001:00032386       _mexWarnMsgTxt             10033386 f   libmex:libmex.dll
 0001:0003238c       _mexCallMATLAB             1003338c f   libmex:libmex.dll
 0001:00032392       _mexErrMsgTxt              10033392 f   libmex:libmex.dll
 0001:00032398       _mexMakeArrayPersistent    10033398 f   libmex:libmex.dll
 0001:0003239e       _mexSetTrapFlag            1003339e f   libmex:libmex.dll
 0001:000323a4       _mexPutVariable            100333a4 f   libmex:libmex.dll
 0001:000323aa       _mexGetVariable            100333aa f   libmex:libmex.dll
 0001:000323b0       _mexLock                   100333b0 f   libmex:libmex.dll
 0001:000323b6       _mexMakeMemoryPersistent   100333b6 f   libmex:libmex.dll
 0001:000323bc       _mexFunctionName           100333bc f   libmex:libmex.dll
 0001:000323c2       _ssRegisterDataTypeFxpFSlopeFixExpBias 100333c2 f   libfixedpoint:libfixedpoint.dll
 0001:000323c8       _utVSNprintf               100333c8 f   libut:libut.dll
 0001:000323ce       _utCPUtime                 100333ce f   libut:libut.dll
 0001:000323d4       _utFree                    100333d4 f   libut:libut.dll
 0001:000323da       _utMalloc                  100333da f   libut:libut.dll
 0001:000323e0       _muDoubleScalarSin         100333e0 f   libmwmathutil:libmwmathutil.dll
 0001:000323e6       _muDoubleScalarCos         100333e6 f   libmwmathutil:libmwmathutil.dll
 0001:000323ec       _muDoubleScalarIsNaN       100333ec f   libmwmathutil:libmwmathutil.dll
 0001:000323f2       _muDoubleScalarAbs         100333f2 f   libmwmathutil:libmwmathutil.dll
 0001:000323f8       _emlrtCheckBuiltInCtxR2011a 100333f8 f   libemlrt:libemlrt.dll
 0001:000323fe       _emlrtCheckVsBuiltInCtxR2011a 100333fe f   libemlrt:libemlrt.dll
 0001:00032404       _emlrtCheckEnumR2009a      10033404 f   libemlrt:libemlrt.dll
 0001:0003240a       _emlrtCreateEnumR2010a     1003340a f   libemlrt:libemlrt.dll
 0001:00032410       _emlrtGetEnumElementR2009a 10033410 f   libemlrt:libemlrt.dll
 0001:00032416       _emlrtCreateReference      10033416 f   libemlrt:libemlrt.dll
 0001:0003241c       _emlrtImportVsFiArrayR2009b 1003341c f   libemlrt:libemlrt.dll
 0001:00032422       _emlrtExtractMessageId     10033422 f   libemlrt:libemlrt.dll
 0001:00032428       _emlrtTranslateMessageIDtoLCPstring 10033428 f   libemlrt:libemlrt.dll
 0001:0003242e       _emlrtForLoopVectorIsValidR2011b 1003342e f   libemlrt:libemlrt.dll
 0001:00032434       _emlrtTranslateUTF16MessagetoLCPstring 10033434 f   libemlrt:libemlrt.dll
 0001:0003243a       _emlrtGetEnumUnderlyingArrayR2009a 1003343a f   libemlrt:libemlrt.dll
 0001:00032440       _emlrtIsEnumR2009a         10033440 f   libemlrt:libemlrt.dll
 0001:00032446       _strlen                    10033446 f   MSVCRT:MSVCR100.dll
 0001:0003244c       @__security_check_cookie@4 1003344c f   MSVCRT:secchk.obj
 0001:00032460       _memset                    10033460 f   MSVCRT:MSVCR100.dll
 0001:00032466       _malloc                    10033466 f   MSVCRT:MSVCR100.dll
 0001:00032470       __chkstk                   10033470 f   MSVCRT:chkstk.obj
 0001:00032470       __alloca_probe             10033470     MSVCRT:chkstk.obj
 0001:000324a0       __ftol2_sse                100334a0 f   MSVCRT:ftol2.obj
 0001:000324a9       __ftol2_pentium4           100334a9 f   MSVCRT:ftol2.obj
 0001:000324bc       __ftol2_sse_excpt          100334bc f   MSVCRT:ftol2.obj
 0001:000324d6       __ftol2                    100334d6 f   MSVCRT:ftol2.obj
 0001:0003254c       _free                      1003354c f   MSVCRT:MSVCR100.dll
 0001:00032552       _strcmp                    10033552 f   MSVCRT:MSVCR100.dll
 0001:00032558       _sprintf                   10033558 f   MSVCRT:MSVCR100.dll
 0001:0003255e       _strcat                    1003355e f   MSVCRT:MSVCR100.dll
 0001:00032564       _memcpy                    10033564 f   MSVCRT:MSVCR100.dll
 0001:0003256a       _NtCurrentTeb              1003356a f i MSVCRT:crtdll.obj
 0001:000325bf       __CRT_INIT@12              100335bf f   MSVCRT:crtdll.obj
 0001:000328df       __DllMainCRTStartup@12     100338df f   MSVCRT:crtdll.obj
 0001:00032902       _strncpy                   10033902 f   MSVCRT:MSVCR100.dll
 0001:00032908       _longjmp                   10033908 f   MSVCRT:MSVCR100.dll
 0001:0003290e       _strncmp                   1003390e f   MSVCRT:MSVCR100.dll
 0001:00032914       _ceil                      10033914 f   MSVCRT:MSVCR100.dll
 0001:0003291a       _strrchr                   1003391a f   MSVCRT:MSVCR100.dll
 0001:00032920       __setjmp3                  10033920 f   MSVCRT:MSVCR100.dll
 0001:00032926       _calloc                    10033926 f   MSVCRT:MSVCR100.dll
 0001:0003292c       _realloc                   1003392c f   MSVCRT:MSVCR100.dll
 0001:00032932       _ldexp                     10033932 f   MSVCRT:MSVCR100.dll
 0001:00032938       ___report_gsfailure        10033938 f   MSVCRT:gs_report.obj
 0001:00032a3e       ___sse2_available_init     10033a3e f   MSVCRT:cpu_disp.obj
 0001:00032a4e       ___clean_type_info_names   10033a4e f   MSVCRT:tncleanup.obj
 0001:00032a5a       __onexit                   10033a5a f   MSVCRT:atonexit.obj
 0001:00032afb       _atexit                    10033afb f   MSVCRT:atonexit.obj
 0001:00032b12       __RTC_Initialize           10033b12 f   MSVCRT:_initsect_.obj
 0001:00032b38       __RTC_Terminate            10033b38 f   MSVCRT:_initsect_.obj
 0001:00032b5e       __malloc_crt               10033b5e f   MSVCRT:MSVCR100.dll
 0001:00032b64       __encoded_null             10033b64 f   MSVCRT:MSVCR100.dll
 0001:00032b70       __ValidateImageBase        10033b70 f   MSVCRT:pesect.obj
 0001:00032bb0       __FindPESection            10033bb0 f   MSVCRT:pesect.obj
 0001:00032c00       __IsNonwritableInCurrentImage 10033c00 f   MSVCRT:pesect.obj
 0001:00032cbc       __initterm                 10033cbc f   MSVCRT:MSVCR100.dll
 0001:00032cc2       __initterm_e               10033cc2 f   MSVCRT:MSVCR100.dll
 0001:00032cc8       __amsg_exit                10033cc8 f   MSVCRT:MSVCR100.dll
 0001:00032cce       ___CppXcptFilter           10033cce f   MSVCRT:MSVCR100.dll
 0001:00032cd4       _DllMain@12                10033cd4 f   MSVCRT:dllmain.obj
 0001:00032d00       __SEH_prolog4              10033d00 f   MSVCRT:sehprolg4.obj
 0001:00032d45       __SEH_epilog4              10033d45 f   MSVCRT:sehprolg4.obj
 0001:00032d59       __except_handler4          10033d59 f   MSVCRT:chandler4gs.obj
 0001:00032d7e       ___security_init_cookie    10033d7e f   MSVCRT:gs_support.obj
 0001:00032e1a       __crt_debugger_hook        10033e1a f   MSVCRT:MSVCR100.dll
 0001:00032e20       ___clean_type_info_names_internal 10033e20 f   MSVCRT:MSVCR100.dll
 0001:00032e26       __unlock                   10033e26 f   MSVCRT:MSVCR100.dll
 0001:00032e2c       ___dllonexit               10033e2c f   MSVCRT:MSVCR100.dll
 0001:00032e32       __lock                     10033e32 f   MSVCRT:MSVCR100.dll
 0001:00032e38       __except_handler4_common   10033e38 f   MSVCRT:MSVCR100.dll
 0001:00032e3e       _EncodePointer@4           10033e3e f   kernel32:KERNEL32.dll
 0001:00032e44       _DecodePointer@4           10033e44 f   kernel32:KERNEL32.dll
 0001:00032e4a       _InterlockedExchange@8     10033e4a f   kernel32:KERNEL32.dll
 0001:00032e50       _Sleep@4                   10033e50 f   kernel32:KERNEL32.dll
 0001:00032e56       _InterlockedCompareExchange@12 10033e56 f   kernel32:KERNEL32.dll
 0001:00032e5c       _TerminateProcess@8        10033e5c f   kernel32:KERNEL32.dll
 0001:00032e62       _GetCurrentProcess@0       10033e62 f   kernel32:KERNEL32.dll
 0001:00032e68       _UnhandledExceptionFilter@4 10033e68 f   kernel32:KERNEL32.dll
 0001:00032e6e       _SetUnhandledExceptionFilter@4 10033e6e f   kernel32:KERNEL32.dll
 0001:00032e74       _IsDebuggerPresent@0       10033e74 f   kernel32:KERNEL32.dll
 0001:00032e7a       _IsProcessorFeaturePresent@4 10033e7a f   kernel32:KERNEL32.dll
 0001:00032e80       _DisableThreadLibraryCalls@4 10033e80 f   kernel32:KERNEL32.dll
 0001:00032e86       _QueryPerformanceCounter@4 10033e86 f   kernel32:KERNEL32.dll
 0001:00032e8c       _GetTickCount@0            10033e8c f   kernel32:KERNEL32.dll
 0001:00032e92       _GetCurrentThreadId@0      10033e92 f   kernel32:KERNEL32.dll
 0001:00032e98       _GetCurrentProcessId@0     10033e98 f   kernel32:KERNEL32.dll
 0001:00032e9e       _GetSystemTimeAsFileTime@4 10033e9e f   kernel32:KERNEL32.dll
 0002:00000000       __imp__DisableThreadLibraryCalls@4 10034000     kernel32:KERNEL32.dll
 0002:00000004       __imp__IsProcessorFeaturePresent@4 10034004     kernel32:KERNEL32.dll
 0002:00000008       __imp__IsDebuggerPresent@0 10034008     kernel32:KERNEL32.dll
 0002:0000000c       __imp__SetUnhandledExceptionFilter@4 1003400c     kernel32:KERNEL32.dll
 0002:00000010       __imp__UnhandledExceptionFilter@4 10034010     kernel32:KERNEL32.dll
 0002:00000014       __imp__GetCurrentProcess@0 10034014     kernel32:KERNEL32.dll
 0002:00000018       __imp__TerminateProcess@8  10034018     kernel32:KERNEL32.dll
 0002:0000001c       __imp__InterlockedCompareExchange@12 1003401c     kernel32:KERNEL32.dll
 0002:00000020       __imp__Sleep@4             10034020     kernel32:KERNEL32.dll
 0002:00000024       __imp__InterlockedExchange@8 10034024     kernel32:KERNEL32.dll
 0002:00000028       __imp__DecodePointer@4     10034028     kernel32:KERNEL32.dll
 0002:0000002c       __imp__EncodePointer@4     1003402c     kernel32:KERNEL32.dll
 0002:00000030       __imp__GetTickCount@0      10034030     kernel32:KERNEL32.dll
 0002:00000034       __imp__GetCurrentThreadId@0 10034034     kernel32:KERNEL32.dll
 0002:00000038       __imp__GetCurrentProcessId@0 10034038     kernel32:KERNEL32.dll
 0002:0000003c       __imp__GetSystemTimeAsFileTime@4 1003403c     kernel32:KERNEL32.dll
 0002:00000040       __imp__QueryPerformanceCounter@4 10034040     kernel32:KERNEL32.dll
 0002:00000044       \177KERNEL32_NULL_THUNK_DATA 10034044     kernel32:KERNEL32.dll
 0002:00000048       __imp__realloc             10034048     MSVCRT:MSVCR100.dll
 0002:0000004c       __imp___except_handler4_common 1003404c     MSVCRT:MSVCR100.dll
 0002:00000050       __imp___onexit             10034050     MSVCRT:MSVCR100.dll
 0002:00000054       __imp___lock               10034054     MSVCRT:MSVCR100.dll
 0002:00000058       __imp____dllonexit         10034058     MSVCRT:MSVCR100.dll
 0002:0000005c       __imp___unlock             1003405c     MSVCRT:MSVCR100.dll
 0002:00000060       __imp____clean_type_info_names_internal 10034060     MSVCRT:MSVCR100.dll
 0002:00000064       __imp___crt_debugger_hook  10034064     MSVCRT:MSVCR100.dll
 0002:00000068       __imp____CppXcptFilter     10034068     MSVCRT:MSVCR100.dll
 0002:0000006c       __imp___amsg_exit          1003406c     MSVCRT:MSVCR100.dll
 0002:00000070       __imp___initterm_e         10034070     MSVCRT:MSVCR100.dll
 0002:00000074       __imp___initterm           10034074     MSVCRT:MSVCR100.dll
 0002:00000078       __imp___encoded_null       10034078     MSVCRT:MSVCR100.dll
 0002:0000007c       __imp___malloc_crt         1003407c     MSVCRT:MSVCR100.dll
 0002:00000080       __imp__ldexp               10034080     MSVCRT:MSVCR100.dll
 0002:00000084       __imp__strlen              10034084     MSVCRT:MSVCR100.dll
 0002:00000088       __imp__calloc              10034088     MSVCRT:MSVCR100.dll
 0002:0000008c       __imp___setjmp3            1003408c     MSVCRT:MSVCR100.dll
 0002:00000090       __imp__strrchr             10034090     MSVCRT:MSVCR100.dll
 0002:00000094       __imp__ceil                10034094     MSVCRT:MSVCR100.dll
 0002:00000098       __imp__strncmp             10034098     MSVCRT:MSVCR100.dll
 0002:0000009c       __imp__longjmp             1003409c     MSVCRT:MSVCR100.dll
 0002:000000a0       __imp__strncpy             100340a0     MSVCRT:MSVCR100.dll
 0002:000000a4       __imp__memcpy              100340a4     MSVCRT:MSVCR100.dll
 0002:000000a8       __imp__strcat              100340a8     MSVCRT:MSVCR100.dll
 0002:000000ac       __imp__sprintf             100340ac     MSVCRT:MSVCR100.dll
 0002:000000b0       __imp__strcmp              100340b0     MSVCRT:MSVCR100.dll
 0002:000000b4       __imp__free                100340b4     MSVCRT:MSVCR100.dll
 0002:000000b8       __imp__malloc              100340b8     MSVCRT:MSVCR100.dll
 0002:000000bc       __imp__memset              100340bc     MSVCRT:MSVCR100.dll
 0002:000000c0       \177MSVCR100_NULL_THUNK_DATA 100340c0     MSVCRT:MSVCR100.dll
 0002:000000c4       __imp__emlrtCheckBuiltInCtxR2011a 100340c4     libemlrt:libemlrt.dll
 0002:000000c8       __imp__emlrtIsEnumR2009a   100340c8     libemlrt:libemlrt.dll
 0002:000000cc       __imp__emlrtGetEnumUnderlyingArrayR2009a 100340cc     libemlrt:libemlrt.dll
 0002:000000d0       __imp__emlrtTranslateUTF16MessagetoLCPstring 100340d0     libemlrt:libemlrt.dll
 0002:000000d4       __imp__emlrtForLoopVectorIsValidR2011b 100340d4     libemlrt:libemlrt.dll
 0002:000000d8       __imp__emlrtTranslateMessageIDtoLCPstring 100340d8     libemlrt:libemlrt.dll
 0002:000000dc       __imp__emlrtExtractMessageId 100340dc     libemlrt:libemlrt.dll
 0002:000000e0       __imp__emlrtCheckVsBuiltInCtxR2011a 100340e0     libemlrt:libemlrt.dll
 0002:000000e4       __imp__emlrtCheckEnumR2009a 100340e4     libemlrt:libemlrt.dll
 0002:000000e8       __imp__emlrtCreateEnumR2010a 100340e8     libemlrt:libemlrt.dll
 0002:000000ec       __imp__emlrtGetEnumElementR2009a 100340ec     libemlrt:libemlrt.dll
 0002:000000f0       __imp__emlrtCreateReference 100340f0     libemlrt:libemlrt.dll
 0002:000000f4       __imp__emlrtImportVsFiArrayR2009b 100340f4     libemlrt:libemlrt.dll
 0002:000000f8       \177libemlrt_NULL_THUNK_DATA 100340f8     libemlrt:libemlrt.dll
 0002:000000fc       __imp__ssRegisterDataTypeFxpFSlopeFixExpBias 100340fc     libfixedpoint:libfixedpoint.dll
 0002:00000100       \177libfixedpoint_NULL_THUNK_DATA 10034100     libfixedpoint:libfixedpoint.dll
 0002:00000104       __imp__mexLock             10034104     libmex:libmex.dll
 0002:00000108       __imp__mexPutVariable      10034108     libmex:libmex.dll
 0002:0000010c       __imp__mexFunctionName     1003410c     libmex:libmex.dll
 0002:00000110       __imp__mexMakeArrayPersistent 10034110     libmex:libmex.dll
 0002:00000114       __imp__mexMakeMemoryPersistent 10034114     libmex:libmex.dll
 0002:00000118       __imp__mexGetVariable      10034118     libmex:libmex.dll
 0002:0000011c       __imp__mexErrMsgTxt        1003411c     libmex:libmex.dll
 0002:00000120       __imp__mexCallMATLAB       10034120     libmex:libmex.dll
 0002:00000124       __imp__mexWarnMsgTxt       10034124     libmex:libmex.dll
 0002:00000128       __imp__mexIsLocked         10034128     libmex:libmex.dll
 0002:0000012c       __imp__mexUnlock           1003412c     libmex:libmex.dll
 0002:00000130       __imp__mexSetTrapFlag      10034130     libmex:libmex.dll
 0002:00000134       \177libmex_NULL_THUNK_DATA 10034134     libmex:libmex.dll
 0002:00000138       __imp__muDoubleScalarIsNaN 10034138     libmwmathutil:libmwmathutil.dll
 0002:0000013c       __imp__muDoubleScalarAbs   1003413c     libmwmathutil:libmwmathutil.dll
 0002:00000140       __imp__muDoubleScalarCos   10034140     libmwmathutil:libmwmathutil.dll
 0002:00000144       __imp__muDoubleScalarSin   10034144     libmwmathutil:libmwmathutil.dll
 0002:00000148       \177libmwmathutil_NULL_THUNK_DATA 10034148     libmwmathutil:libmwmathutil.dll
 0002:0000014c       __imp__mxIsComplex         1003414c     libmx:libmx.dll
 0002:00000150       __imp__mxGetN              10034150     libmx:libmx.dll
 0002:00000154       __imp__mxGetM              10034154     libmx:libmx.dll
 0002:00000158       __imp__mxCalloc            10034158     libmx:libmx.dll
 0002:0000015c       __imp__mxGetPr             1003415c     libmx:libmx.dll
 0002:00000160       __imp__mxGetScalar         10034160     libmx:libmx.dll
 0002:00000164       __imp__mxCreateLogicalScalar 10034164     libmx:libmx.dll
 0002:00000168       __imp__mxIsLogicalScalarTrue 10034168     libmx:libmx.dll
 0002:0000016c       __imp__mxGetString_700     1003416c     libmx:libmx.dll
 0002:00000170       __imp__mxCreateStringFromNChars_700 10034170     libmx:libmx.dll
 0002:00000174       __imp__mxGetElementSize    10034174     libmx:libmx.dll
 0002:00000178       __imp__mxCreateNumericArray_700 10034178     libmx:libmx.dll
 0002:0000017c       __imp__mxGetNumberOfDimensions_700 1003417c     libmx:libmx.dll
 0002:00000180       __imp__mxGetDimensions_700 10034180     libmx:libmx.dll
 0002:00000184       __imp__mxCalcSingleSubscript_700 10034184     libmx:libmx.dll
 0002:00000188       __imp__mxCreateStructArray_700 10034188     libmx:libmx.dll
 0002:0000018c       __imp__mxCreateNumericMatrix_700 1003418c     libmx:libmx.dll
 0002:00000190       __imp__mxArrayClassIDName  10034190     libmx:libmx.dll
 0002:00000194       __imp__mxGetImagData       10034194     libmx:libmx.dll
 0002:00000198       __imp__mxGetData           10034198     libmx:libmx.dll
 0002:0000019c       __imp__mxIsEmpty           1003419c     libmx:libmx.dll
 0002:000001a0       __imp__mxIsNaN             100341a0     libmx:libmx.dll
 0002:000001a4       __imp__mxGetFieldNumber    100341a4     libmx:libmx.dll
 0002:000001a8       __imp__mxCreateStructMatrix_700 100341a8     libmx:libmx.dll
 0002:000001ac       __imp__mxGetNumberOfFields 100341ac     libmx:libmx.dll
 0002:000001b0       __imp__mxGetFieldNameByNumber 100341b0     libmx:libmx.dll
 0002:000001b4       __imp__mxGetFieldByNumber_700 100341b4     libmx:libmx.dll
 0002:000001b8       __imp__mxSetFieldByNumber_700 100341b8     libmx:libmx.dll
 0002:000001bc       __imp__mxIsSparse          100341bc     libmx:libmx.dll
 0002:000001c0       __imp__mxGetLogicals       100341c0     libmx:libmx.dll
 0002:000001c4       __imp__mxIsClass           100341c4     libmx:libmx.dll
 0002:000001c8       __imp__mxIsStruct          100341c8     libmx:libmx.dll
 0002:000001cc       __imp__mxGetNumberOfElements 100341cc     libmx:libmx.dll
 0002:000001d0       __imp__mxGetField_700      100341d0     libmx:libmx.dll
 0002:000001d4       __imp__mxAddField          100341d4     libmx:libmx.dll
 0002:000001d8       __imp__mxSetField_700      100341d8     libmx:libmx.dll
 0002:000001dc       __imp__mxGetClassName      100341dc     libmx:libmx.dll
 0002:000001e0       __imp__mxGetCell_700       100341e0     libmx:libmx.dll
 0002:000001e4       __imp__mxSetCell_700       100341e4     libmx:libmx.dll
 0002:000001e8       __imp__mxCreateCellMatrix_700 100341e8     libmx:libmx.dll
 0002:000001ec       __imp__mxArrayToString     100341ec     libmx:libmx.dll
 0002:000001f0       __imp__mxFree              100341f0     libmx:libmx.dll
 0002:000001f4       __imp__mxCreateDoubleMatrix_700 100341f4     libmx:libmx.dll
 0002:000001f8       __imp__mxIsNumeric         100341f8     libmx:libmx.dll
 0002:000001fc       __imp__mxGetClassID        100341fc     libmx:libmx.dll
 0002:00000200       __imp__mxIsChar            10034200     libmx:libmx.dll
 0002:00000204       __imp__mxGetString_730     10034204     libmx:libmx.dll
 0002:00000208       __imp__mxGetNaN            10034208     libmx:libmx.dll
 0002:0000020c       __imp__mxDuplicateArray    1003420c     libmx:libmx.dll
 0002:00000210       __imp__mxDestroyArray      10034210     libmx:libmx.dll
 0002:00000214       __imp__mxCreateStructMatrix_730 10034214     libmx:libmx.dll
 0002:00000218       __imp__mxCreateString      10034218     libmx:libmx.dll
 0002:0000021c       __imp__mxSetField_730      1003421c     libmx:libmx.dll
[...]
 0001:00010c40       _sf_mex_err                10011c40 f   sfc_mexmsvc80:sfc_mex.obj
 0001:00010cd0       _sf_error_dimension_out_of_bound 10011cd0 f   sfc_mexmsvc80:sfc_mex.obj
 0001:00010d70       _sf_mex_check_and_set_actual_dimensions 10011d70 f   sfc_mexmsvc80:sfc_mex.obj
 0001:00010ee0       _sf_mex_check_complex      10011ee0 f   sfc_mexmsvc80:sfc_mex.obj
 0001:00010f50       _sf_mex_check_sparse       10011f50 f   sfc_mexmsvc80:sfc_mex.obj
 0001:00010f90       _sf_mex_check_numerictype  10011f90 f   sfc_mexmsvc80:sfc_mex.obj
 0001:00011020       _sf_mex_check_fimath       10012020 f   sfc_mexmsvc80:sfc_mex.obj
 0001:00011720       _size_mismatch_error       10012720 f   sfc_mexmsvc80:sfc_mex.obj
 0001:00011f50       _check_array_dimensions    10012f50 f   sfc_mexmsvc80:sfc_mex.obj
 0001:00011fa0       _check_input_mxarray       10012fa0 f   sfc_mexmsvc80:sfc_mex.obj
 0001:00012640       _sf_numeric_value_to_double 10013640 f   sfc_mexmsvc80:sfc_mex.obj
 0001:00012680       _ml_generic_out_of_bounds_check 10013680 f   sfc_mexmsvc80:sfc_mex.obj
 0001:00012810       _ml_get_element_value_from_array 10013810 f   sfc_mexmsvc80:sfc_mex.obj
 0001:00012ce0       __ml_generic_castability_check 10013ce0 f   sfc_mexmsvc80:sfc_mex.obj
 0001:00013570       _ml_generic_castability_check 10014570 f   sfc_mexmsvc80:sfc_mex.obj
 0001:000135d0       _ml_check_mx_array_for_single_castability 100145d0 f   sfc_mexmsvc80:sfc_mex.obj
 0001:00013640       _ml_check_mx_array_for_logical_castability 10014640 f   sfc_mexmsvc80:sfc_mex.obj
 0001:000136a0       _ml_check_mx_array_for_int8_castability 100146a0 f   sfc_mexmsvc80:sfc_mex.obj
 0001:00013730       _ml_check_mx_array_for_uint8_castability 10014730 f   sfc_mexmsvc80:sfc_mex.obj
 0001:000137a0       _ml_check_mx_array_for_int16_castability 100147a0 f   sfc_mexmsvc80:sfc_mex.obj
 0001:00013810       _ml_check_mx_array_for_uint16_castability 10014810 f   sfc_mexmsvc80:sfc_mex.obj
 0001:00013880       _ml_check_mx_array_for_int32_castability 10014880 f   sfc_mexmsvc80:sfc_mex.obj
 0001:000138f0       _ml_check_mx_array_for_uint32_castability 100148f0 f   sfc_mexmsvc80:sfc_mex.obj
 0001:00013960       _ml_check_mx_array_for_castability 10014960 f   sfc_mexmsvc80:sfc_mex.obj
 0001:00013fe0       _set_data_value            10014fe0 f   sfc_mexmsvc80:sfc_mex.obj
 0001:000144b0       _get_data_value            100154b0 f   sfc_mexmsvc80:sfc_mex.obj
 0001:000145b0       _get_next_element_address  100155b0 f   sfc_mexmsvc80:sfc_mex.obj
 0001:00014650       _sf_normalize_index        10015650 f   sfc_mexmsvc80:sfc_mex.obj
 0001:000148e0       _ml_array_index_bound_check 100158e0 f   sfc_mexmsvc80:sfc_mex.obj
 0001:000151b0       _mx_value                  100161b0 f   sfc_mexmsvc80:sfc_mex.obj
 0001:00015200       _sf_create_numeric_array   10016200 f   sfc_mexmsvc80:sfc_mex.obj
 0001:00015280       _sf_mex_assign_to_mx_array 10016280 f   sfc_mexmsvc80:sfc_mex.obj
 0001:000154e0       _assign_from_mx_array      100164e0 f   sfc_mexmsvc80:sfc_mex.obj
 0001:00015ca0       _sf_mex_import_v           10016ca0 f   sfc_mexmsvc80:sfc_mex.obj
 0001:00016150       _get_machine_and_chart_file_number 10017150 f   sfc_mexmsvc80:sfc_sf.obj
 0001:00016210       _get_sfun_block_specialization 10017210 f   sfc_mexmsvc80:sfc_sf.obj
 0001:00016270       _call_sf_machine_global_method_dispatcher 10017270 f   sfc_mexmsvc80:sfc_sf.obj
 0001:00016420       _mdl_zeroCrossings_processing 10017420 f   sfc_mexmsvc80:sfc_sf.obj
 0001:000164d0       _mdl_derivatives_processing 100174d0 f   sfc_mexmsvc80:sfc_sf.obj
 0001:00016750       _mdl_outputs_continuous_legacy 10017750 f   sfc_mexmsvc80:sfc_sf.obj
 0001:000167d0       _mdl_outputs_processing    100177d0 f   sfc_mexmsvc80:sfc_sf.obj
 0001:00016a10       _mdl_enable_processing     10017a10 f   sfc_mexmsvc80:sfc_sf.obj
 0001:00016ac0       _mdl_disable_processing    10017ac0 f   sfc_mexmsvc80:sfc_sf.obj
 0001:00017550       _sf_call_output_fcn_enable_disable 10018550 f   sfc_mexmsvc80:sfc_sf.obj
 0001:00017770       _set_dwork_information_from_mx_array 10018770 f   sfc_mexmsvc80:sfc_sf.obj
 0001:00018050       _ptr2mxStruct              10019050 f   sfc_mexmsvc80:sfc_sf.obj
 0001:00018260       _SNPRINTF_WRAPPER          10019260 f   sfc_debugmsvc80:sfcdebug.obj
 0001:00018280       _sf_debug_chart_instance_initialized_quick 10019280 f   sfc_debugmsvc80:sfcdebug.obj
 0001:00018290       _sf_debug_chart_instance_initialized 10019290 f   sfc_debugmsvc80:sfcdebug.obj
 0001:00018410       _sfrtAddSize               10019410 f   sfc_debugmsvc80:sfcdebug.obj
 0001:000184c0       _sfrtGenSizeString         100194c0 f   sfc_debugmsvc80:sfcdebug.obj
 0001:00018940       _sf_debug_sim_status_listener 10019940 f   sfc_debugmsvc80:sfcdebug.obj
 0001:00018db0       _sf_debug_form_mask_bits   10019db0 f   sfc_debugmsvc80:sfcdebug.obj
 0001:00018df0       _sf_debug_form_sf_data_type_offsets 10019df0 f   sfc_debugmsvc80:sfcdebug.obj
 0001:00018e80       _sf_debug_free_all         10019e80 f   sfc_debugmsvc80:sfcdebug.obj
 0001:00019000       _sf_debug_append_debugger_context 1001a000 f   sfc_debugmsvc80:sfcdebug.obj
 0001:000192e0       _local_strdup              1001a2e0 f   sfc_debugmsvc80:sfcdebug.obj
 0001:00019f40       _sf_debug_em_terminate     1001af40 f   sfc_debugmsvc80:sfcdebug.obj
 0001:00019f80       _sf_debug_push_eml_function 1001af80 f   sfc_debugmsvc80:sfcdebug.obj
 0001:0001a010       _sf_debug_pop_eml_function 1001b010 f   sfc_debugmsvc80:sfcdebug.obj
 0001:0001a8f0       _sf_debug_get_machine_number_from_id_or_name 1001b8f0 f   sfc_debugmsvc80:sfcdebug.obj
 0001:0001aa50       _sf_debug_get_chart_number_from_id 1001ba50 f   sfc_debugmsvc80:sfcdebug.obj
 0001:0001b370       _sf_debug_transfer_control_to_debugger_GUI 1001c370 f   sfc_debugmsvc80:sfcdebug.obj
 0001:0001c0c0       _sf_debug_scripts_rehash   1001d0c0 f   sfc_debugmsvc80:sfcdebug.obj
 0001:0001c270       _sf_debug_get_script_line_count 1001d270 f   sfc_debugmsvc80:sfcdebug.obj
 0001:0001c710       _cv_eml_state_cvId         1001d710 f   sfc_debugmsvc80:sfcdebug.obj
 0001:0001c760       _cv_eml_trans_cvId         1001d760 f   sfc_debugmsvc80:sfcdebug.obj
 0001:0001d4b0       _sf_debug_data_array_bounds_error 1001e4b0 f   sfc_debugmsvc80:sfcdebug.obj
 0001:0001d7c0       _eml_debug_runtime_error_doclink 1001e7c0 f   sfc_debugmsvc80:sfcdebug.obj
 0001:0001d900       _sf_debug_runtime_error    1001e900 f   sfc_debugmsvc80:sfcdebug.obj
 0001:0001d950       _sf_debug_matlab_error     1001e950 f   sfc_debugmsvc80:sfcdebug.obj
 0001:0001dec0       _sf_debug_data_value_error 1001eec0 f   sfc_debugmsvc80:sfcdebug.obj
 0001:0001e4c0       _sf_debug_data_loss_error  1001f4c0 f   sfc_debugmsvc80:sfcdebug.obj
 0001:0001efe0       _call_cv_range_check       1001ffe0 f   sfc_debugmsvc80:sfcdebug.obj
 0001:0001f550       _sf_debug_invoke_cycle_detection_code 10020550 f   sfc_debugmsvc80:sfcdebug.obj
 0001:0001ff10       _sf_reset_debug_info_struct 10020f10 f   sfc_debugmsvc80:sfcdebug.obj
 0001:000205e0       _cv_script_cvId            100215e0 f   sfc_debugmsvc80:sfcdebug.obj
 0001:00020dd0       _sfc_api_chart_visible     10021dd0 f   sfc_debugmsvc80:sfc_api.obj
 0001:00020e80       _sfc_api_active_instance   10021e80 f   sfc_debugmsvc80:sfc_api.obj
 0001:00020f20       _sfc_api_machine_load      10021f20 f   sfc_debugmsvc80:sfc_api.obj
 0001:00021020       _sfc_api_debugger_alive    10022020 f   sfc_debugmsvc80:sfc_api.obj
 0001:00021030       _sfc_api_go                10022030 f   sfc_debugmsvc80:sfc_api.obj
 0001:00021040       _sfc_api_step_over         10022040 f   sfc_debugmsvc80:sfc_api.obj
 0001:00021050       _sfc_api_step_out          10022050 f   sfc_debugmsvc80:sfc_api.obj
 0001:00021060       _sfc_api_resume            10022060 f   sfc_debugmsvc80:sfc_api.obj
 0001:00021070       _sfc_api_break             10022070 f   sfc_debugmsvc80:sfc_api.obj
 0001:00021080       _sfc_api_stop_debugging    10022080 f   sfc_debugmsvc80:sfc_api.obj
 0001:000210d0       _sfc_api_is_cycle_detected 100220d0 f   sfc_debugmsvc80:sfc_api.obj
 0001:00021120       _sfc_api_is_array_bounds_detected 10022120 f   sfc_debugmsvc80:sfc_api.obj
 0001:00021170       _sfc_api_set_disable_all_breakpoints 10022170 f   sfc_debugmsvc80:sfc_api.obj
 0001:00021200       _sfc_api_disable_all_breakpoints_and_go 10022200 f   sfc_debugmsvc80:sfc_api.obj
 0001:00021210       _sfc_api_close             10022210 f   sfc_debugmsvc80:sfc_api.obj
 0001:00021220       _sfc_api_browse_data       10022220 f   sfc_debugmsvc80:sfc_api.obj
 0001:000212a0       _sfc_api_watch_data        100222a0 f   sfc_debugmsvc80:sfc_api.obj
 0001:00021320       _sfc_api_assign_data       10022320 f   sfc_debugmsvc80:sfc_api.obj
 0001:000213a0       _sfc_api_whos              100223a0 f   sfc_debugmsvc80:sfc_api.obj
 0001:00021430       _sfc_api_get_consistency_info 10022430 f   sfc_debugmsvc80:sfc_api.obj
 0001:00021450       _sfc_api_browse_trace      10022450 f   sfc_debugmsvc80:sfc_api.obj
 0001:00021470       _sfc_api_break_on_chart_entry 10022470 f   sfc_debugmsvc80:sfc_api.obj
 0001:000214b0       _sfc_api_break_on_event_broadcast 100224b0 f   sfc_debugmsvc80:sfc_api.obj
 0001:000214f0       _sfc_api_break_on_state_entry 100224f0 f   sfc_debugmsvc80:sfc_api.obj
 0001:00021530       _sfc_api_set_watch         10022530 f   sfc_debugmsvc80:sfc_api.obj
 0001:00021610       _sfc_api_set_breakpoints   10022610 f   sfc_debugmsvc80:sfc_api.obj
 0001:000216f0       _sfc_api_set_eml_breakpoints 100226f0 f   sfc_debugmsvc80:sfc_api.obj
 0001:000217a0       _sfc_api_set_script_breakpoints 100227a0 f   sfc_debugmsvc80:sfc_api.obj
 0001:00021800       _sfc_api_add_script_breakpoints 10022800 f   sfc_debugmsvc80:sfc_api.obj
 0001:00021860       _sfc_api_clear_script_breakpoints 10022860 f   sfc_debugmsvc80:sfc_api.obj
 0001:000218c0       _sfc_api_query_script_breakpoints 100228c0 f   sfc_debugmsvc80:sfc_api.obj
 0001:00021930       _sfc_api_get_script_id     10022930 f   sfc_debugmsvc80:sfc_api.obj
 0001:000219d0       _sfc_api_get_active_states 100229d0 f   sfc_debugmsvc80:sfc_api.obj
 0001:00021a40       _sfc_api_break_between_times 10022a40 f   sfc_debugmsvc80:sfc_api.obj
 0001:00021aa0       _sfc_api_get_instance_handle 10022aa0 f   sfc_debugmsvc80:sfc_api.obj
 0001:00021b80       _sfc_api_set_animation     10022b80 f   sfc_debugmsvc80:sfc_api.obj
 0001:00021be0       _sfc_api_select_chart      10022be0 f   sfc_debugmsvc80:sfc_api.obj
 0001:00021c70       _sfc_api_select_charts     10022c70 f   sfc_debugmsvc80:sfc_api.obj
 0001:00021ca0       _sfc_api_cycle_detection_check 10022ca0 f   sfc_debugmsvc80:sfc_api.obj
 0001:00021d00       _sfc_api_data_range_check  10022d00 f   sfc_debugmsvc80:sfc_api.obj
 0001:00021d60       _sfc_api_transition_conflict_check 10022d60 f   sfc_debugmsvc80:sfc_api.obj
 0001:00021dc0       _sfc_api_state_consistency_check 10022dc0 f   sfc_debugmsvc80:sfc_api.obj
 0001:00021e20       _sfc_api_set_instance_cv_ids 10022e20 f   sfc_debugmsvc80:sfc_api.obj
 0001:00021f50       _sfc_api_set_script_cv_ids 10022f50 f   sfc_debugmsvc80:sfc_api.obj
 0001:00021ff0       _sfc_api_get_current_machine_id 10022ff0 f   sfc_debugmsvc80:sfc_api.obj
 0001:00022020       _sfc_api_get_current_machine_number 10023020 f   sfc_debugmsvc80:sfc_api.obj
 0001:00022050       _sfc_api_get_current_chart_number 10023050 f   sfc_debugmsvc80:sfc_api.obj
 0001:00022080       _sfc_api_get_current_instance_number 10023080 f   sfc_debugmsvc80:sfc_api.obj
 0001:000220b0       _sfc_api_get_current_instance_handle 100230b0 f   sfc_debugmsvc80:sfc_api.obj
 0001:000220d0       _sfc_api_get_current_is_minor_time_step 100230d0 f   sfc_debugmsvc80:sfc_api.obj
 0001:00022100       _sfc_api_get_current_machine_name 10023100 f   sfc_debugmsvc80:sfc_api.obj
 0001:00022120       _sfc_api_get_current_chart_id 10023120 f   sfc_debugmsvc80:sfc_api.obj
 0001:00022150       _sfc_api_get_current_object_type 10023150 f   sfc_debugmsvc80:sfc_api.obj
 0001:00022180       _sfc_api_get_current_event_type 10023180 f   sfc_debugmsvc80:sfc_api.obj
 0001:000221b0       _sfc_api_get_current_object_id 100231b0 f   sfc_debugmsvc80:sfc_api.obj
 0001:000221e0       _sfc_get_current_active_event_type 100231e0 f   sfc_debugmsvc80:sfc_api.obj
 0001:00022210       _sfc_api_get_current_active_event_id 10023210 f   sfc_debugmsvc80:sfc_api.obj
 0001:00022240       _sfc_api_get_current_simulation_time 10023240 f   sfc_debugmsvc80:sfc_api.obj
 0001:00022260       _sfc_get_current_tag_type  10023260 f   sfc_debugmsvc80:sfc_api.obj
 0001:00022290       _sfc_get_current_coverage_percentage 10023290 f   sfc_debugmsvc80:sfc_api.obj
 0001:000222b0       _sfc_get_current_statement_context 100232b0 f   sfc_debugmsvc80:sfc_api.obj
 0001:000222d0       _sfc_get_current_optional_integer 100232d0 f   sfc_debugmsvc80:sfc_api.obj
 0001:00022300       _sfc_get_current_statement_info 10023300 f   sfc_debugmsvc80:sfc_api.obj
 0001:000223a0       _sfc_api_get               100233a0 f   sfc_debugmsvc80:sfc_api.obj
 0001:000224a0       _sf_debug_sm_is_using_unified_editors 100234a0 f   sfc_debugmsvc80:sfdb_animation.obj
 0001:00022520       _sf_debug_sm_is_chart_visible_in_unified_editors 10023520 f   sfc_debugmsvc80:sfdb_animation.obj
 0001:000225c0       _sf_debug_sm_check_if_chart_is_visible 100235c0 f   sfc_debugmsvc80:sfdb_animation.obj
 0001:00022ee0       _sf_debug_sm_fill_state_activity_data 10023ee0 f   sfc_debugmsvc80:sfdb_animation.obj
 0001:00024e40       _sf_debug_hm_get_simulink_handle 10025e40 f   sfc_debugmsvc80:sfdb_handle_management.obj
 0001:00025800       _sf_debug_hm_initialize_globals 10026800 f   sfc_debugmsvc80:sfdb_handle_management.obj
 0001:000258f0       _sf_debug_hm_get_machine_debug_flag 100268f0 f   sfc_debugmsvc80:sfdb_handle_management.obj
 0001:00025a40       _sf_debug_hm_get_machine_id 10026a40 f   sfc_debugmsvc80:sfdb_handle_management.obj
 0001:00025b50       _sf_debug_hm_get_chart_id  10026b50 f   sfc_debugmsvc80:sfdb_handle_management.obj
 0001:00025cc0       _sf_debug_hm_register_executing_SFunction 10026cc0 f   sfc_debugmsvc80:sfdb_handle_management.obj
 0001:00025e10       _sf_debug_hm_get_chart_active_instance 10026e10 f   sfc_debugmsvc80:sfdb_handle_management.obj
 0001:00025f40       _sf_debug_hm_get_chart_visibility 10026f40 f   sfc_debugmsvc80:sfdb_handle_management.obj
 0001:00026080       _sf_debug_hm_form_object_boolean_properties 10027080 f   sfc_debugmsvc80:sfdb_handle_management.obj
 0001:000262f0       _sf_debug_hm_form_object_properties 100272f0 f   sfc_debugmsvc80:sfdb_handle_management.obj
 0001:000264f0       _sf_debug_hm_terminate_charts 100274f0 f   sfc_debugmsvc80:sfdb_handle_management.obj
 0001:00026b00       _sf_debug_hm_terminate_machines 10027b00 f   sfc_debugmsvc80:sfdb_handle_management.obj
 0001:000280e0       _void_ptr_stack_vector_free_total 100290e0 f   sfc_debugmsvc80:sfdb_data_browse.obj
 0001:00028140       _sf_debug_st_terminate_machine 10029140 f   sfc_debugmsvc80:sfdb_data_browse.obj
 0001:00028170       _sf_debug_st_terminate_instance 10029170 f   sfc_debugmsvc80:sfdb_data_browse.obj
 0001:000282f0       _push_on_to_void_ptr_stack 100292f0 f   sfc_debugmsvc80:sfdb_data_browse.obj
 0001:00028420       _pop_from_void_ptr_stack   10029420 f   sfc_debugmsvc80:sfdb_data_browse.obj
 0001:00028520       _sf_debug_st_get_data_value 10029520 f   sfc_debugmsvc80:sfdb_data_browse.obj
 0001:000289c0       _mx_value                  100299c0 f   sfc_debugmsvc80:sfdb_data_browse.obj
 0001:000289f0       _sf_debug_st_fill_data_struct 100299f0 f   sfc_debugmsvc80:sfdb_data_browse.obj
 0001:00028cc0       _data_type_format_strings  10029cc0 f   sfc_debugmsvc80:sfdb_data_browse.obj
 0001:00028d30       _sf_debug_st_fill_data     10029d30 f   sfc_debugmsvc80:sfdb_data_browse.obj
 0001:00029af0       _sf_debug_ss_copy_dimension 1002aaf0 f   sfc_debugmsvc80:sfdb_symbol_scope.obj
 0001:00029b60       _sf_debug_ss_get_number_elements 1002ab60 f   sfc_debugmsvc80:sfdb_symbol_scope.obj
 0001:00029b80       _sf_debug_ss_fill_data_struct 1002ab80 f   sfc_debugmsvc80:sfdb_symbol_scope.obj
 0001:00029d70       _sf_debug_ss_reset_data_info 1002ad70 f   sfc_debugmsvc80:sfdb_symbol_scope.obj
 0001:00029dc0       _sf_debug_fill_data_info_by_symbol_scope_entry 1002adc0 f   sfc_debugmsvc80:sfdb_symbol_scope.obj
 0001:00029e70       _sf_debug_fill_data_info_by_data_vector 1002ae70 f   sfc_debugmsvc80:sfdb_symbol_scope.obj
 0001:0002a030       _sf_debug_ss_get_data_info 1002b030 f   sfc_debugmsvc80:sfdb_symbol_scope.obj
 0001:0002a270       _sf_debug_select_mex_function 1002b270 f   sfc_debugmsvc80:sfdb_symbol_scope.obj
 0001:0002a2a0       _sf_debug_is_dyn_matrix_initialized 1002b2a0 f   sfc_debugmsvc80:sfdb_symbol_scope.obj
 0001:0002a2c0       _sf_debug_ss_set_data_value_try 1002b2c0 f   sfc_debugmsvc80:sfdb_symbol_scope.obj
 0001:0002a3f0       _sf_debug_ss_get_data_value 1002b3f0 f   sfc_debugmsvc80:sfdb_symbol_scope.obj
 0001:0002a7d0       _sf_debug_ss_data_bytes_string 1002b7d0 f   sfc_debugmsvc80:sfdb_symbol_scope.obj
 0001:0002a840       _sf_debug_ss_data_class_string 1002b840 f   sfc_debugmsvc80:sfdb_symbol_scope.obj
 0001:0002ab90       _sf_debug_ss_data_size_string 1002bb90 f   sfc_debugmsvc80:sfdb_symbol_scope.obj
 0001:0002ac50       _sf_debug_ss_data_create_data_info_struct 1002bc50 f   sfc_debugmsvc80:sfdb_symbol_scope.obj
 0001:0002aeb0       _sf_debug_ss_data_create_name_value_pair 1002beb0 f   sfc_debugmsvc80:sfdb_symbol_scope.obj
 0001:0002af10       _sf_debug_ss_data_get_whos_info 1002bf10 f   sfc_debugmsvc80:sfdb_symbol_scope.obj
 0001:0002af40       _same_named_data_in_data_array 1002bf40 f   sfc_debugmsvc80:sfdb_symbol_scope.obj
 0001:0002c460       _sf_debug_cc_terminate_chart 1002d460 f   sfc_debugmsvc80:sfdb_coverage.obj
 0001:0002c740       _sf_debug_cc_terminate_instance 1002d740 f   sfc_debugmsvc80:sfdb_coverage.obj
 0001:0002d150       _sf_debug_cc_mark_object_if_needed 1002e150 f   sfc_debugmsvc80:sfdb_coverage.obj
 0001:0002d8d0       _sf_debug_bm_initialize_eml 1002e8d0 f   sfc_debugmsvc80:sfdb_breakpoints.obj
 0001:0002e8b0       _sf_debug_bm_map_debug_tag_to_breakpoint_tag 1002f8b0 f   sfc_debugmsvc80:sfdb_breakpoints.obj
 0001:0002e950       _sf_debug_bm_is_a_eml_breakpoint_impl 1002f950 f   sfc_debugmsvc80:sfdb_breakpoints.obj
 0001:0002fef0       _sf_debug_sc_push_on_error_stack 10030ef0 f   sfc_debugmsvc80:sfdb_state_consistency.obj
 0001:00030000       _sf_debug_sc_reset_error_stack 10031000 f   sfc_debugmsvc80:sfdb_state_consistency.obj
 0001:00030150       _sf_debug_sc_is_state_inconsistent 10031150 f   sfc_debugmsvc80:sfdb_state_consistency.obj
 0001:00030370       _sf_debug_sc_fill_consistency_info 10031370 f   sfc_debugmsvc80:sfdb_state_consistency.obj
 0001:000307f0       _void_assertion_fcn        100317f0 f   sfc_debugmsvc80:sfdb_call_stack.obj
 0001:00030ce0       _sf_debug_tm_fill_local_trace 10031ce0 f   sfc_debugmsvc80:sfdb_call_stack.obj
 0001:00031160       _sf_debug_cd_terminate_instance 10032160 f   sfc_debugmsvc80:sfdb_cycle_detection.obj
 0001:000311c0       _sf_debug_cd_free_checksum_stack 100321c0 f   sfc_debugmsvc80:sfdb_cycle_detection.obj
 0001:000311f0       _sf_debug_cd_reset_pack_strings 100321f0 f   sfc_debugmsvc80:sfdb_cycle_detection.obj
 0001:00031840       _md5file_clear             10032840 f   sfc_debugmsvc80:ckmd5.obj
 0001:00031870       _Encode                    10032870 f   sfc_debugmsvc80:ckmd5.obj
 0001:000318b0       _Decode                    100328b0 f   sfc_debugmsvc80:ckmd5.obj
 0001:00031930       _MD5Transform              10032930 f   sfc_debugmsvc80:ckmd5.obj
 0001:00031ff0       _md5file_addn              10032ff0 f   sfc_debugmsvc80:ckmd5.obj
 0001:000320a0       _md5file_hash              100330a0 f   sfc_debugmsvc80:ckmd5.obj
 0001:00032571       _pre_c_init                10033571 f   MSVCRT:crtdll.obj
 0001:000327c9       ___DllMainCRTStartup       100337c9 f   MSVCRT:crtdll.obj
