 hapticsSimBlk_pd_sfun

 Timestamp is 514e4330 (Sat Mar 23 17:05:04 2013)

 Preferred load address is 10000000

 Start         Length     Name                   Class
 0001:00000000 000296e4H .text                   CODE
 0002:00000000 0000022cH .idata$5                DATA
 0002:0000022c 00000004H .CRT$XCA                DATA
 0002:00000230 00000004H .CRT$XCZ                DATA
 0002:00000234 00000004H .CRT$XIA                DATA
 0002:00000238 00000004H .CRT$XIAA               DATA
 0002:0000023c 00000004H .CRT$XIC                DATA
 0002:00000240 00000004H .CRT$XIZ                DATA
 0002:00000248 000044a0H .rdata                  DATA
 0002:000046f0 00000004H .rdata$sxdata           DATA
 0002:000046f4 00000004H .rtc$IAA                DATA
 0002:000046f8 00000004H .rtc$IZZ                DATA
 0002:000046fc 00000004H .rtc$TAA                DATA
 0002:00004700 00000004H .rtc$TZZ                DATA
 0002:00004708 00000064H .xdata$x                DATA
 0002:0000476c 0000008cH .idata$2                DATA
 0002:000047f8 00000014H .idata$3                DATA
 0002:0000480c 0000022cH .idata$4                DATA
 0002:00004a38 00000a1eH .idata$6                DATA
 0002:00005460 0000005bH .edata                  DATA
 0003:00000000 000012e0H .data                   DATA
 0003:000012e0 00002328H .bss                    DATA

  Address         Publics by Value              Rva+Base       Lib:Object

 0000:00000000       __except_list              00000000     <absolute>
 0000:00000001       ___safe_se_handler_count   00000001     <absolute>
 0000:00009876       __ldused                   00009876     <absolute>
 0000:00009876       __fltused                  00009876     <absolute>
 0000:00000000       ___ImageBase               10000000     <linker-defined>
 0001:00000000       _sf_c2_hapticsSimBlk_pd_get_eml_resolved_functions_info 10001000 f   c2_hapticsSimBlk_pd.obj
 0001:00000050       _sf_c2_hapticsSimBlk_pd_get_check_sum 10001050 f   c2_hapticsSimBlk_pd.obj
 0001:000000b0       _sf_c2_hapticsSimBlk_pd_get_autoinheritance_info 100010b0 f   c2_hapticsSimBlk_pd.obj
 0001:000003d0       _sf_internal_get_sim_state_c2_hapticsSimBlk_pd 100013d0 f   c2_hapticsSimBlk_pd.obj
 0001:00000690       _sf_internal_set_sim_state_c2_hapticsSimBlk_pd 10001690 f   c2_hapticsSimBlk_pd.obj
 0001:00000a00       _c2_hapticsSimBlk_pd_method_dispatcher 10001a00 f   c2_hapticsSimBlk_pd.obj
 0001:00001b90       _sf_process_check_sum_call 10002b90 f   hapticsSimBlk_pd_sfun_registry.obj
 0001:00001bc0       _sf_process_autoinheritance_call 10002bc0 f   hapticsSimBlk_pd_sfun_registry.obj
 0001:00001d00       _sf_process_get_eml_resolved_functions_info_call 10002d00 f   hapticsSimBlk_pd_sfun_registry.obj
 0001:00001e20       _sf_mex_unlock_call        10002e20 f   hapticsSimBlk_pd_sfun_registry.obj
 0001:00001eb0       _sf_machine_global_initializer_called 10002eb0 f   hapticsSimBlk_pd_sfun_registry.obj
 0001:00001ed0       _sf_machine_global_method_dispatcher 10002ed0 f   hapticsSimBlk_pd_sfun_registry.obj
 0001:00001f10       _sf_machine_global_terminator 10002f10 f   hapticsSimBlk_pd_sfun_registry.obj
 0001:00001f40       _sf_register_machine_exported_symbols 10002f40 f   hapticsSimBlk_pd_sfun_registry.obj
 0001:00001f60       _callCustomFcn             10002f60 f   hapticsSimBlk_pd_sfun_registry.obj
 0001:00001f70       _sf_machine_global_initializer 10002f70 f   hapticsSimBlk_pd_sfun_registry.obj
 0001:00001fd0       __ssSetStateAbsTol         10002fd0 f   hapticsSimBlk_pd_sfun_registry.obj
 0001:00002070       __ssGetAbsTol              10003070 f   hapticsSimBlk_pd_sfun_registry.obj
 0001:000020c0       __ssSetInputPortMatrixDimensions 100030c0 f   hapticsSimBlk_pd_sfun_registry.obj
 0001:00002170       __ssSetOutputPortMatrixDimensions 10003170 f   hapticsSimBlk_pd_sfun_registry.obj
 0001:00002220       __ssSetInputPortVectorDimension 10003220 f   hapticsSimBlk_pd_sfun_registry.obj
 0001:000022a0       __ssSetOutputPortVectorDimension 100032a0 f   hapticsSimBlk_pd_sfun_registry.obj
 0001:00002320       _ssIsRunTimeParamTunable   10003320 f   hapticsSimBlk_pd_sfun_registry.obj
 0001:00002380       _ssGetSFuncBlockHandle     10003380 f   hapticsSimBlk_pd_sfun_registry.obj
 0001:000023d0       __ssGetCurrentInputPortWidth 100033d0 f   hapticsSimBlk_pd_sfun_registry.obj
 0001:000024a0       __ssGetCurrentOutputPortWidth 100034a0 f   hapticsSimBlk_pd_sfun_registry.obj
 0001:00002570       __ssGetCallSystemNumFcnCallDestinations 10003570 f   hapticsSimBlk_pd_sfun_registry.obj
 0001:000025d0       _ssWarning                 100035d0 f   hapticsSimBlk_pd_sfun_registry.obj
 0001:000026b0       _ssGetIsZeroCrossControlDisabled 100036b0 f   hapticsSimBlk_pd_sfun_registry.obj
 0001:00002710       _ssSetIsInputPortUsedForContZcSignal 10003710 f   hapticsSimBlk_pd_sfun_registry.obj
 0001:00002760       _ssSetZcSignalIsZcElementDisc 10003760 f   hapticsSimBlk_pd_sfun_registry.obj
 0001:000027e0       _ssSetZcSignalName         100037e0 f   hapticsSimBlk_pd_sfun_registry.obj
 0001:00002830       _ssSetZcSignalWidth        10003830 f   hapticsSimBlk_pd_sfun_registry.obj
 0001:00002880       _ssSetZcSignalZcEventType  10003880 f   hapticsSimBlk_pd_sfun_registry.obj
 0001:000028d0       _ssSetZcSignalType         100038d0 f   hapticsSimBlk_pd_sfun_registry.obj
 0001:00002920       _ssSetZcSignalZcTol        10003920 f   hapticsSimBlk_pd_sfun_registry.obj
 0001:00002970       _ssSetZcSignalNeedsEventNotification 10003970 f   hapticsSimBlk_pd_sfun_registry.obj
 0001:000029c0       _ssCreateAndAddZcSignalInfo 100039c0 f   hapticsSimBlk_pd_sfun_registry.obj
 0001:00002a20       _ssCloneAndAddZcSignalInfo 10003a20 f   hapticsSimBlk_pd_sfun_registry.obj
 0001:00002a80       _ssGetNumZcSignals         10003a80 f   hapticsSimBlk_pd_sfun_registry.obj
 0001:00002ae0       _ssGetZcSignalVector       10003ae0 f   hapticsSimBlk_pd_sfun_registry.obj
 0001:00002b40       _ssGetZcSignalZcEvents     10003b40 f   hapticsSimBlk_pd_sfun_registry.obj
 0001:00002ba0       _ssGetZcSignalName         10003ba0 f   hapticsSimBlk_pd_sfun_registry.obj
 0001:00002c00       _ssGetZcSignalWidth        10003c00 f   hapticsSimBlk_pd_sfun_registry.obj
 0001:00002c60       _ssGetZcSignalZcEventType  10003c60 f   hapticsSimBlk_pd_sfun_registry.obj
 0001:00002cc0       _ssGetZcSignalType         10003cc0 f   hapticsSimBlk_pd_sfun_registry.obj
 0001:00002d20       _ssGetZcSignalZcTol        10003d20 f   hapticsSimBlk_pd_sfun_registry.obj
 0001:00002d80       _ssGetZcSignalNeedsEventNotification 10003d80 f   hapticsSimBlk_pd_sfun_registry.obj
 0001:00002de0       _ssGetZcSignalIsZcElementDisc 10003de0 f   hapticsSimBlk_pd_sfun_registry.obj
 0001:00002e60       _ssGetIsInputPortElementContinuous 10003e60 f   hapticsSimBlk_pd_sfun_registry.obj
 0001:00002ee0       __ssGetInputPortSignalPtrsFcn 10003ee0 f   hapticsSimBlk_pd_sfun_registry.obj
 0001:000030e0       __ssGetInputPortSignalFcn  100040e0 f   hapticsSimBlk_pd_sfun_registry.obj
 0001:00003270       __ssSetInputPortDirectFeedThroughFcn 10004270 f   hapticsSimBlk_pd_sfun_registry.obj
 0001:000033a0       __ssSetInputPortReusableFcn 100043a0 f   hapticsSimBlk_pd_sfun_registry.obj
 0001:00003430       __ssSetOutputPortReusableFcn 10004430 f   hapticsSimBlk_pd_sfun_registry.obj
 0001:000034c0       _ssGetDTypeIdFromMxArray   100044c0 f   hapticsSimBlk_pd_sfun_registry.obj
 0001:000035b0       _ssWriteRTWStr             100045b0 f   hapticsSimBlk_pd_sfun_registry.obj
 0001:000035f0       _ssWriteRTWMxVectParam     100045f0 f   hapticsSimBlk_pd_sfun_registry.obj
 0001:00003630       _ssWriteRTWMx2dMatParam    10004630 f   hapticsSimBlk_pd_sfun_registry.obj
 0001:00003670       _ssWriteRTWNameValuePair   10004670 f   hapticsSimBlk_pd_sfun_registry.obj
 0001:000039e0       _ssWriteRTWParameters      100049e0 f   hapticsSimBlk_pd_sfun_registry.obj
 0001:00003d80       _ssWriteRTWParamSettings   10004d80 f   hapticsSimBlk_pd_sfun_registry.obj
 0001:00004230       _ssWriteRTWWorkVect        10005230 f   hapticsSimBlk_pd_sfun_registry.obj
 0001:000045c0       _mexFunction               100055c0 f   hapticsSimBlk_pd_sfun_registry.obj
 0001:00005c90       _ProcessMexSfunctionEveryCall 10006c90 f   hapticsSimBlk_pd_sfun_registry.obj
 0001:00005da0       _hapticsSimBlk_pd_initializer 10006da0 f   hapticsSimBlk_pd_sfun.obj
 0001:00005db0       _hapticsSimBlk_pd_terminator 10006db0 f   hapticsSimBlk_pd_sfun.obj
 0001:00005dc0       _sf_hapticsSimBlk_pd_method_dispatcher 10006dc0 f   hapticsSimBlk_pd_sfun.obj
 0001:00005df0       _sf_hapticsSimBlk_pd_process_check_sum_call 10006df0 f   hapticsSimBlk_pd_sfun.obj
 0001:000061a0       _sf_hapticsSimBlk_pd_autoinheritance_info 100071a0 f   hapticsSimBlk_pd_sfun.obj
 0001:000062c0       _sf_hapticsSimBlk_pd_get_eml_resolved_functions_info 100072c0 f   hapticsSimBlk_pd_sfun.obj
 0001:000063b0       _hapticsSimBlk_pd_debug_initialize 100073b0 f   hapticsSimBlk_pd_sfun.obj
 0001:00006400       _hapticsSimBlk_pd_register_exported_symbols 10007400 f   hapticsSimBlk_pd_sfun.obj
 0001:00006410       _load_hapticsSimBlk_pd_optimization_info 10007410 f   hapticsSimBlk_pd_sfun.obj
 0001:00006450       _unload_hapticsSimBlk_pd_optimization_info 10007450 f   hapticsSimBlk_pd_sfun.obj
 0001:000064e0       _sf_mex_mx_is_numeric      100074e0 f   sfc_mexmsvc80:sfc_mex.obj
 0001:00006520       _strcmp_ignore_ws          10007520 f   sfc_mexmsvc80:sfc_mex.obj
 0001:00006640       _sf_mex_duplicatearraysafe 10007640 f   sfc_mexmsvc80:sfc_mex.obj
 0001:00006820       _sf_set_error_debugger_context_message_fcn 10007820 f   sfc_mexmsvc80:sfc_mex.obj
 0001:00006830       _sf_set_debugger_matlab_error_fcn 10007830 f   sfc_mexmsvc80:sfc_mex.obj
 0001:00006850       _sf_set_error_prefix_string 10007850 f   sfc_mexmsvc80:sfc_mex.obj
 0001:00006880       _sf_get_error_prefix_string 10007880 f   sfc_mexmsvc80:sfc_mex.obj
 0001:00006890       _sf_mex_enter_parallel_region 10007890 f   sfc_mexmsvc80:sfc_mex.obj
 0001:000068a0       _sf_mex_exit_parallel_region 100078a0 f   sfc_mexmsvc80:sfc_mex.obj
 0001:000068b0       _sf_get_current_jmp_buf_ptr 100078b0 f   sfc_mexmsvc80:sfc_mex.obj
 0001:000068c0       _sf_set_current_jmp_buf_ptr 100078c0 f   sfc_mexmsvc80:sfc_mex.obj
 0001:000068d0       _sf_mex_set_halt_simulation 100078d0 f   sfc_mexmsvc80:sfc_mex.obj
 0001:000068e0       _sf_mex_get_halt_simulation 100078e0 f   sfc_mexmsvc80:sfc_mex.obj
 0001:000068f0       _sf_mex_clear_error_message 100078f0 f   sfc_mexmsvc80:sfc_mex.obj
 0001:00006910       _sf_mex_get_error_message_for_read 10007910 f   sfc_mexmsvc80:sfc_mex.obj
 0001:00006920       _sf_mex_get_error_message_buffer_length 10007920 f   sfc_mexmsvc80:sfc_mex.obj
 0001:000069f0       _sf_mex_warning_message    100079f0 f   sfc_mexmsvc80:sfc_mex.obj
 0001:00006a40       _sf_mex_v_errbuf_createf   10007a40 f   sfc_mexmsvc80:sfc_mex.obj
 0001:00006a60       _sf_mex_errbuf_createf     10007a60 f   sfc_mexmsvc80:sfc_mex.obj
 0001:00006a80       _sf_mex_v_errbuf_catf      10007a80 f   sfc_mexmsvc80:sfc_mex.obj
 0001:00006ac0       _sf_mex_errbuf_catf        10007ac0 f   sfc_mexmsvc80:sfc_mex.obj
 0001:00006b00       _sf_mex_errbuf_copy        10007b00 f   sfc_mexmsvc80:sfc_mex.obj
 0001:00006b20       _sf_mex_errbuf_clear       10007b20 f   sfc_mexmsvc80:sfc_mex.obj
 0001:00006b30       _sf_mex_errbuf_isempty     10007b30 f   sfc_mexmsvc80:sfc_mex.obj
 0001:00006bc0       _sf_mex_set_error_status   10007bc0 f   sfc_mexmsvc80:sfc_mex.obj
 0001:00006bf0       _sf_mex_error_direct_call  10007bf0 f   sfc_mexmsvc80:sfc_mex.obj
 0001:00006c10       _sf_mex_error_message_no_long_jump 10007c10 f   sfc_mexmsvc80:sfc_mex.obj
 0001:00006c40       _sf_mex_long_jump_on_error 10007c40 f   sfc_mexmsvc80:sfc_mex.obj
 0001:00006c70       _sf_mex_call_matlab        10007c70 f   sfc_mexmsvc80:sfc_mex.obj
 0001:00006d40       _sf_mex_check_builtin      10007d40 f   sfc_mexmsvc80:sfc_mex.obj
 0001:00006d70       _sf_mex_check_builtin_vs   10007d70 f   sfc_mexmsvc80:sfc_mex.obj
 0001:00006db0       _sf_mex_check_enum         10007db0 f   sfc_mexmsvc80:sfc_mex.obj
 0001:00006de0       _sf_mex_create_enum        10007de0 f   sfc_mexmsvc80:sfc_mex.obj
 0001:00006e00       _sf_mex_get_enum_element   10007e00 f   sfc_mexmsvc80:sfc_mex.obj
 0001:00006e10       _sf_mex_createcellarray    10007e10 f   sfc_mexmsvc80:sfc_mex.obj
 0001:00006e30       _sf_mex_setcell            10007e30 f   sfc_mexmsvc80:sfc_mex.obj
 0001:00006e40       _sf_mex_getcell            10007e40 f   sfc_mexmsvc80:sfc_mex.obj
 0001:00006e50       _sf_mex_dup                10007e50 f   sfc_mexmsvc80:sfc_mex.obj
 0001:00006e80       _sf_mex_assign             10007e80 f   sfc_mexmsvc80:sfc_mex.obj
 0001:00006ed0       _sf_mex_destroy            10007ed0 f   sfc_mexmsvc80:sfc_mex.obj
 0001:00006ef0       _mx_array_has_fi_type      10007ef0 f   sfc_mexmsvc80:sfc_mex.obj
 0001:00006f20       _sf_mex_convert_from_fi    10007f20 f   sfc_mexmsvc80:sfc_mex.obj
 0001:00006fa0       _sf_mex_convert_to_double  10007fa0 f   sfc_mexmsvc80:sfc_mex.obj
 0001:00006fe0       _sf_mex_import_fi_vs       10007fe0 f   sfc_mexmsvc80:sfc_mex.obj
 0001:00007140       _sf_matrix_matrix_index_ok 10008140 f   sfc_mexmsvc80:sfc_mex.obj
 0001:000071b0       _sf_vector_vector_index_ok 100081b0 f   sfc_mexmsvc80:sfc_mex.obj
 0001:000071e0       _ssGetCurrentInputPortDimensions_wrapper 100081e0 f   sfc_mexmsvc80:sfc_mex.obj
 0001:00007200       _ssGetCurrentOutputPortDimensions_wrapper 10008200 f   sfc_mexmsvc80:sfc_mex.obj
 0001:00007220       _sf_mex_emlrt_context_is_debug_mode 10008220 f   sfc_mexmsvc80:sfc_mex.obj
 0001:00007230       _sf_mex_emlrt_context_set_debug_mode 10008230 f   sfc_mexmsvc80:sfc_mex.obj
 0001:00007280       _sf_clear_error_manager_info 10008280 f   sfc_mexmsvc80:sfc_mex.obj
 0001:000072d0       _sf_mex_stop_simulation_abruptly_wo_error 100082d0 f   sfc_mexmsvc80:sfc_mex.obj
 0001:00007300       _sf_mex_error_message      10008300 f   sfc_mexmsvc80:sfc_mex.obj
 0001:00007350       _sf_react_to_error_in_matlab_call 10008350 f   sfc_mexmsvc80:sfc_mex.obj
 0001:00007370       _sf_mex_addfield           10008370 f   sfc_mexmsvc80:sfc_mex.obj
 0001:000073e0       _sf_mex_getfield           100083e0 f   sfc_mexmsvc80:sfc_mex.obj
 0001:00007660       _sf_mex_check_class        10008660 f   sfc_mexmsvc80:sfc_mex.obj
 0001:000076d0       _sf_mex_is_real            100086d0 f   sfc_mexmsvc80:sfc_mex.obj
 0001:000078e0       _sf_mex_decode_encoded_mx_struct_array 100088e0 f   sfc_mexmsvc80:sfc_mex.obj
 0001:00007a80       _sf_mex_lw_bounds_check    10008a80 f   sfc_mexmsvc80:sfc_mex.obj
 0001:00007ab0       _sf_mex_lw_size_eq_check_1d 10008ab0 f   sfc_mexmsvc80:sfc_mex.obj
 0001:00007ad0       _sf_mex_lw_size_eq_check_nd 10008ad0 f   sfc_mexmsvc80:sfc_mex.obj
 0001:00007bb0       _sf_mex_lw_dim_size_eq_check 10008bb0 f   sfc_mexmsvc80:sfc_mex.obj
 0001:00007be0       _sf_mex_lw_dim_size_geq_check 10008be0 f   sfc_mexmsvc80:sfc_mex.obj
 0001:00007c10       _sf_mex_lw_sub_assign_size_check_nd 10008c10 f   sfc_mexmsvc80:sfc_mex.obj
 0001:00007d40       _sf_mex_lw_runtime_error_msgid 10008d40 f   sfc_mexmsvc80:sfc_mex.obj
 0001:00007df0       _sf_mex_lw_matrix_matrix_index_check 10008df0 f   sfc_mexmsvc80:sfc_mex.obj
 0001:00007e20       _sf_mex_lw_vector_vector_index_check 10008e20 f   sfc_mexmsvc80:sfc_mex.obj
 0001:00007e60       _sf_mex_lw_for_loop_vector_check 10008e60 f   sfc_mexmsvc80:sfc_mex.obj
 0001:00007ec0       _sf_mex_lw_non_negative_check 10008ec0 f   sfc_mexmsvc80:sfc_mex.obj
 0001:00007ef0       _sf_mex_overflow_error     10008ef0 f   sfc_mexmsvc80:sfc_mex.obj
 0001:00007f00       _sf_mex_dividebyzero_error 10008f00 f   sfc_mexmsvc80:sfc_mex.obj
 0001:00007f10       _sf_mex_unsafe_enum_error  10008f10 f   sfc_mexmsvc80:sfc_mex.obj
 0001:00007f20       _sf_emlrtErrHandler        10008f20 f   sfc_mexmsvc80:sfc_mex.obj
 0001:00007fe0       _sf_mex_printf             10008fe0 f   sfc_mexmsvc80:sfc_mex.obj
 0001:000080c0       _sf_mex_check_size         100090c0 f   sfc_mexmsvc80:sfc_mex.obj
 0001:00008340       _sf_mex_check_struct       10009340 f   sfc_mexmsvc80:sfc_mex.obj
 0001:00008590       _sf_mex_check_struct_vs    10009590 f   sfc_mexmsvc80:sfc_mex.obj
 0001:000085d0       _sf_mex_check_fi           100095d0 f   sfc_mexmsvc80:sfc_mex.obj
 0001:000086a0       _sf_mex_check_fi_vs        100096a0 f   sfc_mexmsvc80:sfc_mex.obj
 0001:000086f0       _sf_echo_expression        100096f0 f   sfc_mexmsvc80:sfc_mex.obj
 0001:00008740       _sf_assertion_failed       10009740 f   sfc_mexmsvc80:sfc_mex.obj
 0001:000089d0       _sf_mex_evalin             100099d0 f   sfc_mexmsvc80:sfc_mex.obj
 0001:00008c30       _sf_mex_export             10009c30 f   sfc_mexmsvc80:sfc_mex.obj
 0001:00008ce0       _sf_mex_get_ml_var_no_error 10009ce0 f   sfc_mexmsvc80:sfc_mex.obj
 0001:00008e40       _sf_mex_get_ml_var         10009e40 f   sfc_mexmsvc80:sfc_mex.obj
 0001:00009310       _ml_set_element_value_in_array 1000a310 f   sfc_mexmsvc80:sfc_mex.obj
 0001:0000a440       _sf_mex_call_impl          1000b440 f   sfc_mexmsvc80:sfc_mex.obj
 0001:0000a7d0       _sf_mex_call_debug         1000b7d0 f   sfc_mexmsvc80:sfc_mex.obj
 0001:0000a7f0       _sf_mex_call               1000b7f0 f   sfc_mexmsvc80:sfc_mex.obj
 0001:0000af00       _sf_mex_createstruct       1000bf00 f   sfc_mexmsvc80:sfc_mex.obj
 0001:0000afa0       _sf_mex_createstructarray  1000bfa0 f   sfc_mexmsvc80:sfc_mex.obj
 0001:0000b000       _sf_mex_get_mx_datatype_from_sf_datatype 1000c000 f   sfc_mexmsvc80:sfc_mex.obj
 0001:0000b280       _sf_mex_ml_var_sub         1000c280 f   sfc_mexmsvc80:sfc_mex.obj
 0001:0000b3f0       _sf_mex_ml_var_subsasgn    1000c3f0 f   sfc_mexmsvc80:sfc_mex.obj
 0001:0000b700       _sf_mex_sub                1000c700 f   sfc_mexmsvc80:sfc_mex.obj
 0001:0000b8a0       _sf_mex_subsasgn           1000c8a0 f   sfc_mexmsvc80:sfc_mex.obj
 0001:0000bc80       _sf_mex_create             1000cc80 f   sfc_mexmsvc80:sfc_mex.obj
 0001:0000c570       _sf_mex_import_named       1000d570 f   sfc_mexmsvc80:sfc_mex.obj
 0001:0000c5c0       _sf_mex_import             1000d5c0 f   sfc_mexmsvc80:sfc_mex.obj
 0001:0000c600       _sf_mex_import_vs          1000d600 f   sfc_mexmsvc80:sfc_mex.obj
 0001:0000c690       _sf_mex_lower_fixpt_mx_array 1000d690 f   sfc_mexmsvc80:sfc_mex.obj
 0001:0000c850       _sf_send_message_wrapper   1000d850 f   sfc_mexmsvc80:sfc_sf.obj
 0001:0000c880       _sf_receive_message_wrapper 1000d880 f   sfc_mexmsvc80:sfc_sf.obj
 0001:0000c8c0       _sf_check_out_message_wrapper 1000d8c0 f   sfc_mexmsvc80:sfc_sf.obj
 0001:0000c900       _sf_check_in_message_wrapper 1000d900 f   sfc_mexmsvc80:sfc_sf.obj
 0001:0000c940       _sf_no_message_wrapper     1000d940 f   sfc_mexmsvc80:sfc_sf.obj
 0001:0000cb80       _sim_mode_is_rtw_gen       1000db80 f   sfc_mexmsvc80:sfc_sf.obj
 0001:0000cbc0       _sim_mode_is_external      1000dbc0 f   sfc_mexmsvc80:sfc_sf.obj
 0001:0000cbe0       _sim_mode_is_modelref_sim  1000dbe0 f   sfc_mexmsvc80:sfc_sf.obj
 0001:0000cc10       _mdlInitializeSizes        1000dc10 f   sfc_mexmsvc80:sfc_sf.obj
 0001:0000cc30       _mdlInitializeSampleTimes  1000dc30 f   sfc_mexmsvc80:sfc_sf.obj
 0001:0000cc70       _mdlZeroCrossings          1000dc70 f   sfc_mexmsvc80:sfc_sf.obj
 0001:0000cd20       _mdlDerivatives            1000dd20 f   sfc_mexmsvc80:sfc_sf.obj
 0001:0000cdc0       _mdl_initialize_conditions_processing 1000ddc0 f   sfc_mexmsvc80:sfc_sf.obj
 0001:0000cdf0       _mdlInitializeConditions   1000ddf0 f   sfc_mexmsvc80:sfc_sf.obj
 0001:0000ce90       _mdlGetSimState            1000de90 f   sfc_mexmsvc80:sfc_sf.obj
 0001:0000ceb0       _mdlSetSimState            1000deb0 f   sfc_mexmsvc80:sfc_sf.obj
 0001:0000ced0       _mdl_ext_mode_exec_processing 1000ded0 f   sfc_mexmsvc80:sfc_sf.obj
 0001:0000cef0       _mdlExtModeExec            1000def0 f   sfc_mexmsvc80:sfc_sf.obj
 0001:0000d080       _mdlTerminate              1000e080 f   sfc_mexmsvc80:sfc_sf.obj
 0001:0000d0e0       _mdlRTW                    1000e0e0 f   sfc_mexmsvc80:sfc_sf.obj
 0001:0000d110       _mdlSetWorkWidths          1000e110 f   sfc_mexmsvc80:sfc_sf.obj
 0001:0000d130       _mdlProcessParameters      1000e130 f   sfc_mexmsvc80:sfc_sf.obj
 0001:0000d150       _mdl_start_processing      1000e150 f   sfc_mexmsvc80:sfc_sf.obj
 0001:0000d190       _mdlStart                  1000e190 f   sfc_mexmsvc80:sfc_sf.obj
 0001:0000d260       _mdlEnable                 1000e260 f   sfc_mexmsvc80:sfc_sf.obj
 0001:0000d310       _mdlDisable                1000e310 f   sfc_mexmsvc80:sfc_sf.obj
 0001:0000d3a0       _sf_get_chart_instance_ptr 1000e3a0 f   sfc_mexmsvc80:sfc_sf.obj
 0001:0000d3c0       _sf_load_rtw_optimization_info 1000e3c0 f   sfc_mexmsvc80:sfc_sf.obj
 0001:0000d460       _sf_rtw_info_uint_prop     1000e460 f   sfc_mexmsvc80:sfc_sf.obj
 0001:0000d580       _sf_is_chart_inlinable     1000e580 f   sfc_mexmsvc80:sfc_sf.obj
 0001:0000d5a0       _sf_mark_output_events_with_multiple_callers 1000e5a0 f   sfc_mexmsvc80:sfc_sf.obj
 0001:0000d700       _sf_mark_chart_reusable_outputs 1000e700 f   sfc_mexmsvc80:sfc_sf.obj
 0001:0000d860       _sf_mark_chart_expressionable_inputs 1000e860 f   sfc_mexmsvc80:sfc_sf.obj
 0001:0000d9b0       _sf_get_subchart_simstruct 1000e9b0 f   sfc_mexmsvc80:sfc_sf.obj
 0001:0000d9f0       _sf_get_fixpt_data_type_id 1000e9f0 f   sfc_mexmsvc80:sfc_sf.obj
 0001:0000da30       _sf_get_enum_data_type_id  1000ea30 f   sfc_mexmsvc80:sfc_sf.obj
 0001:0000da70       _sf_get_param_data_type_id 1000ea70 f   sfc_mexmsvc80:sfc_sf.obj
 0001:0000daa0       _sf_mex_listen_for_ctrl_c_force 1000eaa0 f   sfc_mexmsvc80:sfc_sf.obj
 0001:0000dba0       _sf_mex_draw_now           1000eba0 f   sfc_mexmsvc80:sfc_sf.obj
 0001:0000dbe0       _sf_mex_set_debugger_sim_status_listener_fcn 1000ebe0 f   sfc_mexmsvc80:sfc_sf.obj
 0001:0000dbf0       _sf_mex_listen_for_ctrl_c  1000ebf0 f   sfc_mexmsvc80:sfc_sf.obj
 0001:0000dc80       _sf_mex_get_sfun_param     1000ec80 f   sfc_mexmsvc80:sfc_sf.obj
 0001:0000dcd0       _sf_get_runtime_param_data 1000ecd0 f   sfc_mexmsvc80:sfc_sf.obj
 0001:0000dd10       _sf_call_output_fcn_call   1000ed10 f   sfc_mexmsvc80:sfc_sf.obj
 0001:0000de30       _sf_call_output_fcn_enable 1000ee30 f   sfc_mexmsvc80:sfc_sf.obj
 0001:0000deb0       _sf_call_output_fcn_disable 1000eeb0 f   sfc_mexmsvc80:sfc_sf.obj
 0001:0000df30       _sf_clear_rtw_identifier   1000ef30 f   sfc_mexmsvc80:sfc_sf.obj
 0001:0000e760       _sf_set_encoded_dwork_info 1000f760 f   sfc_mexmsvc80:sfc_sf.obj
 0001:0000e7a0       _sf_get_dwork_info_from_mat_file 1000f7a0 f   sfc_mexmsvc80:sfc_sf.obj
 0001:0000e8f0       _sf_set_rtw_dwork_info     1000f8f0 f   sfc_mexmsvc80:sfc_sf.obj
 0001:0000ea10       _mdlOutputs                1000fa10 f   sfc_mexmsvc80:sfc_sf.obj
 0001:0000eb20       _sf_debug_disp             1000fb20 f   sfc_debugmsvc80:sfcdebug.obj
 0001:0000ed20       _sf_debug_data_runtime_size_mismatch_error_check 1000fd20 f   sfc_debugmsvc80:sfcdebug.obj
 0001:0000ed60       _sf_debug_try_loading_machine 1000fd60 f   sfc_debugmsvc80:sfcdebug.obj
 0001:0000ee30       _sf_debug_reset_current_state_configuration 1000fe30 f   sfc_debugmsvc80:sfcdebug.obj
 0001:0000ee70       _sf_debug_store_current_state_configuration 1000fe70 f   sfc_debugmsvc80:sfcdebug.obj
 0001:0000eeb0       _sf_debug_restore_previous_state_configuration 1000feb0 f   sfc_debugmsvc80:sfcdebug.obj
 0001:0000eef0       _sf_debug_restore_previous_state_configuration2 1000fef0 f   sfc_debugmsvc80:sfcdebug.obj
 0001:0000ef30       _sf_debug_get_event_scope  1000ff30 f   sfc_debugmsvc80:sfcdebug.obj
 0001:0000f050       _use_debugger_step_animation 10010050 f   sfc_debugmsvc80:sfcdebug.obj
 0001:0000f070       _sf_debug_get_script_id    10010070 f   sfc_debugmsvc80:sfcdebug.obj
 0001:0000f100       _sf_debug_set_script_translation 10010100 f   sfc_debugmsvc80:sfcdebug.obj
 0001:0000f190       _sf_debug_get_current_machine_id 10010190 f   sfc_debugmsvc80:sfcdebug.obj
 0001:0000f1b0       _sf_debug_get_current_optional_integer 100101b0 f   sfc_debugmsvc80:sfcdebug.obj
 0001:0000f1c0       _sf_debug_get_current_machine_number 100101c0 f   sfc_debugmsvc80:sfcdebug.obj
 0001:0000f1e0       _sf_debug_get_current_machine_name 100101e0 f   sfc_debugmsvc80:sfcdebug.obj
 0001:0000f200       _sf_debug_get_current_chart_id 10010200 f   sfc_debugmsvc80:sfcdebug.obj
 0001:0000f230       _sf_debug_get_current_chart_number 10010230 f   sfc_debugmsvc80:sfcdebug.obj
 0001:0000f240       _sf_debug_get_current_instance_number 10010240 f   sfc_debugmsvc80:sfcdebug.obj
 0001:0000f250       _sf_debug_get_current_is_minor_time_step 10010250 f   sfc_debugmsvc80:sfcdebug.obj
 0001:0000f2c0       _sf_debug_get_current_object_type 100102c0 f   sfc_debugmsvc80:sfcdebug.obj
 0001:0000f2d0       _sf_debug_get_current_instance_handle 100102d0 f   sfc_debugmsvc80:sfcdebug.obj
 0001:0000f320       _sf_debug_get_current_event_type 10010320 f   sfc_debugmsvc80:sfcdebug.obj
 0001:0000f330       _sf_debug_get_current_object_id 10010330 f   sfc_debugmsvc80:sfcdebug.obj
 0001:0000f360       _sf_debug_get_current_active_event_type 10010360 f   sfc_debugmsvc80:sfcdebug.obj
 0001:0000f370       _sf_debug_get_current_active_event_id 10010370 f   sfc_debugmsvc80:sfcdebug.obj
 0001:0000f3a0       _sf_debug_get_current_tag_type 100103a0 f   sfc_debugmsvc80:sfcdebug.obj
 0001:0000f3b0       _sf_debug_get_current_simulation_time 100103b0 f   sfc_debugmsvc80:sfcdebug.obj
 0001:0000f3c0       _sf_debug_get_current_coverage_percentage 100103c0 f   sfc_debugmsvc80:sfcdebug.obj
 0001:0000f3d0       _sf_debug_current_statement_context 100103d0 f   sfc_debugmsvc80:sfcdebug.obj
 0001:0000f450       _sf_debug_get_current_statement_info 10010450 f   sfc_debugmsvc80:sfcdebug.obj
 0001:0000f590       _sf_debug_terminate_instance 10010590 f   sfc_debugmsvc80:sfcdebug.obj
 0001:0000f810       _sf_debug_assertion_failed 10010810 f   sfc_debugmsvc80:sfcdebug.obj
 0001:0000f9e0       _sf_debug_set_number_of_data_with_change_event_for_machine 100109e0 f   sfc_debugmsvc80:sfcdebug.obj
 0001:0000fa20       _sf_debug_set_machine_event_thresholds 10010a20 f   sfc_debugmsvc80:sfcdebug.obj
 0001:0000fa50       _sf_debug_set_machine_event_scope 10010a50 f   sfc_debugmsvc80:sfcdebug.obj
 0001:0000fa90       _sf_debug_set_machine_data_thresholds 10010a90 f   sfc_debugmsvc80:sfcdebug.obj
 0001:0000fad0       _sf_debug_set_machine_data_scope 10010ad0 f   sfc_debugmsvc80:sfcdebug.obj
 0001:0000fb50       _sf_debug_set_machine_data_name 10010b50 f   sfc_debugmsvc80:sfcdebug.obj
 0001:0000fba0       _sf_debug_set_machine_data_size 10010ba0 f   sfc_debugmsvc80:sfcdebug.obj
 0001:0000fc90       _sf_debug_set_machine_data_type 10010c90 f   sfc_debugmsvc80:sfcdebug.obj
 0001:0000fdb0       _sf_debug_get_chart_data_number 10010db0 f   sfc_debugmsvc80:sfcdebug.obj
 0001:0000fde0       _sf_debug_get_chart_event_number 10010de0 f   sfc_debugmsvc80:sfcdebug.obj
 0001:0000fe10       _sf_debug_set_chart_state_info 10010e10 f   sfc_debugmsvc80:sfcdebug.obj
 0001:0000fe90       _sf_debug_set_chart_decomposition 10010e90 f   sfc_debugmsvc80:sfcdebug.obj
 0001:0000ff00       _sf_debug_set_chart_substate_count 10010f00 f   sfc_debugmsvc80:sfcdebug.obj
 0001:0000ffc0       _sf_debug_set_chart_substate_index 10010fc0 f   sfc_debugmsvc80:sfcdebug.obj
 0001:00010030       _sf_debug_set_chart_state_substate_count 10011030 f   sfc_debugmsvc80:sfcdebug.obj
 0001:00010110       _sf_debug_set_chart_state_substate_index 10011110 f   sfc_debugmsvc80:sfcdebug.obj
 0001:00010190       _sf_debug_set_number_of_data_with_change_event_for_chart 10011190 f   sfc_debugmsvc80:sfcdebug.obj
 0001:00010210       _sf_debug_set_number_of_states_with_entry_event_for_chart 10011210 f   sfc_debugmsvc80:sfcdebug.obj
 0001:00010280       _sf_debug_set_number_of_states_with_exit_event_for_chart 10011280 f   sfc_debugmsvc80:sfcdebug.obj
 0001:000102f0       _sf_debug_set_chart_disable_implicit_casting 100112f0 f   sfc_debugmsvc80:sfcdebug.obj
 0001:00010360       _sf_debug_set_chart_event_thresholds 10011360 f   sfc_debugmsvc80:sfcdebug.obj
 0001:000103d0       _sf_debug_set_chart_data_compiled_props 100113d0 f   sfc_debugmsvc80:sfcdebug.obj
 0001:00010640       _sf_debug_set_chart_data_props 10011640 f   sfc_debugmsvc80:sfcdebug.obj
 0001:000108b0       _sf_debug_check_fi_license 100118b0 f   sfc_debugmsvc80:sfcdebug.obj
 0001:00010a40       _sf_debug_symbol_scope_push 10011a40 f   sfc_debugmsvc80:sfcdebug.obj
 0001:00010a80       _sf_debug_symbol_scope_push_eml 10011a80 f   sfc_debugmsvc80:sfcdebug.obj
 0001:00010ac0       _sf_debug_symbol_scope_pop 10011ac0 f   sfc_debugmsvc80:sfcdebug.obj
 0001:00010af0       _sf_debug_symbol_scope_add_importable 10011af0 f   sfc_debugmsvc80:sfcdebug.obj
 0001:00010b50       _sf_debug_symbol_scope_add 10011b50 f   sfc_debugmsvc80:sfcdebug.obj
 0001:00010bb0       _sf_debug_symbol_scope_add_dyn_importable 10011bb0 f   sfc_debugmsvc80:sfcdebug.obj
 0001:00010c20       _sf_debug_symbol_scope_add_dyn 10011c20 f   sfc_debugmsvc80:sfcdebug.obj
 0001:00010c50       _sf_debug_symbol_scope_add_eml_importable 10011c50 f   sfc_debugmsvc80:sfcdebug.obj
 0001:00010c80       _sf_debug_symbol_scope_add_eml 10011c80 f   sfc_debugmsvc80:sfcdebug.obj
 0001:00010cb0       _sf_debug_symbol_scope_add_eml_dyn_importable 10011cb0 f   sfc_debugmsvc80:sfcdebug.obj
 0001:00010d00       _sf_debug_symbol_scope_add_eml_dyn 10011d00 f   sfc_debugmsvc80:sfcdebug.obj
 0001:00010d50       _sf_debug_symbol_switch    10011d50 f   sfc_debugmsvc80:sfcdebug.obj
 0001:00010d70       _sf_debug_symbol_scope_add_verbose 10011d70 f   sfc_debugmsvc80:sfcdebug.obj
 0001:00010de0       _sf_debug_set_machine_data_value_ptr 10011de0 f   sfc_debugmsvc80:sfcdebug.obj
 0001:00010e20       _sf_debug_set_instance_data_value_ptr 10011e20 f   sfc_debugmsvc80:sfcdebug.obj
 0001:00010e80       _sf_debug_unset_instance_data_value_ptr 10011e80 f   sfc_debugmsvc80:sfcdebug.obj
 0001:00010ed0       _sf_debug_set_chart_event_scope 10011ed0 f   sfc_debugmsvc80:sfcdebug.obj
 0001:00010f50       _sf_debug_set_chart_transition_coverage_maps 10011f50 f   sfc_debugmsvc80:sfcdebug.obj
 0001:00010ff0       _sf_debug_set_chart_state_coverage_maps 10011ff0 f   sfc_debugmsvc80:sfcdebug.obj
 0001:00011070       _sf_debug_set_instance_transition_coverage_weights 10012070 f   sfc_debugmsvc80:sfcdebug.obj
 0001:000110e0       _sf_debug_set_instance_state_coverage_weights 100120e0 f   sfc_debugmsvc80:sfcdebug.obj
 0001:000112e0       _sf_debug_unload_machine   100122e0 f   sfc_debugmsvc80:sfcdebug.obj
 0001:00011330       _sf_debug_load_machine     10012330 f   sfc_debugmsvc80:sfcdebug.obj
 0001:000113e0       _sf_debug_set_active_instance_in_data_dictionary 100123e0 f   sfc_debugmsvc80:sfcdebug.obj
 0001:00011560       _sf_debug_set_active_instance 10012560 f   sfc_debugmsvc80:sfcdebug.obj
 0001:00011650       _sf_debug_chart_visiblity_change 10012650 f   sfc_debugmsvc80:sfcdebug.obj
 0001:000116f0       _sf_debug_select_chart     100126f0 f   sfc_debugmsvc80:sfcdebug.obj
 0001:00011790       _sf_debug_set_instance_cv_ids 10012790 f   sfc_debugmsvc80:sfcdebug.obj
 0001:00011950       _sf_debug_select_charts    10012950 f   sfc_debugmsvc80:sfcdebug.obj
 0001:00011a30       _sf_debug_initialized      10012a30 f   sfc_debugmsvc80:sfcdebug.obj
 0001:00011a40       _sf_debug_is_uninterruptible 10012a40 f   sfc_debugmsvc80:sfcdebug.obj
 0001:00011a70       _sf_debug_initialize_debugger_gui 10012a70 f   sfc_debugmsvc80:sfcdebug.obj
 0001:00011df0       _sf_debug_resume           10012df0 f   sfc_debugmsvc80:sfcdebug.obj
 0001:00011e10       _sf_debug_go               10012e10 f   sfc_debugmsvc80:sfcdebug.obj
 0001:00011e20       _sf_debug_break            10012e20 f   sfc_debugmsvc80:sfcdebug.obj
 0001:00011e30       _sf_debug_step_over        10012e30 f   sfc_debugmsvc80:sfcdebug.obj
 0001:00011e40       _sf_debug_step_out         10012e40 f   sfc_debugmsvc80:sfcdebug.obj
 0001:00011e50       _sf_debug_set_disable_all_breakpoints 10012e50 f   sfc_debugmsvc80:sfcdebug.obj
 0001:00011e60       _sf_debug_disable_all_breakpoints_and_go 10012e60 f   sfc_debugmsvc80:sfcdebug.obj
 0001:00011e70       _sf_debug_break_on_chart_entry 10012e70 f   sfc_debugmsvc80:sfcdebug.obj
 0001:00011e80       _sf_debug_break_on_event_broadcast 10012e80 f   sfc_debugmsvc80:sfcdebug.obj
 0001:00011e90       _sf_debug_break_on_state_entry 10012e90 f   sfc_debugmsvc80:sfcdebug.obj
 0001:00011ea0       _sf_debug_break_between_times 10012ea0 f   sfc_debugmsvc80:sfcdebug.obj
 0001:00011ed0       _sf_debug_browse_data      10012ed0 f   sfc_debugmsvc80:sfcdebug.obj
 0001:00011ef0       _sf_debug_watch_data       10012ef0 f   sfc_debugmsvc80:sfcdebug.obj
 0001:00011f10       _sf_debug_assign_data      10012f10 f   sfc_debugmsvc80:sfcdebug.obj
 0001:00011f30       _sf_debug_whos             10012f30 f   sfc_debugmsvc80:sfcdebug.obj
 0001:00011f50       _sf_debug_get_consistency_info 10012f50 f   sfc_debugmsvc80:sfcdebug.obj
 0001:00011f70       _sf_debug_browse_trace     10012f70 f   sfc_debugmsvc80:sfcdebug.obj
 0001:00011f90       _sf_debug_set_breakpoints  10012f90 f   sfc_debugmsvc80:sfcdebug.obj
 0001:00012050       _sf_debug_set_eml_breakpoints 10013050 f   sfc_debugmsvc80:sfcdebug.obj
 0001:00012160       _sf_debug_set_script_breakpoints 10013160 f   sfc_debugmsvc80:sfcdebug.obj
 0001:000121e0       _sf_debug_add_script_breakpoints 100131e0 f   sfc_debugmsvc80:sfcdebug.obj
 0001:00012250       _sf_debug_clear_script_breakpoints 10013250 f   sfc_debugmsvc80:sfcdebug.obj
 0001:000122c0       _sf_debug_query_script_breakpoints 100132c0 f   sfc_debugmsvc80:sfcdebug.obj
 0001:00012360       _sf_debug_get_eml_script_id 10013360 f   sfc_debugmsvc80:sfcdebug.obj
 0001:000123b0       _sf_debug_set_watch        100133b0 f   sfc_debugmsvc80:sfcdebug.obj
 0001:00012540       _sf_debug_get_instance_handle 10013540 f   sfc_debugmsvc80:sfcdebug.obj
 0001:000125c0       _sf_debug_get_active_states 100135c0 f   sfc_debugmsvc80:sfcdebug.obj
 0001:000125e0       _sf_debug_get_animation    100135e0 f   sfc_debugmsvc80:sfcdebug.obj
 0001:000125f0       _sf_debug_set_animation    100135f0 f   sfc_debugmsvc80:sfcdebug.obj
 0001:00012600       _sf_debug_animate          10013600 f   sfc_debugmsvc80:sfcdebug.obj
 0001:00012630       _sf_debug_cycle_detection_check 10013630 f   sfc_debugmsvc80:sfcdebug.obj
 0001:00012640       _sf_debug_data_range_check 10013640 f   sfc_debugmsvc80:sfcdebug.obj
 0001:00012650       _sf_debug_transition_conflict_check 10013650 f   sfc_debugmsvc80:sfcdebug.obj
 0001:00012660       _sf_debug_state_consistency_check 10013660 f   sfc_debugmsvc80:sfcdebug.obj
 0001:00012670       _sf_debug_data_range_check_enabled 10013670 f   sfc_debugmsvc80:sfcdebug.obj
 0001:00012680       _sf_debug_transition_conflict_check_enabled 10013680 f   sfc_debugmsvc80:sfcdebug.obj
 0001:00012690       _sf_debug_transition_conflict_check_begin 10013690 f   sfc_debugmsvc80:sfcdebug.obj
 0001:000126b0       _sf_debug_transition_conflict_check_end 100136b0 f   sfc_debugmsvc80:sfcdebug.obj
 0001:000126d0       _sf_debug_stop_debugging   100136d0 f   sfc_debugmsvc80:sfcdebug.obj
 0001:00012700       _sf_debug_is_cycle_detected 10013700 f   sfc_debugmsvc80:sfcdebug.obj
 0001:00012710       _sf_debug_is_array_bounds_detected 10013710 f   sfc_debugmsvc80:sfcdebug.obj
 0001:00012720       _sf_debug_get_state_vectors_data_size 10013720 f   sfc_debugmsvc80:sfcdebug.obj
 0001:00012760       _sf_debug_get_state_vectors_data 10013760 f   sfc_debugmsvc80:sfcdebug.obj
 0001:00012830       _sf_debug_set_state_vectors_data 10013830 f   sfc_debugmsvc80:sfcdebug.obj
 0001:00012a60       _sf_debug_get_script_index 10013a60 f   sfc_debugmsvc80:sfcdebug.obj
 0001:00012b90       _sf_debug_add_script       10013b90 f   sfc_debugmsvc80:sfcdebug.obj
 0001:00012ce0       _cv_eval_point             10013ce0 f   sfc_debugmsvc80:sfcdebug.obj
 0001:00012db0       _sf_debug_cv_init_state    10013db0 f   sfc_debugmsvc80:sfcdebug.obj
 0001:00012e40       _sf_debug_cv_init_chart    10013e40 f   sfc_debugmsvc80:sfcdebug.obj
 0001:00012ec0       _sf_debug_cv_init_trans    10013ec0 f   sfc_debugmsvc80:sfcdebug.obj
 0001:00012ff0       _cv_eml_init_script        10013ff0 f   sfc_debugmsvc80:sfcdebug.obj
 0001:00013070       _cv_eml_init_fcn           10014070 f   sfc_debugmsvc80:sfcdebug.obj
 0001:000130d0       _cv_eml_init_testobjective 100140d0 f   sfc_debugmsvc80:sfcdebug.obj
 0001:00013140       _cv_eml_init_if            10014140 f   sfc_debugmsvc80:sfcdebug.obj
 0001:000131b0       _cv_eml_init_for           100141b0 f   sfc_debugmsvc80:sfcdebug.obj
 0001:00013220       _cv_eml_init_while         10014220 f   sfc_debugmsvc80:sfcdebug.obj
 0001:00013290       _cv_eml_init_mcdc          10014290 f   sfc_debugmsvc80:sfcdebug.obj
 0001:00013310       _cv_eml_init_switch        10014310 f   sfc_debugmsvc80:sfcdebug.obj
 0001:00013390       _cv_eml_eval               10014390 f   sfc_debugmsvc80:sfcdebug.obj
 0001:00013410       _sf_debug_bm_is_a_eml_breakpoint 10014410 f   sfc_debugmsvc80:sfcdebug.obj
 0001:00013540       _sf_debug_temporal_threshold 10014540 f   sfc_debugmsvc80:sfcdebug.obj
 0001:00013830       _sf_debug_transition_conflict_error 10014830 f   sfc_debugmsvc80:sfcdebug.obj
 0001:00013ad0       _sf_debug_state_inconsistency_error 10014ad0 f   sfc_debugmsvc80:sfcdebug.obj
 0001:00013bc0       _sf_debug_check_for_state_inconsistency 10014bc0 f   sfc_debugmsvc80:sfcdebug.obj
 0001:00013c00       _sf_debug_cycle_detecton_error 10014c00 f   sfc_debugmsvc80:sfcdebug.obj
 0001:00014230       _sf_debug_size_eq_check_1d 10015230 f   sfc_debugmsvc80:sfcdebug.obj
 0001:00014250       _sf_debug_size_eq_check_nd 10015250 f   sfc_debugmsvc80:sfcdebug.obj
 0001:00014330       _sf_debug_dim_size_eq_check 10015330 f   sfc_debugmsvc80:sfcdebug.obj
 0001:00014360       _sf_debug_dim_size_geq_check 10015360 f   sfc_debugmsvc80:sfcdebug.obj
 0001:00014390       _sf_debug_sub_assign_size_check_nd 10015390 f   sfc_debugmsvc80:sfcdebug.obj
 0001:000144b0       _sf_debug_matrix_matrix_index_check 100154b0 f   sfc_debugmsvc80:sfcdebug.obj
 0001:000144f0       _sf_debug_vector_vector_index_check 100154f0 f   sfc_debugmsvc80:sfcdebug.obj
 0001:00014530       _sf_debug_for_loop_vector_check 10015530 f   sfc_debugmsvc80:sfcdebug.obj
 0001:00014590       _sf_debug_runtime_error_msgid 10015590 f   sfc_debugmsvc80:sfcdebug.obj
 0001:00014620       _sf_debug_data_array_bounds_error_check 10015620 f   sfc_debugmsvc80:sfcdebug.obj
 0001:00014680       _sf_debug_eml_data_array_bounds_error_check 10015680 f   sfc_debugmsvc80:sfcdebug.obj
 0001:00014970       _sf_debug_integer_check    10015970 f   sfc_debugmsvc80:sfcdebug.obj
 0001:000149f0       _sf_debug_not_nan_check    100159f0 f   sfc_debugmsvc80:sfcdebug.obj
 0001:00014a40       _sf_debug_non_negative_check 10015a40 f   sfc_debugmsvc80:sfcdebug.obj
 0001:00014aa0       _sf_debug_overflow_detection 10015aa0 f   sfc_debugmsvc80:sfcdebug.obj
 0001:00014fc0       _sf_debug_cast_to_real32_T 10015fc0 f   sfc_debugmsvc80:sfcdebug.obj
 0001:00015020       _sf_debug_cast_to_int8_T   10016020 f   sfc_debugmsvc80:sfcdebug.obj
 0001:000150a0       _sf_debug_cast_to_uint8_T  100160a0 f   sfc_debugmsvc80:sfcdebug.obj
 0001:00015130       _sf_debug_cast_to_int16_T  10016130 f   sfc_debugmsvc80:sfcdebug.obj
 0001:000151b0       _sf_debug_cast_to_uint16_T 100161b0 f   sfc_debugmsvc80:sfcdebug.obj
 0001:00015240       _sf_debug_cast_to_int32_T  10016240 f   sfc_debugmsvc80:sfcdebug.obj
 0001:000152b0       _sf_debug_cast_to_uint32_T 100162b0 f   sfc_debugmsvc80:sfcdebug.obj
 0001:00015340       _sf_debug_data_range_error 10016340 f   sfc_debugmsvc80:sfcdebug.obj
 0001:000155c0       _sf_debug_read_before_write_check 100165c0 f   sfc_debugmsvc80:sfcdebug.obj
 0001:00015910       _sf_debug_data_range_error_wrapper_min_max 10016910 f   sfc_debugmsvc80:sfcdebug.obj
 0001:00015980       _sf_debug_data_range_error_wrapper_min 10016980 f   sfc_debugmsvc80:sfcdebug.obj
 0001:000159e0       _sf_debug_data_range_error_wrapper_max 100169e0 f   sfc_debugmsvc80:sfcdebug.obj
 0001:00015a40       _sf_debug_data_range_wrapper 10016a40 f   sfc_debugmsvc80:sfcdebug.obj
 0001:00015a90       _sf_debug_set_current_status_info 10016a90 f   sfc_debugmsvc80:sfcdebug.obj
 0001:00015df0       _sf_debug_call             10016df0 f   sfc_debugmsvc80:sfcdebug.obj
 0001:000167e0       _sf_debug_initialize_machine 100177e0 f   sfc_debugmsvc80:sfcdebug.obj
 0001:00016a80       _sf_debug_initialize_chart 10017a80 f   sfc_debugmsvc80:sfcdebug.obj
 0001:00016de0       _sf_debug_ensure_script    10017de0 f   sfc_debugmsvc80:sfcdebug.obj
 0001:00016e90       _cv_script_init_script     10017e90 f   sfc_debugmsvc80:sfcdebug.obj
 0001:00016ef0       _cv_script_init_fcn        10017ef0 f   sfc_debugmsvc80:sfcdebug.obj
 0001:00016f40       _cv_script_init_testobjective 10017f40 f   sfc_debugmsvc80:sfcdebug.obj
 0001:00016f90       _cv_script_init_if         10017f90 f   sfc_debugmsvc80:sfcdebug.obj
 0001:00016fe0       _cv_script_init_for        10017fe0 f   sfc_debugmsvc80:sfcdebug.obj
 0001:00017030       _cv_script_init_while      10018030 f   sfc_debugmsvc80:sfcdebug.obj
 0001:00017080       _cv_script_init_mcdc       10018080 f   sfc_debugmsvc80:sfcdebug.obj
 0001:000170e0       _cv_script_init_switch     100180e0 f   sfc_debugmsvc80:sfcdebug.obj
 0001:00017140       _cv_script_eval            10018140 f   sfc_debugmsvc80:sfcdebug.obj
 0001:000171a0       _eml_debug_line_call       100181a0 f   sfc_debugmsvc80:sfcdebug.obj
 0001:000172a0       _sf_debug_terminate        100182a0 f   sfc_debugmsvc80:sfcdebug.obj
 0001:000173d0       _sf_debug_set_script_cv_ids 100183d0 f   sfc_debugmsvc80:sfcdebug.obj
 0001:000174e0       _sf_debug_api              100184e0 f   sfc_debugmsvc80:sfc_api.obj
 0001:00018e20       _sf_debug_sm_terminate     10019e20 f   sfc_debugmsvc80:sfdb_animation.obj
 0001:00018f90       _sf_debug_reset_path_objects 10019f90 f   sfc_debugmsvc80:sfdb_animation.obj
 0001:00019000       _sf_debug_sm_reset_object_selection_status 1001a000 f   sfc_debugmsvc80:sfdb_animation.obj
 0001:000190a0       _sf_debug_sm_reset_state_buffer 1001a0a0 f   sfc_debugmsvc80:sfdb_animation.obj
 0001:00019160       _sf_debug_sm_store_state_buffer 1001a160 f   sfc_debugmsvc80:sfdb_animation.obj
 0001:000191e0       _sf_debug_sm_restore_state_buffer1 1001a1e0 f   sfc_debugmsvc80:sfdb_animation.obj
 0001:00019240       _sf_debug_sm_restore_state_buffer2 1001a240 f   sfc_debugmsvc80:sfdb_animation.obj
 0001:000192a0       _sf_debug_sm_chart_active  1001a2a0 f   sfc_debugmsvc80:sfdb_animation.obj
 0001:000192f0       _sf_debug_sm_select_active_objects 1001a2f0 f   sfc_debugmsvc80:sfdb_animation.obj
 0001:00019670       _sf_debug_sm_is_chart_active 1001a670 f   sfc_debugmsvc80:sfdb_animation.obj
 0001:000196b0       _sf_debug_sm_is_state_active 1001a6b0 f   sfc_debugmsvc80:sfdb_animation.obj
 0001:00019860       _sf_debug_sm_get_active_states 1001a860 f   sfc_debugmsvc80:sfdb_animation.obj
 0001:00019c90       _sf_debug_sm_initialize_instance 1001ac90 f   sfc_debugmsvc80:sfdb_animation.obj
 0001:00019eb0       _sf_debug_sm_change_object_selection_status 1001aeb0 f   sfc_debugmsvc80:sfdb_animation.obj
 0001:0001a0a0       _cv_create_interface       1001b0a0 f   sfc_debugmsvc80:cv_sfinterface.obj
 0001:0001a3b0       _cv_init_trans             1001b3b0 f   sfc_debugmsvc80:cv_sfinterface.obj
 0001:0001a400       _cv_init_state             1001b400 f   sfc_debugmsvc80:cv_sfinterface.obj
 0001:0001a460       _cv_init_chart             1001b460 f   sfc_debugmsvc80:cv_sfinterface.obj
 0001:0001a4b0       _cv_dec_update_call        1001b4b0 f   sfc_debugmsvc80:cv_sfinterface.obj
 0001:0001a4f0       _cv_cond_update_call       1001b4f0 f   sfc_debugmsvc80:cv_sfinterface.obj
 0001:0001a530       _cv_sigrange_update        1001b530 f   sfc_debugmsvc80:cv_sfinterface.obj
 0001:0001a580       _cvsf_eml_eval             1001b580 f   sfc_debugmsvc80:cv_sfinterface.obj
 0001:0001a660       _cvsf_eml_init_script      1001b660 f   sfc_debugmsvc80:cv_sfinterface.obj
 0001:0001a6c0       _cvsf_eml_init_fcn         1001b6c0 f   sfc_debugmsvc80:cv_sfinterface.obj
 0001:0001a720       _cvsf_eml_init_testobjective 1001b720 f   sfc_debugmsvc80:cv_sfinterface.obj
 0001:0001a780       _cvsf_eml_init_if          1001b780 f   sfc_debugmsvc80:cv_sfinterface.obj
 0001:0001a7e0       _cvsf_eml_init_for         1001b7e0 f   sfc_debugmsvc80:cv_sfinterface.obj
 0001:0001a840       _cvsf_eml_init_while       1001b840 f   sfc_debugmsvc80:cv_sfinterface.obj
 0001:0001a8a0       _cvsf_eml_init_mcdc        1001b8a0 f   sfc_debugmsvc80:cv_sfinterface.obj
 0001:0001a910       _cvsf_eml_init_switch      1001b910 f   sfc_debugmsvc80:cv_sfinterface.obj
 0001:0001a970       _cvsf_script_eval          1001b970 f   sfc_debugmsvc80:cv_sfinterface.obj
 0001:0001aa50       _cvsf_script_init_script   1001ba50 f   sfc_debugmsvc80:cv_sfinterface.obj
 0001:0001aab0       _cvsf_script_init_fcn      1001bab0 f   sfc_debugmsvc80:cv_sfinterface.obj
 0001:0001ab10       _cvsf_script_init_testobjective 1001bb10 f   sfc_debugmsvc80:cv_sfinterface.obj
 0001:0001ab70       _cvsf_script_init_if       1001bb70 f   sfc_debugmsvc80:cv_sfinterface.obj
 0001:0001abd0       _cvsf_script_init_for      1001bbd0 f   sfc_debugmsvc80:cv_sfinterface.obj
 0001:0001ac20       _cvsf_script_init_while    1001bc20 f   sfc_debugmsvc80:cv_sfinterface.obj
 0001:0001ac70       _cvsf_script_init_mcdc     1001bc70 f   sfc_debugmsvc80:cv_sfinterface.obj
 0001:0001ace0       _cvsf_script_init_switch   1001bce0 f   sfc_debugmsvc80:cv_sfinterface.obj
 0001:0001ad40       _cv_destroy_interface      1001bd40 f   sfc_debugmsvc80:cv_sfinterface.obj
 0001:0001ad60       _cv_create_instance_objects 1001bd60 f   sfc_debugmsvc80:cv_sfinterface.obj
 0001:0001b0a0       _cv_is_enabled             1001c0a0 f   sfc_debugmsvc80:cv_sfinterface.obj
 0001:0001b0b0       _sf_debug_cv_initialize_script 1001c0b0 f   sfc_debugmsvc80:cv_sfinterface.obj
 0001:0001b240       _sf_debug_cv_initialize_instance 1001c240 f   sfc_debugmsvc80:cv_sfinterface.obj
 0001:0001b540       _sf_debug_cv_terminate_chart 1001c540 f   sfc_debugmsvc80:cv_sfinterface.obj
 0001:0001b630       _cv_call_trans_test        1001c630 f   sfc_debugmsvc80:cv_sfinterface.obj
 0001:0001b640       _cv_call_sub_cond_test     1001c640 f   sfc_debugmsvc80:cv_sfinterface.obj
 0001:0001b750       _sf_debug_hm_initialize_instance 1001c750 f   sfc_debugmsvc80:sfdb_handle_management.obj
 0001:0001bc30       _sf_debug_hm_get_object_id 1001cc30 f   sfc_debugmsvc80:sfdb_handle_management.obj
 0001:0001d6e0       _sf_debug_object_is_eml_function 1001e6e0 f   sfc_debugmsvc80:sfdb_handle_management.obj
 0001:0001d740       _sf_debug_hm_initialize_ids_in_machine 1001e740 f   sfc_debugmsvc80:sfdb_handle_management.obj
 0001:0001d890       _sf_debug_hm_initialize_ids_in_chart 1001e890 f   sfc_debugmsvc80:sfdb_handle_management.obj
 0001:0001d9b0       _sf_debug_hm_initialize_chart 1001e9b0 f   sfc_debugmsvc80:sfdb_handle_management.obj
 0001:0001e060       _sf_debug_hm_terminate     1001f060 f   sfc_debugmsvc80:sfdb_handle_management.obj
 0001:0001e0c0       _sf_debug_hm_initialize_machine 1001f0c0 f   sfc_debugmsvc80:sfdb_handle_management.obj
 0001:0001e780       _sf_debug_st_initialize_machine 1001f780 f   sfc_debugmsvc80:sfdb_data_browse.obj
 0001:0001e830       _sf_debug_st_initialize_instance 1001f830 f   sfc_debugmsvc80:sfdb_data_browse.obj
 0001:0001e9f0       _sf_debug_st_terminate     1001f9f0 f   sfc_debugmsvc80:sfdb_data_browse.obj
 0001:0001eb50       _sf_debug_st_set_data_value_ptr_in_machine 1001fb50 f   sfc_debugmsvc80:sfdb_data_browse.obj
 0001:0001ebc0       _sf_debug_st_set_data_value_ptr_in_instance 1001fbc0 f   sfc_debugmsvc80:sfdb_data_browse.obj
 0001:0001ec70       _sf_debug_st_unset_data_value_ptr_in_machine 1001fc70 f   sfc_debugmsvc80:sfdb_data_browse.obj
 0001:0001ecd0       _sf_debug_st_unset_data_value_ptr_in_instance 1001fcd0 f   sfc_debugmsvc80:sfdb_data_browse.obj
 0001:0001eff0       _sf_debug_mx_value         1001fff0 f   sfc_debugmsvc80:sfdb_data_browse.obj
 0001:0001f040       _sf_debug_mx_packed_vector 10020040 f   sfc_debugmsvc80:sfdb_data_browse.obj
 0001:0001f0e0       _sf_debug_mx_uint_vector   100200e0 f   sfc_debugmsvc80:sfdb_data_browse.obj
 0001:0001f160       _sf_debug_st_get_double_value_from_void_ptr_vector 10020160 f   sfc_debugmsvc80:sfdb_data_browse.obj
 0001:0001f960       _sf_debug_st_browse_data   10020960 f   sfc_debugmsvc80:sfdb_data_browse.obj
 0001:0001ff60       _sf_debug_ss_initialize    10020f60 f   sfc_debugmsvc80:sfdb_symbol_scope.obj
 0001:0001ff80       _sf_debug_ss_terminate     10020f80 f   sfc_debugmsvc80:sfdb_symbol_scope.obj
 0001:00020000       _sf_debug_ss_push_symbol_scope 10021000 f   sfc_debugmsvc80:sfdb_symbol_scope.obj
 0001:000200c0       _sf_debug_ss_push_symbol_scope_eml 100210c0 f   sfc_debugmsvc80:sfdb_symbol_scope.obj
 0001:00020110       _sf_debug_ss_pop_symbol_scope 10021110 f   sfc_debugmsvc80:sfdb_symbol_scope.obj
 0001:000201b0       _sf_debug_ss_add_symbol    100211b0 f   sfc_debugmsvc80:sfdb_symbol_scope.obj
 0001:000202a0       _sf_debug_ss_add_symbol_eml 100212a0 f   sfc_debugmsvc80:sfdb_symbol_scope.obj
 0001:00020bc0       _sf_debug_ss_set_data_value 10021bc0 f   sfc_debugmsvc80:sfdb_symbol_scope.obj
 0001:00020f00       _sf_debug_ss_watch_data    10021f00 f   sfc_debugmsvc80:sfdb_symbol_scope.obj
 0001:00020f80       _sf_debug_ss_assign_data   10021f80 f   sfc_debugmsvc80:sfdb_symbol_scope.obj
 0001:00021820       _get_data_entry_name       10022820 f   sfc_debugmsvc80:sfdb_symbol_scope.obj
 0001:00021870       _sf_debug_ss_whos          10022870 f   sfc_debugmsvc80:sfdb_symbol_scope.obj
 0001:00021d10       _sf_debug_cc_initialize_chart 10022d10 f   sfc_debugmsvc80:sfdb_coverage.obj
 0001:000226e0       _sf_debug_cc_initialize_instance 100236e0 f   sfc_debugmsvc80:sfdb_coverage.obj
 0001:00023300       _sf_debug_cc_terminate     10024300 f   sfc_debugmsvc80:sfdb_coverage.obj
 0001:000233d0       _sf_debug_cc_set_transition_maps 100243d0 f   sfc_debugmsvc80:sfdb_coverage.obj
 0001:000234d0       _sf_debug_cc_set_state_maps 100244d0 f   sfc_debugmsvc80:sfdb_coverage.obj
 0001:000235a0       _sf_debug_cc_set_transition_weights 100245a0 f   sfc_debugmsvc80:sfdb_coverage.obj
 0001:000237c0       _sf_debug_cc_set_state_weights 100247c0 f   sfc_debugmsvc80:sfdb_coverage.obj
 0001:00023a00       _sf_debug_cc_mark_transition_guard 10024a00 f   sfc_debugmsvc80:sfdb_coverage.obj
 0001:00023a80       _sf_debug_cc_mark_transition_trigger 10024a80 f   sfc_debugmsvc80:sfdb_coverage.obj
 0001:00023b00       _sf_debug_cc_mark_transition_decision 10024b00 f   sfc_debugmsvc80:sfdb_coverage.obj
 0001:00023b60       _sf_debug_cc_mark_transition_condition_action 10024b60 f   sfc_debugmsvc80:sfdb_coverage.obj
 0001:00023bb0       _sf_debug_cc_mark_transition_transition_action 10024bb0 f   sfc_debugmsvc80:sfdb_coverage.obj
 0001:00023c00       _sf_debug_cc_mark_state_entry 10024c00 f   sfc_debugmsvc80:sfdb_coverage.obj
 0001:00023c50       _sf_debug_cc_mark_state_during 10024c50 f   sfc_debugmsvc80:sfdb_coverage.obj
 0001:00023ca0       _sf_debug_cc_mark_state_exit 10024ca0 f   sfc_debugmsvc80:sfdb_coverage.obj
 0001:00023cf0       _sf_debug_bm_clear_script_breakpoints 10024cf0 f   sfc_debugmsvc80:sfdb_breakpoints.obj
 0001:00023d30       _sf_debug_bm_set_script_breakpoint 10024d30 f   sfc_debugmsvc80:sfdb_breakpoints.obj
 0001:00023da0       _sf_debug_bm_clear_single_script_breakpoint 10024da0 f   sfc_debugmsvc80:sfdb_breakpoints.obj
 0001:00023e10       _sf_debug_bm_query_script_breakpoint 10024e10 f   sfc_debugmsvc80:sfdb_breakpoints.obj
 0001:00023e60       _sf_debug_bm_initialize_scripts 10024e60 f   sfc_debugmsvc80:sfdb_breakpoints.obj
 0001:00024400       _sf_debug_bm_terminate     10025400 f   sfc_debugmsvc80:sfdb_breakpoints.obj
 0001:000246c0       _sf_debug_bm_remove_all_breakpoints_in_machine 100256c0 f   sfc_debugmsvc80:sfdb_breakpoints.obj
 0001:00024710       _sf_debug_bm_remove_all_breakpoints_in_chart 10025710 f   sfc_debugmsvc80:sfdb_breakpoints.obj
 0001:00024840       _sf_debug_bm_initialize_global_breakpoints 10025840 f   sfc_debugmsvc80:sfdb_breakpoints.obj
 0001:000249f0       _sf_debug_bm_set_breakpoint 100259f0 f   sfc_debugmsvc80:sfdb_breakpoints.obj
 0001:00024f50       _sf_debug_bm_set_eml_breakpoint 10025f50 f   sfc_debugmsvc80:sfdb_breakpoints.obj
 0001:00024fd0       _sf_debug_bm_initialize_machine_breakpoint_map 10025fd0 f   sfc_debugmsvc80:sfdb_breakpoints.obj
 0001:00025370       _sf_debug_bm_is_a_breakpoint 10026370 f   sfc_debugmsvc80:sfdb_breakpoints.obj
 0001:00025790       _sf_debug_bm_get_all_breakpoints_in_machine 10026790 f   sfc_debugmsvc80:sfdb_breakpoints.obj
 0001:00025a40       _sf_debug_bm_get_all_breakpoints_in_chart 10026a40 f   sfc_debugmsvc80:sfdb_breakpoints.obj
 0001:00026470       _sf_debug_bm_initialize_machine 10027470 f   sfc_debugmsvc80:sfdb_breakpoints.obj
 0001:00026510       _sf_debug_bm_initialize_chart 10027510 f   sfc_debugmsvc80:sfdb_breakpoints.obj
 0001:000268a0       _sf_debug_sc_terminate     100278a0 f   sfc_debugmsvc80:sfdb_state_consistency.obj
 0001:00026b20       _sf_debug_sc_is_chart_consistent 10027b20 f   sfc_debugmsvc80:sfdb_state_consistency.obj
 0001:00026d00       _sf_debug_sc_get_consistency_error_info 10027d00 f   sfc_debugmsvc80:sfdb_state_consistency.obj
 0001:00027060       _sf_debug_tm_terminate     10028060 f   sfc_debugmsvc80:sfdb_call_stack.obj
 0001:00027100       _sf_debug_tm_push_chart_instance 10028100 f   sfc_debugmsvc80:sfdb_call_stack.obj
 0001:00027230       _sf_debug_tm_pop_chart_instance 10028230 f   sfc_debugmsvc80:sfdb_call_stack.obj
 0001:00027290       _sf_debug_tm_push_trace_node 10028290 f   sfc_debugmsvc80:sfdb_call_stack.obj
 0001:000273a0       _sf_debug_tm_pop_trace_node 100283a0 f   sfc_debugmsvc80:sfdb_call_stack.obj
 0001:00027420       _sf_debug_tm_get_current_global_trace_index 10028420 f   sfc_debugmsvc80:sfdb_call_stack.obj
 0001:00027440       _sf_debug_tm_get_current_local_trace_index 10028440 f   sfc_debugmsvc80:sfdb_call_stack.obj
 0001:00027470       _sf_debug_tm_set_cycle_detected_flag 10028470 f   sfc_debugmsvc80:sfdb_call_stack.obj
 0001:000274c0       _sf_debug_tm_set_cycle_started_flag 100284c0 f   sfc_debugmsvc80:sfdb_call_stack.obj
 0001:00027510       _sf_debug_tm_get_chart_number_from_stack 10028510 f   sfc_debugmsvc80:sfdb_call_stack.obj
 0001:000276b0       _sf_debug_tm_browse_trace  100286b0 f   sfc_debugmsvc80:sfdb_call_stack.obj
 0001:00027920       _sf_debug_cd_initialize_instance 10028920 f   sfc_debugmsvc80:sfdb_cycle_detection.obj
 0001:00027b50       _sf_debug_cd_mark_processed_transition_in_instance 10028b50 f   sfc_debugmsvc80:sfdb_cycle_detection.obj
 0001:00027bd0       _sf_debug_cd_checksum_push 10028bd0 f   sfc_debugmsvc80:sfdb_cycle_detection.obj
 0001:00027ed0       _sf_debug_cd_checksum_pop  10028ed0 f   sfc_debugmsvc80:sfdb_cycle_detection.obj
 0001:00027f30       _sf_debug_cd_turn_off_cycle_detection 10028f30 f   sfc_debugmsvc80:sfdb_cycle_detection.obj
 0001:00027f80       _sf_debug_cd_terminate     10028f80 f   sfc_debugmsvc80:sfdb_cycle_detection.obj
 0001:00028150       _md5_initialize_state      10029150 f   sfc_debugmsvc80:ckmd5.obj
 0001:000289e0       _md5_update_state          100299e0 f   sfc_debugmsvc80:ckmd5.obj
 0001:00028a00       _md5_get_hash              10029a00 f   sfc_debugmsvc80:ckmd5.obj
 0001:00028a20       _md5_get_hash_for_a_single_string 10029a20 f   sfc_debugmsvc80:ckmd5.obj
 0001:00028a8a       _mxGetPr                   10029a8a f   libmx:libmx.dll
 0001:00028a90       _mxCreateDoubleScalar      10029a90 f   libmx:libmx.dll
 0001:00028a96       _mxCreateDoubleMatrix_730  10029a96 f   libmx:libmx.dll
 0001:00028a9c       _mxSetField_730            10029a9c f   libmx:libmx.dll
 0001:00028aa2       _mxCreateString            10029aa2 f   libmx:libmx.dll
 0001:00028aa8       _mxCreateStructMatrix_730  10029aa8 f   libmx:libmx.dll
 0001:00028aae       _mxDestroyArray            10029aae f   libmx:libmx.dll
 0001:00028ab4       _mxDuplicateArray          10029ab4 f   libmx:libmx.dll
 0001:00028aba       _mxGetString_730           10029aba f   libmx:libmx.dll
 0001:00028ac0       _mxIsChar                  10029ac0 f   libmx:libmx.dll
 0001:00028ac6       _mxGetClassID              10029ac6 f   libmx:libmx.dll
 0001:00028acc       _mxIsNumeric               10029acc f   libmx:libmx.dll
 0001:00028ad2       _mxIsComplex               10029ad2 f   libmx:libmx.dll
 0001:00028ad8       _mxGetN                    10029ad8 f   libmx:libmx.dll
 0001:00028ade       _mxGetM                    10029ade f   libmx:libmx.dll
 0001:00028ae4       _mxCalloc                  10029ae4 f   libmx:libmx.dll
 0001:00028aea       _mxGetScalar               10029aea f   libmx:libmx.dll
 0001:00028af0       _mxIsLogical               10029af0 f   libmx:libmx.dll
 0001:00028af6       _mxCreateDoubleMatrix_700  10029af6 f   libmx:libmx.dll
 0001:00028afc       _mxFree                    10029afc f   libmx:libmx.dll
 0001:00028b02       _mxArrayToString           10029b02 f   libmx:libmx.dll
 0001:00028b08       _mxCreateCellMatrix_700    10029b08 f   libmx:libmx.dll
 0001:00028b0e       _mxSetCell_700             10029b0e f   libmx:libmx.dll
 0001:00028b14       _mxGetCell_700             10029b14 f   libmx:libmx.dll
 0001:00028b1a       _mxGetClassName            10029b1a f   libmx:libmx.dll
 0001:00028b20       _mxSetField_700            10029b20 f   libmx:libmx.dll
 0001:00028b26       _mxAddField                10029b26 f   libmx:libmx.dll
 0001:00028b2c       _mxGetField_700            10029b2c f   libmx:libmx.dll
 0001:00028b32       _mxGetNumberOfElements     10029b32 f   libmx:libmx.dll
 0001:00028b38       _mxIsStruct                10029b38 f   libmx:libmx.dll
 0001:00028b3e       _mxIsClass                 10029b3e f   libmx:libmx.dll
 0001:00028b44       _mxGetLogicals             10029b44 f   libmx:libmx.dll
 0001:00028b4a       _mxIsSparse                10029b4a f   libmx:libmx.dll
 0001:00028b50       _mxSetFieldByNumber_700    10029b50 f   libmx:libmx.dll
 0001:00028b56       _mxGetFieldByNumber_700    10029b56 f   libmx:libmx.dll
 0001:00028b5c       _mxGetFieldNameByNumber    10029b5c f   libmx:libmx.dll
 0001:00028b62       _mxGetNumberOfFields       10029b62 f   libmx:libmx.dll
 0001:00028b68       _mxCreateStructMatrix_700  10029b68 f   libmx:libmx.dll
 0001:00028b6e       _mxGetFieldNumber          10029b6e f   libmx:libmx.dll
 0001:00028b74       _mxIsNaN                   10029b74 f   libmx:libmx.dll
 0001:00028b7a       _mxIsEmpty                 10029b7a f   libmx:libmx.dll
 0001:00028b80       _mxGetData                 10029b80 f   libmx:libmx.dll
 0001:00028b86       _mxGetImagData             10029b86 f   libmx:libmx.dll
 0001:00028b8c       _mxArrayClassIDName        10029b8c f   libmx:libmx.dll
 0001:00028b92       _mxCreateNumericMatrix_700 10029b92 f   libmx:libmx.dll
 0001:00028b98       _mxCreateStructArray_700   10029b98 f   libmx:libmx.dll
 0001:00028b9e       _mxCalcSingleSubscript_700 10029b9e f   libmx:libmx.dll
 0001:00028ba4       _mxGetDimensions_700       10029ba4 f   libmx:libmx.dll
 0001:00028baa       _mxGetNumberOfDimensions_700 10029baa f   libmx:libmx.dll
 0001:00028bb0       _mxCreateNumericArray_700  10029bb0 f   libmx:libmx.dll
 0001:00028bb6       _mxGetElementSize          10029bb6 f   libmx:libmx.dll
 0001:00028bbc       _mxCreateStringFromNChars_700 10029bbc f   libmx:libmx.dll
 0001:00028bc2       _mxGetString_700           10029bc2 f   libmx:libmx.dll
 0001:00028bc8       _mxIsLogicalScalarTrue     10029bc8 f   libmx:libmx.dll
 0001:00028bce       _mxCreateLogicalScalar     10029bce f   libmx:libmx.dll
 0001:00028bd4       _mexUnlock                 10029bd4 f   libmex:libmex.dll
 0001:00028bda       _mexIsLocked               10029bda f   libmex:libmex.dll
 0001:00028be0       _mexWarnMsgTxt             10029be0 f   libmex:libmex.dll
 0001:00028be6       _mexCallMATLAB             10029be6 f   libmex:libmex.dll
 0001:00028bec       _mexErrMsgTxt              10029bec f   libmex:libmex.dll
 0001:00028bf2       _mexMakeArrayPersistent    10029bf2 f   libmex:libmex.dll
 0001:00028bf8       _mexSetTrapFlag            10029bf8 f   libmex:libmex.dll
 0001:00028bfe       _mexPutVariable            10029bfe f   libmex:libmex.dll
 0001:00028c04       _mexGetVariable            10029c04 f   libmex:libmex.dll
 0001:00028c0a       _mexLock                   10029c0a f   libmex:libmex.dll
 0001:00028c10       _mexMakeMemoryPersistent   10029c10 f   libmex:libmex.dll
 0001:00028c16       _mexFunctionName           10029c16 f   libmex:libmex.dll
 0001:00028c1c       _ssRegisterDataTypeFxpFSlopeFixExpBias 10029c1c f   libfixedpoint:libfixedpoint.dll
 0001:00028c22       _utVSNprintf               10029c22 f   libut:libut.dll
 0001:00028c28       _utCPUtime                 10029c28 f   libut:libut.dll
 0001:00028c2e       _utFree                    10029c2e f   libut:libut.dll
 0001:00028c34       _utMalloc                  10029c34 f   libut:libut.dll
 0001:00028c3a       _emlrtCheckBuiltInCtxR2011a 10029c3a f   libemlrt:libemlrt.dll
 0001:00028c40       _emlrtCheckVsBuiltInCtxR2011a 10029c40 f   libemlrt:libemlrt.dll
 0001:00028c46       _emlrtCheckEnumR2009a      10029c46 f   libemlrt:libemlrt.dll
 0001:00028c4c       _emlrtCreateEnumR2010a     10029c4c f   libemlrt:libemlrt.dll
 0001:00028c52       _emlrtGetEnumElementR2009a 10029c52 f   libemlrt:libemlrt.dll
 0001:00028c58       _emlrtCreateReference      10029c58 f   libemlrt:libemlrt.dll
 0001:00028c5e       _emlrtImportVsFiArrayR2009b 10029c5e f   libemlrt:libemlrt.dll
 0001:00028c64       _emlrtExtractMessageId     10029c64 f   libemlrt:libemlrt.dll
 0001:00028c6a       _emlrtTranslateMessageIDtoLCPstring 10029c6a f   libemlrt:libemlrt.dll
 0001:00028c70       _emlrtForLoopVectorIsValidR2011b 10029c70 f   libemlrt:libemlrt.dll
 0001:00028c76       _emlrtTranslateUTF16MessagetoLCPstring 10029c76 f   libemlrt:libemlrt.dll
 0001:00028c7c       _emlrtGetEnumUnderlyingArrayR2009a 10029c7c f   libemlrt:libemlrt.dll
 0001:00028c82       _emlrtIsEnumR2009a         10029c82 f   libemlrt:libemlrt.dll
 0001:00028c90       @__security_check_cookie@4 10029c90 f   MSVCRT:secchk.obj
 0001:00028ca0       _memset                    10029ca0 f   MSVCRT:MSVCR100.dll
 0001:00028ca6       _malloc                    10029ca6 f   MSVCRT:MSVCR100.dll
 0001:00028cac       _free                      10029cac f   MSVCRT:MSVCR100.dll
 0001:00028cb2       _strcmp                    10029cb2 f   MSVCRT:MSVCR100.dll
 0001:00028cb8       _sprintf                   10029cb8 f   MSVCRT:MSVCR100.dll
 0001:00028cbe       _strlen                    10029cbe f   MSVCRT:MSVCR100.dll
 0001:00028cc4       _strcat                    10029cc4 f   MSVCRT:MSVCR100.dll
 0001:00028cd0       __ftol2_sse                10029cd0 f   MSVCRT:ftol2.obj
 0001:00028cd9       __ftol2_pentium4           10029cd9 f   MSVCRT:ftol2.obj
 0001:00028cec       __ftol2_sse_excpt          10029cec f   MSVCRT:ftol2.obj
 0001:00028d06       __ftol2                    10029d06 f   MSVCRT:ftol2.obj
 0001:00028d7c       _memcpy                    10029d7c f   MSVCRT:MSVCR100.dll
 0001:00028d82       _NtCurrentTeb              10029d82 f i MSVCRT:crtdll.obj
 0001:00028dd7       __CRT_INIT@12              10029dd7 f   MSVCRT:crtdll.obj
 0001:000290f7       __DllMainCRTStartup@12     1002a0f7 f   MSVCRT:crtdll.obj
 0001:0002911a       _strncpy                   1002a11a f   MSVCRT:MSVCR100.dll
 0001:00029120       __alloca_probe             1002a120     MSVCRT:chkstk.obj
 0001:00029120       __chkstk                   1002a120 f   MSVCRT:chkstk.obj
 0001:0002914c       _longjmp                   1002a14c f   MSVCRT:MSVCR100.dll
 0001:00029152       _strncmp                   1002a152 f   MSVCRT:MSVCR100.dll
 0001:00029158       _ceil                      1002a158 f   MSVCRT:MSVCR100.dll
 0001:0002915e       _strrchr                   1002a15e f   MSVCRT:MSVCR100.dll
 0001:00029164       __setjmp3                  1002a164 f   MSVCRT:MSVCR100.dll
 0001:0002916a       _calloc                    1002a16a f   MSVCRT:MSVCR100.dll
 0001:00029170       _realloc                   1002a170 f   MSVCRT:MSVCR100.dll
 0001:00029176       _ldexp                     1002a176 f   MSVCRT:MSVCR100.dll
 0001:0002917c       ___report_gsfailure        1002a17c f   MSVCRT:gs_report.obj
 0001:00029282       ___sse2_available_init     1002a282 f   MSVCRT:cpu_disp.obj
 0001:00029292       ___clean_type_info_names   1002a292 f   MSVCRT:tncleanup.obj
 0001:0002929e       __onexit                   1002a29e f   MSVCRT:atonexit.obj
 0001:0002933f       _atexit                    1002a33f f   MSVCRT:atonexit.obj
 0001:00029356       __RTC_Initialize           1002a356 f   MSVCRT:_initsect_.obj
 0001:0002937c       __RTC_Terminate            1002a37c f   MSVCRT:_initsect_.obj
 0001:000293a2       __malloc_crt               1002a3a2 f   MSVCRT:MSVCR100.dll
 0001:000293a8       __encoded_null             1002a3a8 f   MSVCRT:MSVCR100.dll
 0001:000293b0       __ValidateImageBase        1002a3b0 f   MSVCRT:pesect.obj
 0001:000293f0       __FindPESection            1002a3f0 f   MSVCRT:pesect.obj
 0001:00029440       __IsNonwritableInCurrentImage 1002a440 f   MSVCRT:pesect.obj
 0001:000294fc       __initterm                 1002a4fc f   MSVCRT:MSVCR100.dll
 0001:00029502       __initterm_e               1002a502 f   MSVCRT:MSVCR100.dll
 0001:00029508       __amsg_exit                1002a508 f   MSVCRT:MSVCR100.dll
 0001:0002950e       ___CppXcptFilter           1002a50e f   MSVCRT:MSVCR100.dll
 0001:00029514       _DllMain@12                1002a514 f   MSVCRT:dllmain.obj
 0001:00029540       __SEH_prolog4              1002a540 f   MSVCRT:sehprolg4.obj
 0001:00029585       __SEH_epilog4              1002a585 f   MSVCRT:sehprolg4.obj
 0001:00029599       __except_handler4          1002a599 f   MSVCRT:chandler4gs.obj
 0001:000295be       ___security_init_cookie    1002a5be f   MSVCRT:gs_support.obj
 0001:0002965a       __crt_debugger_hook        1002a65a f   MSVCRT:MSVCR100.dll
 0001:00029660       ___clean_type_info_names_internal 1002a660 f   MSVCRT:MSVCR100.dll
 0001:00029666       __unlock                   1002a666 f   MSVCRT:MSVCR100.dll
 0001:0002966c       ___dllonexit               1002a66c f   MSVCRT:MSVCR100.dll
 0001:00029672       __lock                     1002a672 f   MSVCRT:MSVCR100.dll
 0001:00029678       __except_handler4_common   1002a678 f   MSVCRT:MSVCR100.dll
 0001:0002967e       _EncodePointer@4           1002a67e f   kernel32:KERNEL32.dll
 0001:00029684       _DecodePointer@4           1002a684 f   kernel32:KERNEL32.dll
 0001:0002968a       _InterlockedExchange@8     1002a68a f   kernel32:KERNEL32.dll
 0001:00029690       _Sleep@4                   1002a690 f   kernel32:KERNEL32.dll
 0001:00029696       _InterlockedCompareExchange@12 1002a696 f   kernel32:KERNEL32.dll
 0001:0002969c       _TerminateProcess@8        1002a69c f   kernel32:KERNEL32.dll
 0001:000296a2       _GetCurrentProcess@0       1002a6a2 f   kernel32:KERNEL32.dll
 0001:000296a8       _UnhandledExceptionFilter@4 1002a6a8 f   kernel32:KERNEL32.dll
 0001:000296ae       _SetUnhandledExceptionFilter@4 1002a6ae f   kernel32:KERNEL32.dll
 0001:000296b4       _IsDebuggerPresent@0       1002a6b4 f   kernel32:KERNEL32.dll
 0001:000296ba       _IsProcessorFeaturePresent@4 1002a6ba f   kernel32:KERNEL32.dll
 0001:000296c0       _DisableThreadLibraryCalls@4 1002a6c0 f   kernel32:KERNEL32.dll
 0001:000296c6       _QueryPerformanceCounter@4 1002a6c6 f   kernel32:KERNEL32.dll
 0001:000296cc       _GetTickCount@0            1002a6cc f   kernel32:KERNEL32.dll
 0001:000296d2       _GetCurrentThreadId@0      1002a6d2 f   kernel32:KERNEL32.dll
 0001:000296d8       _GetCurrentProcessId@0     1002a6d8 f   kernel32:KERNEL32.dll
 0001:000296de       _GetSystemTimeAsFileTime@4 1002a6de f   kernel32:KERNEL32.dll
 0002:00000000       __imp__GetSystemTimeAsFileTime@4 1002b000     kernel32:KERNEL32.dll
 0002:00000004       __imp__GetCurrentProcessId@0 1002b004     kernel32:KERNEL32.dll
 0002:00000008       __imp__GetCurrentThreadId@0 1002b008     kernel32:KERNEL32.dll
 0002:0000000c       __imp__GetTickCount@0      1002b00c     kernel32:KERNEL32.dll
 0002:00000010       __imp__QueryPerformanceCounter@4 1002b010     kernel32:KERNEL32.dll
 0002:00000014       __imp__DisableThreadLibraryCalls@4 1002b014     kernel32:KERNEL32.dll
 0002:00000018       __imp__IsProcessorFeaturePresent@4 1002b018     kernel32:KERNEL32.dll
 0002:0000001c       __imp__IsDebuggerPresent@0 1002b01c     kernel32:KERNEL32.dll
 0002:00000020       __imp__SetUnhandledExceptionFilter@4 1002b020     kernel32:KERNEL32.dll
 0002:00000024       __imp__UnhandledExceptionFilter@4 1002b024     kernel32:KERNEL32.dll
 0002:00000028       __imp__GetCurrentProcess@0 1002b028     kernel32:KERNEL32.dll
 0002:0000002c       __imp__TerminateProcess@8  1002b02c     kernel32:KERNEL32.dll
 0002:00000030       __imp__InterlockedCompareExchange@12 1002b030     kernel32:KERNEL32.dll
 0002:00000034       __imp__Sleep@4             1002b034     kernel32:KERNEL32.dll
 0002:00000038       __imp__InterlockedExchange@8 1002b038     kernel32:KERNEL32.dll
 0002:0000003c       __imp__DecodePointer@4     1002b03c     kernel32:KERNEL32.dll
 0002:00000040       __imp__EncodePointer@4     1002b040     kernel32:KERNEL32.dll
 0002:00000044       \177KERNEL32_NULL_THUNK_DATA 1002b044     kernel32:KERNEL32.dll
 0002:00000048       __imp___except_handler4_common 1002b048     MSVCRT:MSVCR100.dll
 0002:0000004c       __imp___onexit             1002b04c     MSVCRT:MSVCR100.dll
 0002:00000050       __imp___lock               1002b050     MSVCRT:MSVCR100.dll
 0002:00000054       __imp____dllonexit         1002b054     MSVCRT:MSVCR100.dll
 0002:00000058       __imp___unlock             1002b058     MSVCRT:MSVCR100.dll
 0002:0000005c       __imp____clean_type_info_names_internal 1002b05c     MSVCRT:MSVCR100.dll
 0002:00000060       __imp___crt_debugger_hook  1002b060     MSVCRT:MSVCR100.dll
 0002:00000064       __imp____CppXcptFilter     1002b064     MSVCRT:MSVCR100.dll
 0002:00000068       __imp___amsg_exit          1002b068     MSVCRT:MSVCR100.dll
 0002:0000006c       __imp___initterm_e         1002b06c     MSVCRT:MSVCR100.dll
 0002:00000070       __imp___initterm           1002b070     MSVCRT:MSVCR100.dll
 0002:00000074       __imp___encoded_null       1002b074     MSVCRT:MSVCR100.dll
 0002:00000078       __imp___malloc_crt         1002b078     MSVCRT:MSVCR100.dll
 0002:0000007c       __imp__ldexp               1002b07c     MSVCRT:MSVCR100.dll
 0002:00000080       __imp__realloc             1002b080     MSVCRT:MSVCR100.dll
 0002:00000084       __imp__calloc              1002b084     MSVCRT:MSVCR100.dll
 0002:00000088       __imp___setjmp3            1002b088     MSVCRT:MSVCR100.dll
 0002:0000008c       __imp__strrchr             1002b08c     MSVCRT:MSVCR100.dll
 0002:00000090       __imp__ceil                1002b090     MSVCRT:MSVCR100.dll
 0002:00000094       __imp__strncmp             1002b094     MSVCRT:MSVCR100.dll
 0002:00000098       __imp__longjmp             1002b098     MSVCRT:MSVCR100.dll
 0002:0000009c       __imp__strncpy             1002b09c     MSVCRT:MSVCR100.dll
 0002:000000a0       __imp__memcpy              1002b0a0     MSVCRT:MSVCR100.dll
 0002:000000a4       __imp__strcat              1002b0a4     MSVCRT:MSVCR100.dll
 0002:000000a8       __imp__strlen              1002b0a8     MSVCRT:MSVCR100.dll
 0002:000000ac       __imp__sprintf             1002b0ac     MSVCRT:MSVCR100.dll
 0002:000000b0       __imp__strcmp              1002b0b0     MSVCRT:MSVCR100.dll
 0002:000000b4       __imp__free                1002b0b4     MSVCRT:MSVCR100.dll
 0002:000000b8       __imp__malloc              1002b0b8     MSVCRT:MSVCR100.dll
 0002:000000bc       __imp__memset              1002b0bc     MSVCRT:MSVCR100.dll
 0002:000000c0       \177MSVCR100_NULL_THUNK_DATA 1002b0c0     MSVCRT:MSVCR100.dll
 0002:000000c4       __imp__emlrtIsEnumR2009a   1002b0c4     libemlrt:libemlrt.dll
 0002:000000c8       __imp__emlrtGetEnumUnderlyingArrayR2009a 1002b0c8     libemlrt:libemlrt.dll
 0002:000000cc       __imp__emlrtTranslateUTF16MessagetoLCPstring 1002b0cc     libemlrt:libemlrt.dll
 0002:000000d0       __imp__emlrtForLoopVectorIsValidR2011b 1002b0d0     libemlrt:libemlrt.dll
 0002:000000d4       __imp__emlrtTranslateMessageIDtoLCPstring 1002b0d4     libemlrt:libemlrt.dll
 0002:000000d8       __imp__emlrtExtractMessageId 1002b0d8     libemlrt:libemlrt.dll
 0002:000000dc       __imp__emlrtImportVsFiArrayR2009b 1002b0dc     libemlrt:libemlrt.dll
 0002:000000e0       __imp__emlrtCreateReference 1002b0e0     libemlrt:libemlrt.dll
 0002:000000e4       __imp__emlrtGetEnumElementR2009a 1002b0e4     libemlrt:libemlrt.dll
 0002:000000e8       __imp__emlrtCreateEnumR2010a 1002b0e8     libemlrt:libemlrt.dll
 0002:000000ec       __imp__emlrtCheckEnumR2009a 1002b0ec     libemlrt:libemlrt.dll
 0002:000000f0       __imp__emlrtCheckVsBuiltInCtxR2011a 1002b0f0     libemlrt:libemlrt.dll
 0002:000000f4       __imp__emlrtCheckBuiltInCtxR2011a 1002b0f4     libemlrt:libemlrt.dll
 0002:000000f8       \177libemlrt_NULL_THUNK_DATA 1002b0f8     libemlrt:libemlrt.dll
 0002:000000fc       __imp__ssRegisterDataTypeFxpFSlopeFixExpBias 1002b0fc     libfixedpoint:libfixedpoint.dll
 0002:00000100       \177libfixedpoint_NULL_THUNK_DATA 1002b100     libfixedpoint:libfixedpoint.dll
 0002:00000104       __imp__mexLock             1002b104     libmex:libmex.dll
 0002:00000108       __imp__mexMakeMemoryPersistent 1002b108     libmex:libmex.dll
 0002:0000010c       __imp__mexFunctionName     1002b10c     libmex:libmex.dll
 0002:00000110       __imp__mexGetVariable      1002b110     libmex:libmex.dll
 0002:00000114       __imp__mexPutVariable      1002b114     libmex:libmex.dll
 0002:00000118       __imp__mexIsLocked         1002b118     libmex:libmex.dll
 0002:0000011c       __imp__mexWarnMsgTxt       1002b11c     libmex:libmex.dll
 0002:00000120       __imp__mexCallMATLAB       1002b120     libmex:libmex.dll
 0002:00000124       __imp__mexUnlock           1002b124     libmex:libmex.dll
 0002:00000128       __imp__mexErrMsgTxt        1002b128     libmex:libmex.dll
 0002:0000012c       __imp__mexSetTrapFlag      1002b12c     libmex:libmex.dll
 0002:00000130       __imp__mexMakeArrayPersistent 1002b130     libmex:libmex.dll
 0002:00000134       \177libmex_NULL_THUNK_DATA 1002b134     libmex:libmex.dll
 0002:00000138       __imp__mxSetField_730      1002b138     libmx:libmx.dll
 0002:0000013c       __imp__mxCreateDoubleMatrix_730 1002b13c     libmx:libmx.dll
 0002:00000140       __imp__mxCreateDoubleScalar 1002b140     libmx:libmx.dll
 0002:00000144       __imp__mxCreateString      1002b144     libmx:libmx.dll
 0002:00000148       __imp__mxCreateStructMatrix_730 1002b148     libmx:libmx.dll
 0002:0000014c       __imp__mxCreateLogicalScalar 1002b14c     libmx:libmx.dll
 0002:00000150       __imp__mxIsLogicalScalarTrue 1002b150     libmx:libmx.dll
 0002:00000154       __imp__mxGetString_700     1002b154     libmx:libmx.dll
 0002:00000158       __imp__mxCreateStringFromNChars_700 1002b158     libmx:libmx.dll
 0002:0000015c       __imp__mxGetElementSize    1002b15c     libmx:libmx.dll
 0002:00000160       __imp__mxCreateNumericArray_700 1002b160     libmx:libmx.dll
 0002:00000164       __imp__mxGetNumberOfDimensions_700 1002b164     libmx:libmx.dll
 0002:00000168       __imp__mxGetDimensions_700 1002b168     libmx:libmx.dll
 0002:0000016c       __imp__mxCalcSingleSubscript_700 1002b16c     libmx:libmx.dll
 0002:00000170       __imp__mxCreateStructArray_700 1002b170     libmx:libmx.dll
 0002:00000174       __imp__mxCreateNumericMatrix_700 1002b174     libmx:libmx.dll
 0002:00000178       __imp__mxArrayClassIDName  1002b178     libmx:libmx.dll
 0002:0000017c       __imp__mxGetImagData       1002b17c     libmx:libmx.dll
 0002:00000180       __imp__mxGetData           1002b180     libmx:libmx.dll
 0002:00000184       __imp__mxIsEmpty           1002b184     libmx:libmx.dll
 0002:00000188       __imp__mxIsNaN             1002b188     libmx:libmx.dll
 0002:0000018c       __imp__mxGetFieldNumber    1002b18c     libmx:libmx.dll
 0002:00000190       __imp__mxCreateStructMatrix_700 1002b190     libmx:libmx.dll
 0002:00000194       __imp__mxGetNumberOfFields 1002b194     libmx:libmx.dll
 0002:00000198       __imp__mxGetFieldNameByNumber 1002b198     libmx:libmx.dll
 0002:0000019c       __imp__mxGetFieldByNumber_700 1002b19c     libmx:libmx.dll
 0002:000001a0       __imp__mxSetFieldByNumber_700 1002b1a0     libmx:libmx.dll
 0002:000001a4       __imp__mxIsSparse          1002b1a4     libmx:libmx.dll
 0002:000001a8       __imp__mxGetLogicals       1002b1a8     libmx:libmx.dll
 0002:000001ac       __imp__mxIsClass           1002b1ac     libmx:libmx.dll
 0002:000001b0       __imp__mxIsStruct          1002b1b0     libmx:libmx.dll
 0002:000001b4       __imp__mxGetNumberOfElements 1002b1b4     libmx:libmx.dll
 0002:000001b8       __imp__mxGetField_700      1002b1b8     libmx:libmx.dll
 0002:000001bc       __imp__mxAddField          1002b1bc     libmx:libmx.dll
 0002:000001c0       __imp__mxSetField_700      1002b1c0     libmx:libmx.dll
 0002:000001c4       __imp__mxGetClassName      1002b1c4     libmx:libmx.dll
 0002:000001c8       __imp__mxGetCell_700       1002b1c8     libmx:libmx.dll
 0002:000001cc       __imp__mxSetCell_700       1002b1cc     libmx:libmx.dll
 0002:000001d0       __imp__mxCreateCellMatrix_700 1002b1d0     libmx:libmx.dll
 0002:000001d4       __imp__mxArrayToString     1002b1d4     libmx:libmx.dll
 0002:000001d8       __imp__mxFree              1002b1d8     libmx:libmx.dll
 0002:000001dc       __imp__mxCreateDoubleMatrix_700 1002b1dc     libmx:libmx.dll
 0002:000001e0       __imp__mxIsLogical         1002b1e0     libmx:libmx.dll
 0002:000001e4       __imp__mxGetScalar         1002b1e4     libmx:libmx.dll
 0002:000001e8       __imp__mxCalloc            1002b1e8     libmx:libmx.dll
 0002:000001ec       __imp__mxGetM              1002b1ec     libmx:libmx.dll
 0002:000001f0       __imp__mxGetN              1002b1f0     libmx:libmx.dll
 0002:000001f4       __imp__mxIsComplex         1002b1f4     libmx:libmx.dll
 0002:000001f8       __imp__mxIsNumeric         1002b1f8     libmx:libmx.dll
 0002:000001fc       __imp__mxGetClassID        1002b1fc     libmx:libmx.dll
 0002:00000200       __imp__mxIsChar            1002b200     libmx:libmx.dll
 0002:00000204       __imp__mxGetString_730     1002b204     libmx:libmx.dll
 0002:00000208       __imp__mxDuplicateArray    1002b208     libmx:libmx.dll
 0002:0000020c       __imp__mxDestroyArray      1002b20c     libmx:libmx.dll
 0002:00000210       __imp__mxGetPr             1002b210     libmx:libmx.dll
 0002:00000214       \177libmx_NULL_THUNK_DATA  1002b214     libmx:libmx.dll
 0002:00000218       __imp__utFree              1002b218     libut:libut.dll
 0002:0000021c       __imp__utCPUtime           1002b21c     libut:libut.dll
 0002:00000220       __imp__utVSNprintf         1002b220     libut:libut.dll
 0002:00000224       __imp__utMalloc            1002b224     libut:libut.dll
 0002:00000228       \177libut_NULL_THUNK_DATA  1002b228     libut:libut.dll
 0002:0000022c       ___xc_a                    1002b22c     MSVCRT:cinitexe.obj
 0002:00000230       ___xc_z                    1002b230     MSVCRT:cinitexe.obj
 0002:00000234       ___xi_a                    1002b234     MSVCRT:cinitexe.obj
 0002:00000240       ___xi_z                    1002b240     MSVCRT:cinitexe.obj
[...]
 0001:00007470       _sf_mex_err                10008470 f   sfc_mexmsvc80:sfc_mex.obj
 0001:00007500       _sf_error_dimension_out_of_bound 10008500 f   sfc_mexmsvc80:sfc_mex.obj
 0001:000075a0       _sf_mex_check_and_set_actual_dimensions 100085a0 f   sfc_mexmsvc80:sfc_mex.obj
 0001:00007710       _sf_mex_check_complex      10008710 f   sfc_mexmsvc80:sfc_mex.obj
 0001:00007780       _sf_mex_check_sparse       10008780 f   sfc_mexmsvc80:sfc_mex.obj
 0001:000077c0       _sf_mex_check_numerictype  100087c0 f   sfc_mexmsvc80:sfc_mex.obj
 0001:00007850       _sf_mex_check_fimath       10008850 f   sfc_mexmsvc80:sfc_mex.obj
 0001:00007f50       _size_mismatch_error       10008f50 f   sfc_mexmsvc80:sfc_mex.obj
 0001:00008780       _check_array_dimensions    10009780 f   sfc_mexmsvc80:sfc_mex.obj
 0001:000087d0       _check_input_mxarray       100097d0 f   sfc_mexmsvc80:sfc_mex.obj
 0001:00008e70       _sf_numeric_value_to_double 10009e70 f   sfc_mexmsvc80:sfc_mex.obj
 0001:00008eb0       _ml_generic_out_of_bounds_check 10009eb0 f   sfc_mexmsvc80:sfc_mex.obj
 0001:00009040       _ml_get_element_value_from_array 1000a040 f   sfc_mexmsvc80:sfc_mex.obj
 0001:00009510       __ml_generic_castability_check 1000a510 f   sfc_mexmsvc80:sfc_mex.obj
 0001:00009da0       _ml_generic_castability_check 1000ada0 f   sfc_mexmsvc80:sfc_mex.obj
 0001:00009e00       _ml_check_mx_array_for_single_castability 1000ae00 f   sfc_mexmsvc80:sfc_mex.obj
 0001:00009e70       _ml_check_mx_array_for_logical_castability 1000ae70 f   sfc_mexmsvc80:sfc_mex.obj
 0001:00009ed0       _ml_check_mx_array_for_int8_castability 1000aed0 f   sfc_mexmsvc80:sfc_mex.obj
 0001:00009f60       _ml_check_mx_array_for_uint8_castability 1000af60 f   sfc_mexmsvc80:sfc_mex.obj
 0001:00009fd0       _ml_check_mx_array_for_int16_castability 1000afd0 f   sfc_mexmsvc80:sfc_mex.obj
 0001:0000a040       _ml_check_mx_array_for_uint16_castability 1000b040 f   sfc_mexmsvc80:sfc_mex.obj
 0001:0000a0b0       _ml_check_mx_array_for_int32_castability 1000b0b0 f   sfc_mexmsvc80:sfc_mex.obj
 0001:0000a120       _ml_check_mx_array_for_uint32_castability 1000b120 f   sfc_mexmsvc80:sfc_mex.obj
 0001:0000a190       _ml_check_mx_array_for_castability 1000b190 f   sfc_mexmsvc80:sfc_mex.obj
 0001:0000a810       _set_data_value            1000b810 f   sfc_mexmsvc80:sfc_mex.obj
 0001:0000ace0       _get_data_value            1000bce0 f   sfc_mexmsvc80:sfc_mex.obj
 0001:0000ade0       _get_next_element_address  1000bde0 f   sfc_mexmsvc80:sfc_mex.obj
 0001:0000ae80       _sf_normalize_index        1000be80 f   sfc_mexmsvc80:sfc_mex.obj
 0001:0000b110       _ml_array_index_bound_check 1000c110 f   sfc_mexmsvc80:sfc_mex.obj
 0001:0000b9e0       _mx_value                  1000c9e0 f   sfc_mexmsvc80:sfc_mex.obj
 0001:0000ba30       _sf_create_numeric_array   1000ca30 f   sfc_mexmsvc80:sfc_mex.obj
 0001:0000bab0       _sf_mex_assign_to_mx_array 1000cab0 f   sfc_mexmsvc80:sfc_mex.obj
 0001:0000bd10       _assign_from_mx_array      1000cd10 f   sfc_mexmsvc80:sfc_mex.obj
 0001:0000c4d0       _sf_mex_import_v           1000d4d0 f   sfc_mexmsvc80:sfc_mex.obj
 0001:0000c980       _get_machine_and_chart_file_number 1000d980 f   sfc_mexmsvc80:sfc_sf.obj
 0001:0000ca40       _get_sfun_block_specialization 1000da40 f   sfc_mexmsvc80:sfc_sf.obj
 0001:0000caa0       _call_sf_machine_global_method_dispatcher 1000daa0 f   sfc_mexmsvc80:sfc_sf.obj
 0001:0000cc50       _mdl_zeroCrossings_processing 1000dc50 f   sfc_mexmsvc80:sfc_sf.obj
 0001:0000cd00       _mdl_derivatives_processing 1000dd00 f   sfc_mexmsvc80:sfc_sf.obj
 0001:0000cf80       _mdl_outputs_continuous_legacy 1000df80 f   sfc_mexmsvc80:sfc_sf.obj
 0001:0000d000       _mdl_outputs_processing    1000e000 f   sfc_mexmsvc80:sfc_sf.obj
 0001:0000d240       _mdl_enable_processing     1000e240 f   sfc_mexmsvc80:sfc_sf.obj
 0001:0000d2f0       _mdl_disable_processing    1000e2f0 f   sfc_mexmsvc80:sfc_sf.obj
 0001:0000dd80       _sf_call_output_fcn_enable_disable 1000ed80 f   sfc_mexmsvc80:sfc_sf.obj
 0001:0000dfa0       _set_dwork_information_from_mx_array 1000efa0 f   sfc_mexmsvc80:sfc_sf.obj
 0001:0000e880       _ptr2mxStruct              1000f880 f   sfc_mexmsvc80:sfc_sf.obj
 0001:0000ea90       _SNPRINTF_WRAPPER          1000fa90 f   sfc_debugmsvc80:sfcdebug.obj
 0001:0000eab0       _sf_debug_chart_instance_initialized_quick 1000fab0 f   sfc_debugmsvc80:sfcdebug.obj
 0001:0000eac0       _sf_debug_chart_instance_initialized 1000fac0 f   sfc_debugmsvc80:sfcdebug.obj
 0001:0000ec40       _sfrtAddSize               1000fc40 f   sfc_debugmsvc80:sfcdebug.obj
 0001:0000ecf0       _sfrtGenSizeString         1000fcf0 f   sfc_debugmsvc80:sfcdebug.obj
 0001:0000f170       _sf_debug_sim_status_listener 10010170 f   sfc_debugmsvc80:sfcdebug.obj
 0001:0000f5e0       _sf_debug_form_mask_bits   100105e0 f   sfc_debugmsvc80:sfcdebug.obj
 0001:0000f620       _sf_debug_form_sf_data_type_offsets 10010620 f   sfc_debugmsvc80:sfcdebug.obj
 0001:0000f6b0       _sf_debug_free_all         100106b0 f   sfc_debugmsvc80:sfcdebug.obj
 0001:0000f830       _sf_debug_append_debugger_context 10010830 f   sfc_debugmsvc80:sfcdebug.obj
 0001:0000fb10       _local_strdup              10010b10 f   sfc_debugmsvc80:sfcdebug.obj
 0001:00010770       _sf_debug_em_terminate     10011770 f   sfc_debugmsvc80:sfcdebug.obj
 0001:000107b0       _sf_debug_push_eml_function 100117b0 f   sfc_debugmsvc80:sfcdebug.obj
 0001:00010840       _sf_debug_pop_eml_function 10011840 f   sfc_debugmsvc80:sfcdebug.obj
 0001:00011130       _sf_debug_get_machine_number_from_id_or_name 10012130 f   sfc_debugmsvc80:sfcdebug.obj
 0001:00011290       _sf_debug_get_chart_number_from_id 10012290 f   sfc_debugmsvc80:sfcdebug.obj
 0001:00011bb0       _sf_debug_transfer_control_to_debugger_GUI 10012bb0 f   sfc_debugmsvc80:sfcdebug.obj
 0001:00012900       _sf_debug_scripts_rehash   10013900 f   sfc_debugmsvc80:sfcdebug.obj
 0001:00012ab0       _sf_debug_get_script_line_count 10013ab0 f   sfc_debugmsvc80:sfcdebug.obj
 0001:00012f50       _cv_eml_state_cvId         10013f50 f   sfc_debugmsvc80:sfcdebug.obj
 0001:00012fa0       _cv_eml_trans_cvId         10013fa0 f   sfc_debugmsvc80:sfcdebug.obj
 0001:00013cf0       _sf_debug_data_array_bounds_error 10014cf0 f   sfc_debugmsvc80:sfcdebug.obj
 0001:00014000       _eml_debug_runtime_error_doclink 10015000 f   sfc_debugmsvc80:sfcdebug.obj
 0001:00014140       _sf_debug_runtime_error    10015140 f   sfc_debugmsvc80:sfcdebug.obj
 0001:00014190       _sf_debug_matlab_error     10015190 f   sfc_debugmsvc80:sfcdebug.obj
 0001:00014700       _sf_debug_data_value_error 10015700 f   sfc_debugmsvc80:sfcdebug.obj
 0001:00014d00       _sf_debug_data_loss_error  10015d00 f   sfc_debugmsvc80:sfcdebug.obj
 0001:00015820       _call_cv_range_check       10016820 f   sfc_debugmsvc80:sfcdebug.obj
 0001:00015d90       _sf_debug_invoke_cycle_detection_code 10016d90 f   sfc_debugmsvc80:sfcdebug.obj
 0001:00016750       _sf_reset_debug_info_struct 10017750 f   sfc_debugmsvc80:sfcdebug.obj
 0001:00016e20       _cv_script_cvId            10017e20 f   sfc_debugmsvc80:sfcdebug.obj
 0001:00017610       _sfc_api_chart_visible     10018610 f   sfc_debugmsvc80:sfc_api.obj
 0001:000176c0       _sfc_api_active_instance   100186c0 f   sfc_debugmsvc80:sfc_api.obj
 0001:00017760       _sfc_api_machine_load      10018760 f   sfc_debugmsvc80:sfc_api.obj
 0001:00017860       _sfc_api_debugger_alive    10018860 f   sfc_debugmsvc80:sfc_api.obj
 0001:00017870       _sfc_api_go                10018870 f   sfc_debugmsvc80:sfc_api.obj
 0001:00017880       _sfc_api_step_over         10018880 f   sfc_debugmsvc80:sfc_api.obj
 0001:00017890       _sfc_api_step_out          10018890 f   sfc_debugmsvc80:sfc_api.obj
 0001:000178a0       _sfc_api_resume            100188a0 f   sfc_debugmsvc80:sfc_api.obj
 0001:000178b0       _sfc_api_break             100188b0 f   sfc_debugmsvc80:sfc_api.obj
 0001:000178c0       _sfc_api_stop_debugging    100188c0 f   sfc_debugmsvc80:sfc_api.obj
 0001:00017910       _sfc_api_is_cycle_detected 10018910 f   sfc_debugmsvc80:sfc_api.obj
 0001:00017960       _sfc_api_is_array_bounds_detected 10018960 f   sfc_debugmsvc80:sfc_api.obj
 0001:000179b0       _sfc_api_set_disable_all_breakpoints 100189b0 f   sfc_debugmsvc80:sfc_api.obj
 0001:00017a40       _sfc_api_disable_all_breakpoints_and_go 10018a40 f   sfc_debugmsvc80:sfc_api.obj
 0001:00017a50       _sfc_api_close             10018a50 f   sfc_debugmsvc80:sfc_api.obj
 0001:00017a60       _sfc_api_browse_data       10018a60 f   sfc_debugmsvc80:sfc_api.obj
 0001:00017ae0       _sfc_api_watch_data        10018ae0 f   sfc_debugmsvc80:sfc_api.obj
 0001:00017b60       _sfc_api_assign_data       10018b60 f   sfc_debugmsvc80:sfc_api.obj
 0001:00017be0       _sfc_api_whos              10018be0 f   sfc_debugmsvc80:sfc_api.obj
 0001:00017c70       _sfc_api_get_consistency_info 10018c70 f   sfc_debugmsvc80:sfc_api.obj
 0001:00017c90       _sfc_api_browse_trace      10018c90 f   sfc_debugmsvc80:sfc_api.obj
 0001:00017cb0       _sfc_api_break_on_chart_entry 10018cb0 f   sfc_debugmsvc80:sfc_api.obj
 0001:00017cf0       _sfc_api_break_on_event_broadcast 10018cf0 f   sfc_debugmsvc80:sfc_api.obj
 0001:00017d30       _sfc_api_break_on_state_entry 10018d30 f   sfc_debugmsvc80:sfc_api.obj
 0001:00017d70       _sfc_api_set_watch         10018d70 f   sfc_debugmsvc80:sfc_api.obj
 0001:00017e50       _sfc_api_set_breakpoints   10018e50 f   sfc_debugmsvc80:sfc_api.obj
 0001:00017f30       _sfc_api_set_eml_breakpoints 10018f30 f   sfc_debugmsvc80:sfc_api.obj
 0001:00017fe0       _sfc_api_set_script_breakpoints 10018fe0 f   sfc_debugmsvc80:sfc_api.obj
 0001:00018040       _sfc_api_add_script_breakpoints 10019040 f   sfc_debugmsvc80:sfc_api.obj
 0001:000180a0       _sfc_api_clear_script_breakpoints 100190a0 f   sfc_debugmsvc80:sfc_api.obj
 0001:00018100       _sfc_api_query_script_breakpoints 10019100 f   sfc_debugmsvc80:sfc_api.obj
 0001:00018170       _sfc_api_get_script_id     10019170 f   sfc_debugmsvc80:sfc_api.obj
 0001:00018210       _sfc_api_get_active_states 10019210 f   sfc_debugmsvc80:sfc_api.obj
 0001:00018280       _sfc_api_break_between_times 10019280 f   sfc_debugmsvc80:sfc_api.obj
 0001:000182e0       _sfc_api_get_instance_handle 100192e0 f   sfc_debugmsvc80:sfc_api.obj
 0001:000183c0       _sfc_api_set_animation     100193c0 f   sfc_debugmsvc80:sfc_api.obj
 0001:00018420       _sfc_api_select_chart      10019420 f   sfc_debugmsvc80:sfc_api.obj
 0001:000184b0       _sfc_api_select_charts     100194b0 f   sfc_debugmsvc80:sfc_api.obj
 0001:000184e0       _sfc_api_cycle_detection_check 100194e0 f   sfc_debugmsvc80:sfc_api.obj
 0001:00018540       _sfc_api_data_range_check  10019540 f   sfc_debugmsvc80:sfc_api.obj
 0001:000185a0       _sfc_api_transition_conflict_check 100195a0 f   sfc_debugmsvc80:sfc_api.obj
 0001:00018600       _sfc_api_state_consistency_check 10019600 f   sfc_debugmsvc80:sfc_api.obj
 0001:00018660       _sfc_api_set_instance_cv_ids 10019660 f   sfc_debugmsvc80:sfc_api.obj
 0001:00018790       _sfc_api_set_script_cv_ids 10019790 f   sfc_debugmsvc80:sfc_api.obj
 0001:00018830       _sfc_api_get_current_machine_id 10019830 f   sfc_debugmsvc80:sfc_api.obj
 0001:00018860       _sfc_api_get_current_machine_number 10019860 f   sfc_debugmsvc80:sfc_api.obj
 0001:00018890       _sfc_api_get_current_chart_number 10019890 f   sfc_debugmsvc80:sfc_api.obj
 0001:000188c0       _sfc_api_get_current_instance_number 100198c0 f   sfc_debugmsvc80:sfc_api.obj
 0001:000188f0       _sfc_api_get_current_instance_handle 100198f0 f   sfc_debugmsvc80:sfc_api.obj
 0001:00018910       _sfc_api_get_current_is_minor_time_step 10019910 f   sfc_debugmsvc80:sfc_api.obj
 0001:00018940       _sfc_api_get_current_machine_name 10019940 f   sfc_debugmsvc80:sfc_api.obj
 0001:00018960       _sfc_api_get_current_chart_id 10019960 f   sfc_debugmsvc80:sfc_api.obj
 0001:00018990       _sfc_api_get_current_object_type 10019990 f   sfc_debugmsvc80:sfc_api.obj
 0001:000189c0       _sfc_api_get_current_event_type 100199c0 f   sfc_debugmsvc80:sfc_api.obj
 0001:000189f0       _sfc_api_get_current_object_id 100199f0 f   sfc_debugmsvc80:sfc_api.obj
 0001:00018a20       _sfc_get_current_active_event_type 10019a20 f   sfc_debugmsvc80:sfc_api.obj
 0001:00018a50       _sfc_api_get_current_active_event_id 10019a50 f   sfc_debugmsvc80:sfc_api.obj
 0001:00018a80       _sfc_api_get_current_simulation_time 10019a80 f   sfc_debugmsvc80:sfc_api.obj
 0001:00018aa0       _sfc_get_current_tag_type  10019aa0 f   sfc_debugmsvc80:sfc_api.obj
 0001:00018ad0       _sfc_get_current_coverage_percentage 10019ad0 f   sfc_debugmsvc80:sfc_api.obj
 0001:00018af0       _sfc_get_current_statement_context 10019af0 f   sfc_debugmsvc80:sfc_api.obj
 0001:00018b10       _sfc_get_current_optional_integer 10019b10 f   sfc_debugmsvc80:sfc_api.obj
 0001:00018b40       _sfc_get_current_statement_info 10019b40 f   sfc_debugmsvc80:sfc_api.obj
 0001:00018be0       _sfc_api_get               10019be0 f   sfc_debugmsvc80:sfc_api.obj
 0001:00018ce0       _sf_debug_sm_is_using_unified_editors 10019ce0 f   sfc_debugmsvc80:sfdb_animation.obj
 0001:00018d60       _sf_debug_sm_is_chart_visible_in_unified_editors 10019d60 f   sfc_debugmsvc80:sfdb_animation.obj
 0001:00018e00       _sf_debug_sm_check_if_chart_is_visible 10019e00 f   sfc_debugmsvc80:sfdb_animation.obj
 0001:00019720       _sf_debug_sm_fill_state_activity_data 1001a720 f   sfc_debugmsvc80:sfdb_animation.obj
 0001:0001b680       _sf_debug_hm_get_simulink_handle 1001c680 f   sfc_debugmsvc80:sfdb_handle_management.obj
 0001:0001c040       _sf_debug_hm_initialize_globals 1001d040 f   sfc_debugmsvc80:sfdb_handle_management.obj
 0001:0001c130       _sf_debug_hm_get_machine_debug_flag 1001d130 f   sfc_debugmsvc80:sfdb_handle_management.obj
 0001:0001c280       _sf_debug_hm_get_machine_id 1001d280 f   sfc_debugmsvc80:sfdb_handle_management.obj
 0001:0001c390       _sf_debug_hm_get_chart_id  1001d390 f   sfc_debugmsvc80:sfdb_handle_management.obj
 0001:0001c500       _sf_debug_hm_register_executing_SFunction 1001d500 f   sfc_debugmsvc80:sfdb_handle_management.obj
 0001:0001c650       _sf_debug_hm_get_chart_active_instance 1001d650 f   sfc_debugmsvc80:sfdb_handle_management.obj
 0001:0001c780       _sf_debug_hm_get_chart_visibility 1001d780 f   sfc_debugmsvc80:sfdb_handle_management.obj
 0001:0001c8c0       _sf_debug_hm_form_object_boolean_properties 1001d8c0 f   sfc_debugmsvc80:sfdb_handle_management.obj
 0001:0001cb30       _sf_debug_hm_form_object_properties 1001db30 f   sfc_debugmsvc80:sfdb_handle_management.obj
 0001:0001cd30       _sf_debug_hm_terminate_charts 1001dd30 f   sfc_debugmsvc80:sfdb_handle_management.obj
 0001:0001d340       _sf_debug_hm_terminate_machines 1001e340 f   sfc_debugmsvc80:sfdb_handle_management.obj
 0001:0001e910       _void_ptr_stack_vector_free_total 1001f910 f   sfc_debugmsvc80:sfdb_data_browse.obj
 0001:0001e970       _sf_debug_st_terminate_machine 1001f970 f   sfc_debugmsvc80:sfdb_data_browse.obj
 0001:0001e9a0       _sf_debug_st_terminate_instance 1001f9a0 f   sfc_debugmsvc80:sfdb_data_browse.obj
 0001:0001eb20       _push_on_to_void_ptr_stack 1001fb20 f   sfc_debugmsvc80:sfdb_data_browse.obj
 0001:0001ec50       _pop_from_void_ptr_stack   1001fc50 f   sfc_debugmsvc80:sfdb_data_browse.obj
 0001:0001ed50       _sf_debug_st_get_data_value 1001fd50 f   sfc_debugmsvc80:sfdb_data_browse.obj
 0001:0001f200       _mx_value                  10020200 f   sfc_debugmsvc80:sfdb_data_browse.obj
 0001:0001f230       _sf_debug_st_fill_data_struct 10020230 f   sfc_debugmsvc80:sfdb_data_browse.obj
 0001:0001f500       _data_type_format_strings  10020500 f   sfc_debugmsvc80:sfdb_data_browse.obj
 0001:0001f570       _sf_debug_st_fill_data     10020570 f   sfc_debugmsvc80:sfdb_data_browse.obj
 0001:00020330       _sf_debug_ss_copy_dimension 10021330 f   sfc_debugmsvc80:sfdb_symbol_scope.obj
 0001:000203a0       _sf_debug_ss_get_number_elements 100213a0 f   sfc_debugmsvc80:sfdb_symbol_scope.obj
 0001:000203c0       _sf_debug_ss_fill_data_struct 100213c0 f   sfc_debugmsvc80:sfdb_symbol_scope.obj
 0001:000205b0       _sf_debug_ss_reset_data_info 100215b0 f   sfc_debugmsvc80:sfdb_symbol_scope.obj
 0001:00020600       _sf_debug_fill_data_info_by_symbol_scope_entry 10021600 f   sfc_debugmsvc80:sfdb_symbol_scope.obj
 0001:000206b0       _sf_debug_fill_data_info_by_data_vector 100216b0 f   sfc_debugmsvc80:sfdb_symbol_scope.obj
 0001:00020870       _sf_debug_ss_get_data_info 10021870 f   sfc_debugmsvc80:sfdb_symbol_scope.obj
 0001:00020ab0       _sf_debug_select_mex_function 10021ab0 f   sfc_debugmsvc80:sfdb_symbol_scope.obj
 0001:00020ae0       _sf_debug_is_dyn_matrix_initialized 10021ae0 f   sfc_debugmsvc80:sfdb_symbol_scope.obj
 0001:00020b00       _sf_debug_ss_set_data_value_try 10021b00 f   sfc_debugmsvc80:sfdb_symbol_scope.obj
 0001:00020c30       _sf_debug_ss_get_data_value 10021c30 f   sfc_debugmsvc80:sfdb_symbol_scope.obj
 0001:00021010       _sf_debug_ss_data_bytes_string 10022010 f   sfc_debugmsvc80:sfdb_symbol_scope.obj
 0001:00021080       _sf_debug_ss_data_class_string 10022080 f   sfc_debugmsvc80:sfdb_symbol_scope.obj
 0001:000213d0       _sf_debug_ss_data_size_string 100223d0 f   sfc_debugmsvc80:sfdb_symbol_scope.obj
 0001:00021490       _sf_debug_ss_data_create_data_info_struct 10022490 f   sfc_debugmsvc80:sfdb_symbol_scope.obj
 0001:000216f0       _sf_debug_ss_data_create_name_value_pair 100226f0 f   sfc_debugmsvc80:sfdb_symbol_scope.obj
 0001:00021750       _sf_debug_ss_data_get_whos_info 10022750 f   sfc_debugmsvc80:sfdb_symbol_scope.obj
 0001:00021780       _same_named_data_in_data_array 10022780 f   sfc_debugmsvc80:sfdb_symbol_scope.obj
 0001:00022ca0       _sf_debug_cc_terminate_chart 10023ca0 f   sfc_debugmsvc80:sfdb_coverage.obj
 0001:00022f90       _sf_debug_cc_terminate_instance 10023f90 f   sfc_debugmsvc80:sfdb_coverage.obj
 0001:000239a0       _sf_debug_cc_mark_object_if_needed 100249a0 f   sfc_debugmsvc80:sfdb_coverage.obj
 0001:00024120       _sf_debug_bm_initialize_eml 10025120 f   sfc_debugmsvc80:sfdb_breakpoints.obj
 0001:00025100       _sf_debug_bm_map_debug_tag_to_breakpoint_tag 10026100 f   sfc_debugmsvc80:sfdb_breakpoints.obj
 0001:000251a0       _sf_debug_bm_is_a_eml_breakpoint_impl 100261a0 f   sfc_debugmsvc80:sfdb_breakpoints.obj
 0001:00026750       _sf_debug_sc_push_on_error_stack 10027750 f   sfc_debugmsvc80:sfdb_state_consistency.obj
 0001:00026860       _sf_debug_sc_reset_error_stack 10027860 f   sfc_debugmsvc80:sfdb_state_consistency.obj
 0001:000269b0       _sf_debug_sc_is_state_inconsistent 100279b0 f   sfc_debugmsvc80:sfdb_state_consistency.obj
 0001:00026bd0       _sf_debug_sc_fill_consistency_info 10027bd0 f   sfc_debugmsvc80:sfdb_state_consistency.obj
 0001:00027050       _void_assertion_fcn        10028050 f   sfc_debugmsvc80:sfdb_call_stack.obj
 0001:00027540       _sf_debug_tm_fill_local_trace 10028540 f   sfc_debugmsvc80:sfdb_call_stack.obj
 0001:000279c0       _sf_debug_cd_terminate_instance 100289c0 f   sfc_debugmsvc80:sfdb_cycle_detection.obj
 0001:00027a20       _sf_debug_cd_free_checksum_stack 10028a20 f   sfc_debugmsvc80:sfdb_cycle_detection.obj
 0001:00027a50       _sf_debug_cd_reset_pack_strings 10028a50 f   sfc_debugmsvc80:sfdb_cycle_detection.obj
 0001:000280a0       _md5file_clear             100290a0 f   sfc_debugmsvc80:ckmd5.obj
 0001:000280d0       _Encode                    100290d0 f   sfc_debugmsvc80:ckmd5.obj
 0001:00028110       _Decode                    10029110 f   sfc_debugmsvc80:ckmd5.obj
 0001:00028190       _MD5Transform              10029190 f   sfc_debugmsvc80:ckmd5.obj
 0001:00028850       _md5file_addn              10029850 f   sfc_debugmsvc80:ckmd5.obj
 0001:00028900       _md5file_hash              10029900 f   sfc_debugmsvc80:ckmd5.obj
 0001:00028d89       _pre_c_init                10029d89 f   MSVCRT:crtdll.obj
 0001:00028fe1       ___DllMainCRTStartup       10029fe1 f   MSVCRT:crtdll.obj
